{smcl}
{com}{sf}{ul off}{txt}{.-}
      name:  {res}<unnamed>
       {txt}log:  {res}C:\Users\danif\Colmex maestria\TERCER SEMESTRE\MICROECONOMETRIA EPS\TAREAS\TAREA 2\Tarea2_FuentesGarcia.smcl
  {txt}log type:  {res}smcl
 {txt}opened on:  {res}11 Sep 2025, 16:59:16

{com}. do "C:\Users\danif\Colmex maestria\TERCER SEMESTRE\MICROECONOMETRIA EPS\TAREAS\TAREA 2\Tarea2_FuentesGarcia.do"
{txt}
{com}. /******************************************************************************************
> * AUTOR: Daniel Fuentes (Github: danifuentesga )
> * FECHA: 01-sep-2025
> * TEMA: Tarea 2
> * NOTA: Decimales redondeados a dos
> ******************************************************************************************/
. 
. // DEFINIR DIRECTORIO GLOBAL DE TRABAJO
. global basedir "C:\Users\danif\Colmex maestria\TERCER SEMESTRE\MICROECONOMETRIA EPS\TAREAS\TAREA 2"
{txt}
{com}. 
. 
. //#PARTE 2 
. //## a) Replicación de Tabla 2 - Glewwe, Ilias y Kremer (2010)
. //### Panel A: Regresiones largas con tratamiento e interacción
. 
. /******************************************************************************************
> * PANEL A - REGRESIONES LARGAS POR AÑO (CORREGIDO)
> * Se replican las columnas (1) a (4) del Panel A en la Tabla 2 del artículo.
> * Variable dependiente: t (test scores)
> * Variable clave: inc (escuela con incentivos)
> * Controles: sexdum, dummies geográficos (d1-d7), y dummies por grado x materia
> * Errores agrupados por escuela (cluster(s))
> ******************************************************************************************/
. 
. //#### PASO 1: Cargar base de datos
. *------------------------------------------------------------------------------------------*
. use "$basedir\Glewwe_Ilias_Kremer_2010.dta", clear
{txt}
{com}. //#### PASO 2: Filtrar sólo observaciones relevantes para Panel A
. *------------------------------------------------------------------------------------------*
. keep if table2 == "A"
{txt}(148,261 observations deleted)

{com}. 
. //#### PASO 3: Ejecutar regresiones separadas por año escolar
. *------------------------------------------------------------------------------------------*
. * Esta sección replica las columnas (1)-(4) del Panel A
. * Se corre una regresión para cada valor de year (0 a 3)
. * Variable dependiente: t
. * Variable de tratamiento: inc
. * Controles: sexdum, ubicación geográfica, grado x materia
. * Errores robustos agrupados a nivel de escuela (variable s)
. *------------------------------------------------------------------------------------------*
. 
. foreach y in 0 1 2 3 {c -(}
{txt}  2{com}. 
.     display "======================================================================================"
{txt}  3{com}.     display "REGRESIÓN PANEL A - AÑO `y'"
{txt}  4{com}.     display "Variable dependiente: t | Año escolar: `y' | Variable de interés: inc"
{txt}  5{com}.     display "======================================================================================"
{txt}  6{com}. 
.     reg t inc sexdum d1-d7 ///
>         j4k1-j4k7 j5k1-j5k7 j6k1-j6k7 j7k1-j7k7 j8k1-j8k7 ///
>         if year == `y', cluster(s)
{txt}  7{com}. 
. {c )-}
======================================================================================
REGRESIÓN PANEL A - AÑO 0
Variable dependiente: t | Año escolar: 0 | Variable de interés: inc
======================================================================================
{txt}{p 0 6 2}note: {bf:d6} omitted because of collinearity.{p_end}
{p 0 6 2}note: {bf:j4k1} omitted because of collinearity.{p_end}
{p 0 6 2}note: {bf:j4k2} omitted because of collinearity.{p_end}
{p 0 6 2}note: {bf:j4k3} omitted because of collinearity.{p_end}
{p 0 6 2}note: {bf:j4k4} omitted because of collinearity.{p_end}
{p 0 6 2}note: {bf:j4k5} omitted because of collinearity.{p_end}
{p 0 6 2}note: {bf:j4k6} omitted because of collinearity.{p_end}
{p 0 6 2}note: {bf:j4k7} omitted because of collinearity.{p_end}
{p 0 6 2}note: {bf:j7k6} omitted because of collinearity.{p_end}
{p 0 6 2}note: {bf:j8k1} omitted because of collinearity.{p_end}
{p 0 6 2}note: {bf:j8k2} omitted because of collinearity.{p_end}
{p 0 6 2}note: {bf:j8k3} omitted because of collinearity.{p_end}
{p 0 6 2}note: {bf:j8k4} omitted because of collinearity.{p_end}
{p 0 6 2}note: {bf:j8k5} omitted because of collinearity.{p_end}
{p 0 6 2}note: {bf:j8k6} omitted because of collinearity.{p_end}
{p 0 6 2}note: {bf:j8k7} omitted because of collinearity.{p_end}

Linear regression                               Number of obs     = {res}    63,812
                                                {txt}F(28, 99)         =  {res}     1.83
                                                {txt}Prob > F          = {res}    0.0159
                                                {txt}R-squared         = {res}    0.0185
                                                {txt}Root MSE          =    {res} 1.0058

{txt}{ralign 78:(Std. err. adjusted for {res:100} clusters in {res:s})}
{hline 13}{c TT}{hline 11}{hline 11}{hline 9}{hline 8}{hline 13}{hline 12}
{col 14}{c |}{col 26}    Robust
{col 1}           t{col 14}{c |} Coefficient{col 26}  std. err.{col 38}      t{col 46}   P>|t|{col 54}     [95% con{col 67}f. interval]
{hline 13}{c +}{hline 11}{hline 11}{hline 9}{hline 8}{hline 13}{hline 12}
{space 9}inc {c |}{col 14}{res}{space 2} .0360546{col 26}{space 2} .0827621{col 37}{space 1}    0.44{col 46}{space 3}0.664{col 54}{space 4}-.1281633{col 67}{space 3} .2002726
{txt}{space 6}sexdum {c |}{col 14}{res}{space 2} .0704608{col 26}{space 2} .0222653{col 37}{space 1}    3.16{col 46}{space 3}0.002{col 54}{space 4} .0262815{col 67}{space 3}   .11464
{txt}{space 10}d1 {c |}{col 14}{res}{space 2} .0101337{col 26}{space 2} .1431958{col 37}{space 1}    0.07{col 46}{space 3}0.944{col 54}{space 4}-.2739977{col 67}{space 3} .2942652
{txt}{space 10}d2 {c |}{col 14}{res}{space 2} .1464321{col 26}{space 2} .1537473{col 37}{space 1}    0.95{col 46}{space 3}0.343{col 54}{space 4}-.1586358{col 67}{space 3}    .4515
{txt}{space 10}d3 {c |}{col 14}{res}{space 2} .1059574{col 26}{space 2} .1438959{col 37}{space 1}    0.74{col 46}{space 3}0.463{col 54}{space 4}-.1795633{col 67}{space 3} .3914781
{txt}{space 10}d4 {c |}{col 14}{res}{space 2}-.2405046{col 26}{space 2} .1548996{col 37}{space 1}   -1.55{col 46}{space 3}0.124{col 54}{space 4} -.547859{col 67}{space 3} .0668498
{txt}{space 10}d5 {c |}{col 14}{res}{space 2}-.0677264{col 26}{space 2} .1640847{col 37}{space 1}   -0.41{col 46}{space 3}0.681{col 54}{space 4} -.393306{col 67}{space 3} .2578533
{txt}{space 10}d6 {c |}{col 14}{res}{space 2}        0{col 26}{txt}  (omitted)
{space 10}d7 {c |}{col 14}{res}{space 2} .0493165{col 26}{space 2} .1839427{col 37}{space 1}    0.27{col 46}{space 3}0.789{col 54}{space 4}-.3156658{col 67}{space 3} .4142988
{txt}{space 8}j4k1 {c |}{col 14}{res}{space 2}        0{col 26}{txt}  (omitted)
{space 8}j4k2 {c |}{col 14}{res}{space 2}        0{col 26}{txt}  (omitted)
{space 8}j4k3 {c |}{col 14}{res}{space 2}        0{col 26}{txt}  (omitted)
{space 8}j4k4 {c |}{col 14}{res}{space 2}        0{col 26}{txt}  (omitted)
{space 8}j4k5 {c |}{col 14}{res}{space 2}        0{col 26}{txt}  (omitted)
{space 8}j4k6 {c |}{col 14}{res}{space 2}        0{col 26}{txt}  (omitted)
{space 8}j4k7 {c |}{col 14}{res}{space 2}        0{col 26}{txt}  (omitted)
{space 8}j5k1 {c |}{col 14}{res}{space 2}-.0014821{col 26}{space 2} .0610825{col 37}{space 1}   -0.02{col 46}{space 3}0.981{col 54}{space 4}-.1226831{col 67}{space 3} .1197188
{txt}{space 8}j5k2 {c |}{col 14}{res}{space 2}-.0311351{col 26}{space 2}  .053984{col 37}{space 1}   -0.58{col 46}{space 3}0.565{col 54}{space 4}-.1382511{col 67}{space 3}  .075981
{txt}{space 8}j5k3 {c |}{col 14}{res}{space 2}-.0238783{col 26}{space 2} .0627271{col 37}{space 1}   -0.38{col 46}{space 3}0.704{col 54}{space 4}-.1483424{col 67}{space 3} .1005859
{txt}{space 8}j5k4 {c |}{col 14}{res}{space 2}-.0271503{col 26}{space 2} .0604383{col 37}{space 1}   -0.45{col 46}{space 3}0.654{col 54}{space 4} -.147073{col 67}{space 3} .0927725
{txt}{space 8}j5k5 {c |}{col 14}{res}{space 2}-.0255254{col 26}{space 2} .0564582{col 37}{space 1}   -0.45{col 46}{space 3}0.652{col 54}{space 4}-.1375506{col 67}{space 3} .0864999
{txt}{space 8}j5k6 {c |}{col 14}{res}{space 2} .0004741{col 26}{space 2}  .065065{col 37}{space 1}    0.01{col 46}{space 3}0.994{col 54}{space 4}-.1286289{col 67}{space 3} .1295772
{txt}{space 8}j5k7 {c |}{col 14}{res}{space 2}-.0720509{col 26}{space 2} .0636094{col 37}{space 1}   -1.13{col 46}{space 3}0.260{col 54}{space 4}-.1982657{col 67}{space 3} .0541638
{txt}{space 8}j6k1 {c |}{col 14}{res}{space 2} .0059247{col 26}{space 2} .0566168{col 37}{space 1}    0.10{col 46}{space 3}0.917{col 54}{space 4}-.1064153{col 67}{space 3} .1182646
{txt}{space 8}j6k2 {c |}{col 14}{res}{space 2} .0127891{col 26}{space 2} .0507678{col 37}{space 1}    0.25{col 46}{space 3}0.802{col 54}{space 4}-.0879451{col 67}{space 3} .1135234
{txt}{space 8}j6k3 {c |}{col 14}{res}{space 2} .0229714{col 26}{space 2} .0556465{col 37}{space 1}    0.41{col 46}{space 3}0.681{col 54}{space 4}-.0874433{col 67}{space 3} .1333862
{txt}{space 8}j6k4 {c |}{col 14}{res}{space 2}-.0316766{col 26}{space 2} .0500206{col 37}{space 1}   -0.63{col 46}{space 3}0.528{col 54}{space 4}-.1309283{col 67}{space 3} .0675751
{txt}{space 8}j6k5 {c |}{col 14}{res}{space 2} -.009531{col 26}{space 2} .0511075{col 37}{space 1}   -0.19{col 46}{space 3}0.852{col 54}{space 4}-.1109394{col 67}{space 3} .0918774
{txt}{space 8}j6k6 {c |}{col 14}{res}{space 2}-.0340087{col 26}{space 2} .0613675{col 37}{space 1}   -0.55{col 46}{space 3}0.581{col 54}{space 4}-.1557753{col 67}{space 3} .0877578
{txt}{space 8}j6k7 {c |}{col 14}{res}{space 2}-.0251993{col 26}{space 2} .0530904{col 37}{space 1}   -0.47{col 46}{space 3}0.636{col 54}{space 4}-.1305421{col 67}{space 3} .0801435
{txt}{space 8}j7k1 {c |}{col 14}{res}{space 2} .0095733{col 26}{space 2} .0329597{col 37}{space 1}    0.29{col 46}{space 3}0.772{col 54}{space 4}-.0558258{col 67}{space 3} .0749724
{txt}{space 8}j7k2 {c |}{col 14}{res}{space 2}  .004158{col 26}{space 2} .0407592{col 37}{space 1}    0.10{col 46}{space 3}0.919{col 54}{space 4}-.0767172{col 67}{space 3} .0850331
{txt}{space 8}j7k3 {c |}{col 14}{res}{space 2}-.0091975{col 26}{space 2} .0431932{col 37}{space 1}   -0.21{col 46}{space 3}0.832{col 54}{space 4}-.0949022{col 67}{space 3} .0765072
{txt}{space 8}j7k4 {c |}{col 14}{res}{space 2}-.0132541{col 26}{space 2} .0336058{col 37}{space 1}   -0.39{col 46}{space 3}0.694{col 54}{space 4}-.0799353{col 67}{space 3} .0534272
{txt}{space 8}j7k5 {c |}{col 14}{res}{space 2}-.0204771{col 26}{space 2} .0318259{col 37}{space 1}   -0.64{col 46}{space 3}0.521{col 54}{space 4}-.0836265{col 67}{space 3} .0426723
{txt}{space 8}j7k6 {c |}{col 14}{res}{space 2}        0{col 26}{txt}  (omitted)
{space 8}j7k7 {c |}{col 14}{res}{space 2} .0047963{col 26}{space 2} .0316908{col 37}{space 1}    0.15{col 46}{space 3}0.880{col 54}{space 4}-.0580852{col 67}{space 3} .0676778
{txt}{space 8}j8k1 {c |}{col 14}{res}{space 2}        0{col 26}{txt}  (omitted)
{space 8}j8k2 {c |}{col 14}{res}{space 2}        0{col 26}{txt}  (omitted)
{space 8}j8k3 {c |}{col 14}{res}{space 2}        0{col 26}{txt}  (omitted)
{space 8}j8k4 {c |}{col 14}{res}{space 2}        0{col 26}{txt}  (omitted)
{space 8}j8k5 {c |}{col 14}{res}{space 2}        0{col 26}{txt}  (omitted)
{space 8}j8k6 {c |}{col 14}{res}{space 2}        0{col 26}{txt}  (omitted)
{space 8}j8k7 {c |}{col 14}{res}{space 2}        0{col 26}{txt}  (omitted)
{space 7}_cons {c |}{col 14}{res}{space 2} .0196859{col 26}{space 2} .1289841{col 37}{space 1}    0.15{col 46}{space 3}0.879{col 54}{space 4}-.2362466{col 67}{space 3} .2756184
{txt}{hline 13}{c BT}{hline 11}{hline 11}{hline 9}{hline 8}{hline 13}{hline 12}
{res}======================================================================================
REGRESIÓN PANEL A - AÑO 1
Variable dependiente: t | Año escolar: 1 | Variable de interés: inc
======================================================================================
{txt}{p 0 6 2}note: {bf:d3} omitted because of collinearity.{p_end}
{p 0 6 2}note: {bf:j4k7} omitted because of collinearity.{p_end}
{p 0 6 2}note: {bf:j6k7} omitted because of collinearity.{p_end}

Linear regression                               Number of obs     = {res}    73,367
                                                {txt}F(41, 99)         =  {res}     8.51
                                                {txt}Prob > F          = {res}    0.0000
                                                {txt}R-squared         = {res}    0.0719
                                                {txt}Root MSE          =    {res} .96168

{txt}{ralign 78:(Std. err. adjusted for {res:100} clusters in {res:s})}
{hline 13}{c TT}{hline 11}{hline 11}{hline 9}{hline 8}{hline 13}{hline 12}
{col 14}{c |}{col 26}    Robust
{col 1}           t{col 14}{c |} Coefficient{col 26}  std. err.{col 38}      t{col 46}   P>|t|{col 54}     [95% con{col 67}f. interval]
{hline 13}{c +}{hline 11}{hline 11}{hline 9}{hline 8}{hline 13}{hline 12}
{space 9}inc {c |}{col 14}{res}{space 2} .1134104{col 26}{space 2} .0788634{col 37}{space 1}    1.44{col 46}{space 3}0.154{col 54}{space 4}-.0430717{col 67}{space 3} .2698925
{txt}{space 6}sexdum {c |}{col 14}{res}{space 2}  .043254{col 26}{space 2} .0189731{col 37}{space 1}    2.28{col 46}{space 3}0.025{col 54}{space 4} .0056072{col 67}{space 3} .0809008
{txt}{space 10}d1 {c |}{col 14}{res}{space 2} .2476455{col 26}{space 2} .1272669{col 37}{space 1}    1.95{col 46}{space 3}0.055{col 54}{space 4}-.0048796{col 67}{space 3} .5001707
{txt}{space 10}d2 {c |}{col 14}{res}{space 2} .5062169{col 26}{space 2} .1204731{col 37}{space 1}    4.20{col 46}{space 3}0.000{col 54}{space 4} .2671722{col 67}{space 3} .7452617
{txt}{space 10}d3 {c |}{col 14}{res}{space 2}        0{col 26}{txt}  (omitted)
{space 10}d4 {c |}{col 14}{res}{space 2}-.1723387{col 26}{space 2} .1215093{col 37}{space 1}   -1.42{col 46}{space 3}0.159{col 54}{space 4}-.4134394{col 67}{space 3} .0687621
{txt}{space 10}d5 {c |}{col 14}{res}{space 2} -.007526{col 26}{space 2} .1181158{col 37}{space 1}   -0.06{col 46}{space 3}0.949{col 54}{space 4}-.2418934{col 67}{space 3} .2268414
{txt}{space 10}d6 {c |}{col 14}{res}{space 2} .1874947{col 26}{space 2} .1709696{col 37}{space 1}    1.10{col 46}{space 3}0.275{col 54}{space 4}-.1517461{col 67}{space 3} .5267355
{txt}{space 10}d7 {c |}{col 14}{res}{space 2} .0754018{col 26}{space 2} .1746738{col 37}{space 1}    0.43{col 46}{space 3}0.667{col 54}{space 4} -.271189{col 67}{space 3} .4219926
{txt}{space 8}j4k1 {c |}{col 14}{res}{space 2}-.0177132{col 26}{space 2}    .0718{col 37}{space 1}   -0.25{col 46}{space 3}0.806{col 54}{space 4}-.1601799{col 67}{space 3} .1247536
{txt}{space 8}j4k2 {c |}{col 14}{res}{space 2} .0033792{col 26}{space 2} .0677125{col 37}{space 1}    0.05{col 46}{space 3}0.960{col 54}{space 4}-.1309771{col 67}{space 3} .1377354
{txt}{space 8}j4k3 {c |}{col 14}{res}{space 2} -.011906{col 26}{space 2} .0718247{col 37}{space 1}   -0.17{col 46}{space 3}0.869{col 54}{space 4}-.1544217{col 67}{space 3} .1306097
{txt}{space 8}j4k4 {c |}{col 14}{res}{space 2}-.0348675{col 26}{space 2} .0665982{col 37}{space 1}   -0.52{col 46}{space 3}0.602{col 54}{space 4}-.1670129{col 67}{space 3} .0972778
{txt}{space 8}j4k5 {c |}{col 14}{res}{space 2}-.0701172{col 26}{space 2} .0703495{col 37}{space 1}   -1.00{col 46}{space 3}0.321{col 54}{space 4}-.2097058{col 67}{space 3} .0694714
{txt}{space 8}j4k6 {c |}{col 14}{res}{space 2}-.0159538{col 26}{space 2} .0717066{col 37}{space 1}   -0.22{col 46}{space 3}0.824{col 54}{space 4}-.1582352{col 67}{space 3} .1263277
{txt}{space 8}j4k7 {c |}{col 14}{res}{space 2}        0{col 26}{txt}  (omitted)
{space 8}j5k1 {c |}{col 14}{res}{space 2} .0190354{col 26}{space 2} .0483091{col 37}{space 1}    0.39{col 46}{space 3}0.694{col 54}{space 4}-.0768204{col 67}{space 3} .1148911
{txt}{space 8}j5k2 {c |}{col 14}{res}{space 2} .0139627{col 26}{space 2}  .046583{col 37}{space 1}    0.30{col 46}{space 3}0.765{col 54}{space 4}-.0784681{col 67}{space 3} .1063935
{txt}{space 8}j5k3 {c |}{col 14}{res}{space 2} .0177565{col 26}{space 2} .0516351{col 37}{space 1}    0.34{col 46}{space 3}0.732{col 54}{space 4}-.0846987{col 67}{space 3} .1202118
{txt}{space 8}j5k4 {c |}{col 14}{res}{space 2}-.0042129{col 26}{space 2}  .051825{col 37}{space 1}   -0.08{col 46}{space 3}0.935{col 54}{space 4} -.107045{col 67}{space 3} .0986192
{txt}{space 8}j5k5 {c |}{col 14}{res}{space 2} .0046186{col 26}{space 2} .0482951{col 37}{space 1}    0.10{col 46}{space 3}0.924{col 54}{space 4}-.0912094{col 67}{space 3} .1004465
{txt}{space 8}j5k6 {c |}{col 14}{res}{space 2} .0177754{col 26}{space 2} .0479717{col 37}{space 1}    0.37{col 46}{space 3}0.712{col 54}{space 4}-.0774108{col 67}{space 3} .1129616
{txt}{space 8}j5k7 {c |}{col 14}{res}{space 2}-.0729821{col 26}{space 2} .0684336{col 37}{space 1}   -1.07{col 46}{space 3}0.289{col 54}{space 4}-.2087692{col 67}{space 3}  .062805
{txt}{space 8}j6k1 {c |}{col 14}{res}{space 2}-.0055906{col 26}{space 2} .0338855{col 37}{space 1}   -0.16{col 46}{space 3}0.869{col 54}{space 4}-.0728268{col 67}{space 3} .0616455
{txt}{space 8}j6k2 {c |}{col 14}{res}{space 2} .0454124{col 26}{space 2} .0372891{col 37}{space 1}    1.22{col 46}{space 3}0.226{col 54}{space 4}-.0285774{col 67}{space 3} .1194021
{txt}{space 8}j6k3 {c |}{col 14}{res}{space 2}-.0460294{col 26}{space 2} .0320975{col 37}{space 1}   -1.43{col 46}{space 3}0.155{col 54}{space 4}-.1097177{col 67}{space 3}  .017659
{txt}{space 8}j6k4 {c |}{col 14}{res}{space 2}-.0181879{col 26}{space 2} .0247332{col 37}{space 1}   -0.74{col 46}{space 3}0.464{col 54}{space 4}-.0672638{col 67}{space 3} .0308881
{txt}{space 8}j6k5 {c |}{col 14}{res}{space 2}-.0018351{col 26}{space 2} .0283079{col 37}{space 1}   -0.06{col 46}{space 3}0.948{col 54}{space 4}-.0580042{col 67}{space 3} .0543339
{txt}{space 8}j6k6 {c |}{col 14}{res}{space 2} -.010052{col 26}{space 2} .0318349{col 37}{space 1}   -0.32{col 46}{space 3}0.753{col 54}{space 4}-.0732193{col 67}{space 3} .0531154
{txt}{space 8}j6k7 {c |}{col 14}{res}{space 2}        0{col 26}{txt}  (omitted)
{space 8}j7k1 {c |}{col 14}{res}{space 2}-.1995512{col 26}{space 2} .1092759{col 37}{space 1}   -1.83{col 46}{space 3}0.071{col 54}{space 4}-.4163784{col 67}{space 3} .0172759
{txt}{space 8}j7k2 {c |}{col 14}{res}{space 2}-.2351418{col 26}{space 2} .1064398{col 37}{space 1}   -2.21{col 46}{space 3}0.029{col 54}{space 4}-.4463414{col 67}{space 3}-.0239422
{txt}{space 8}j7k3 {c |}{col 14}{res}{space 2} -.236477{col 26}{space 2} .1065193{col 37}{space 1}   -2.22{col 46}{space 3}0.029{col 54}{space 4}-.4478345{col 67}{space 3}-.0251196
{txt}{space 8}j7k4 {c |}{col 14}{res}{space 2}  -.22241{col 26}{space 2} .1062051{col 37}{space 1}   -2.09{col 46}{space 3}0.039{col 54}{space 4} -.433144{col 67}{space 3} -.011676
{txt}{space 8}j7k5 {c |}{col 14}{res}{space 2}-.2106508{col 26}{space 2} .1078929{col 37}{space 1}   -1.95{col 46}{space 3}0.054{col 54}{space 4}-.4247337{col 67}{space 3} .0034321
{txt}{space 8}j7k6 {c |}{col 14}{res}{space 2}-.2427561{col 26}{space 2} .1043352{col 37}{space 1}   -2.33{col 46}{space 3}0.022{col 54}{space 4}-.4497798{col 67}{space 3}-.0357324
{txt}{space 8}j7k7 {c |}{col 14}{res}{space 2}-.2300286{col 26}{space 2} .1067232{col 37}{space 1}   -2.16{col 46}{space 3}0.034{col 54}{space 4}-.4417907{col 67}{space 3}-.0182666
{txt}{space 8}j8k1 {c |}{col 14}{res}{space 2} .2856272{col 26}{space 2} .2263442{col 37}{space 1}    1.26{col 46}{space 3}0.210{col 54}{space 4}-.1634889{col 67}{space 3} .7347432
{txt}{space 8}j8k2 {c |}{col 14}{res}{space 2} .0087057{col 26}{space 2} .0817404{col 37}{space 1}    0.11{col 46}{space 3}0.915{col 54}{space 4} -.153485{col 67}{space 3} .1708965
{txt}{space 8}j8k3 {c |}{col 14}{res}{space 2} .1819289{col 26}{space 2} .1713892{col 37}{space 1}    1.06{col 46}{space 3}0.291{col 54}{space 4}-.1581445{col 67}{space 3} .5220022
{txt}{space 8}j8k4 {c |}{col 14}{res}{space 2} .1863881{col 26}{space 2} .1806137{col 37}{space 1}    1.03{col 46}{space 3}0.305{col 54}{space 4}-.1719887{col 67}{space 3}  .544765
{txt}{space 8}j8k5 {c |}{col 14}{res}{space 2}  .123256{col 26}{space 2} .1419568{col 37}{space 1}    0.87{col 46}{space 3}0.387{col 54}{space 4} -.158417{col 67}{space 3} .4049291
{txt}{space 8}j8k6 {c |}{col 14}{res}{space 2} .2137528{col 26}{space 2} .2003772{col 37}{space 1}    1.07{col 46}{space 3}0.289{col 54}{space 4}-.1838391{col 67}{space 3} .6113446
{txt}{space 8}j8k7 {c |}{col 14}{res}{space 2} .0739373{col 26}{space 2} .1021609{col 37}{space 1}    0.72{col 46}{space 3}0.471{col 54}{space 4} -.128772{col 67}{space 3} .2766467
{txt}{space 7}_cons {c |}{col 14}{res}{space 2}-.0075351{col 26}{space 2} .1192935{col 37}{space 1}   -0.06{col 46}{space 3}0.950{col 54}{space 4}-.2442393{col 67}{space 3} .2291692
{txt}{hline 13}{c BT}{hline 11}{hline 11}{hline 9}{hline 8}{hline 13}{hline 12}
{res}======================================================================================
REGRESIÓN PANEL A - AÑO 2
Variable dependiente: t | Año escolar: 2 | Variable de interés: inc
======================================================================================
{txt}{p 0 6 2}note: {bf:d3} omitted because of collinearity.{p_end}
{p 0 6 2}note: {bf:j4k1} omitted because of collinearity.{p_end}
{p 0 6 2}note: {bf:j4k2} omitted because of collinearity.{p_end}
{p 0 6 2}note: {bf:j4k3} omitted because of collinearity.{p_end}
{p 0 6 2}note: {bf:j4k4} omitted because of collinearity.{p_end}
{p 0 6 2}note: {bf:j4k5} omitted because of collinearity.{p_end}
{p 0 6 2}note: {bf:j4k6} omitted because of collinearity.{p_end}
{p 0 6 2}note: {bf:j4k7} omitted because of collinearity.{p_end}
{p 0 6 2}note: {bf:j5k7} omitted because of collinearity.{p_end}
{p 0 6 2}note: {bf:j8k7} omitted because of collinearity.{p_end}

Linear regression                               Number of obs     = {res}    73,789
                                                {txt}F(34, 98)         =  {res}     3.73
                                                {txt}Prob > F          = {res}    0.0000
                                                {txt}R-squared         = {res}    0.0286
                                                {txt}Root MSE          =    {res} 1.0691

{txt}{ralign 78:(Std. err. adjusted for {res:99} clusters in {res:s})}
{hline 13}{c TT}{hline 11}{hline 11}{hline 9}{hline 8}{hline 13}{hline 12}
{col 14}{c |}{col 26}    Robust
{col 1}           t{col 14}{c |} Coefficient{col 26}  std. err.{col 38}      t{col 46}   P>|t|{col 54}     [95% con{col 67}f. interval]
{hline 13}{c +}{hline 11}{hline 11}{hline 9}{hline 8}{hline 13}{hline 12}
{space 9}inc {c |}{col 14}{res}{space 2} .2154564{col 26}{space 2} .0746865{col 37}{space 1}    2.88{col 46}{space 3}0.005{col 54}{space 4} .0672435{col 67}{space 3} .3636692
{txt}{space 6}sexdum {c |}{col 14}{res}{space 2} .1429793{col 26}{space 2} .0248584{col 37}{space 1}    5.75{col 46}{space 3}0.000{col 54}{space 4} .0936486{col 67}{space 3}   .19231
{txt}{space 10}d1 {c |}{col 14}{res}{space 2}-.1668296{col 26}{space 2} .1042424{col 37}{space 1}   -1.60{col 46}{space 3}0.113{col 54}{space 4}-.3736953{col 67}{space 3} .0400361
{txt}{space 10}d2 {c |}{col 14}{res}{space 2}-.1658533{col 26}{space 2} .0877117{col 37}{space 1}   -1.89{col 46}{space 3}0.062{col 54}{space 4}-.3399142{col 67}{space 3} .0082077
{txt}{space 10}d3 {c |}{col 14}{res}{space 2}        0{col 26}{txt}  (omitted)
{space 10}d4 {c |}{col 14}{res}{space 2}-.4046227{col 26}{space 2} .0998894{col 37}{space 1}   -4.05{col 46}{space 3}0.000{col 54}{space 4}-.6028499{col 67}{space 3}-.2063955
{txt}{space 10}d5 {c |}{col 14}{res}{space 2}-.1859092{col 26}{space 2} .1218097{col 37}{space 1}   -1.53{col 46}{space 3}0.130{col 54}{space 4}-.4276365{col 67}{space 3} .0558182
{txt}{space 10}d6 {c |}{col 14}{res}{space 2}-.1654174{col 26}{space 2} .1510443{col 37}{space 1}   -1.10{col 46}{space 3}0.276{col 54}{space 4}-.4651599{col 67}{space 3} .1343252
{txt}{space 10}d7 {c |}{col 14}{res}{space 2}-.1168895{col 26}{space 2} .1476999{col 37}{space 1}   -0.79{col 46}{space 3}0.431{col 54}{space 4}-.4099952{col 67}{space 3} .1762161
{txt}{space 8}j4k1 {c |}{col 14}{res}{space 2}        0{col 26}{txt}  (omitted)
{space 8}j4k2 {c |}{col 14}{res}{space 2}        0{col 26}{txt}  (omitted)
{space 8}j4k3 {c |}{col 14}{res}{space 2}        0{col 26}{txt}  (omitted)
{space 8}j4k4 {c |}{col 14}{res}{space 2}        0{col 26}{txt}  (omitted)
{space 8}j4k5 {c |}{col 14}{res}{space 2}        0{col 26}{txt}  (omitted)
{space 8}j4k6 {c |}{col 14}{res}{space 2}        0{col 26}{txt}  (omitted)
{space 8}j4k7 {c |}{col 14}{res}{space 2}        0{col 26}{txt}  (omitted)
{space 8}j5k1 {c |}{col 14}{res}{space 2} .0399693{col 26}{space 2} .0474323{col 37}{space 1}    0.84{col 46}{space 3}0.401{col 54}{space 4}-.0541586{col 67}{space 3} .1340972
{txt}{space 8}j5k2 {c |}{col 14}{res}{space 2} .0969914{col 26}{space 2} .0498525{col 37}{space 1}    1.95{col 46}{space 3}0.055{col 54}{space 4}-.0019392{col 67}{space 3} .1959221
{txt}{space 8}j5k3 {c |}{col 14}{res}{space 2} .0693063{col 26}{space 2} .0515431{col 37}{space 1}    1.34{col 46}{space 3}0.182{col 54}{space 4}-.0329793{col 67}{space 3} .1715919
{txt}{space 8}j5k4 {c |}{col 14}{res}{space 2} .0889266{col 26}{space 2} .0479836{col 37}{space 1}    1.85{col 46}{space 3}0.067{col 54}{space 4}-.0062952{col 67}{space 3} .1841484
{txt}{space 8}j5k5 {c |}{col 14}{res}{space 2} .0948369{col 26}{space 2} .0522136{col 37}{space 1}    1.82{col 46}{space 3}0.072{col 54}{space 4}-.0087793{col 67}{space 3} .1984532
{txt}{space 8}j5k6 {c |}{col 14}{res}{space 2} .0717052{col 26}{space 2}  .048944{col 37}{space 1}    1.47{col 46}{space 3}0.146{col 54}{space 4}-.0254225{col 67}{space 3}  .168833
{txt}{space 8}j5k7 {c |}{col 14}{res}{space 2}        0{col 26}{txt}  (omitted)
{space 8}j6k1 {c |}{col 14}{res}{space 2} .0368072{col 26}{space 2} .0429562{col 37}{space 1}    0.86{col 46}{space 3}0.394{col 54}{space 4} -.048438{col 67}{space 3} .1220524
{txt}{space 8}j6k2 {c |}{col 14}{res}{space 2} .0683785{col 26}{space 2}  .045164{col 37}{space 1}    1.51{col 46}{space 3}0.133{col 54}{space 4}-.0212479{col 67}{space 3} .1580048
{txt}{space 8}j6k3 {c |}{col 14}{res}{space 2} .0691378{col 26}{space 2} .0467458{col 37}{space 1}    1.48{col 46}{space 3}0.142{col 54}{space 4}-.0236277{col 67}{space 3} .1619033
{txt}{space 8}j6k4 {c |}{col 14}{res}{space 2} .0695689{col 26}{space 2} .0477593{col 37}{space 1}    1.46{col 46}{space 3}0.148{col 54}{space 4}-.0252078{col 67}{space 3} .1643456
{txt}{space 8}j6k5 {c |}{col 14}{res}{space 2} .0797587{col 26}{space 2} .0466769{col 37}{space 1}    1.71{col 46}{space 3}0.091{col 54}{space 4}-.0128701{col 67}{space 3} .1723876
{txt}{space 8}j6k6 {c |}{col 14}{res}{space 2} .0355671{col 26}{space 2} .0442318{col 37}{space 1}    0.80{col 46}{space 3}0.423{col 54}{space 4}-.0522094{col 67}{space 3} .1233436
{txt}{space 8}j6k7 {c |}{col 14}{res}{space 2} .0745851{col 26}{space 2}  .047428{col 37}{space 1}    1.57{col 46}{space 3}0.119{col 54}{space 4}-.0195342{col 67}{space 3} .1687044
{txt}{space 8}j7k1 {c |}{col 14}{res}{space 2} .0169025{col 26}{space 2} .0371506{col 37}{space 1}    0.45{col 46}{space 3}0.650{col 54}{space 4}-.0568216{col 67}{space 3} .0906266
{txt}{space 8}j7k2 {c |}{col 14}{res}{space 2} .0498878{col 26}{space 2} .0385488{col 37}{space 1}    1.29{col 46}{space 3}0.199{col 54}{space 4} -.026611{col 67}{space 3} .1263865
{txt}{space 8}j7k3 {c |}{col 14}{res}{space 2}  .036578{col 26}{space 2} .0408246{col 37}{space 1}    0.90{col 46}{space 3}0.372{col 54}{space 4}-.0444372{col 67}{space 3} .1175931
{txt}{space 8}j7k4 {c |}{col 14}{res}{space 2} .0430607{col 26}{space 2} .0457954{col 37}{space 1}    0.94{col 46}{space 3}0.349{col 54}{space 4}-.0478189{col 67}{space 3} .1339402
{txt}{space 8}j7k5 {c |}{col 14}{res}{space 2} .0822569{col 26}{space 2} .0407373{col 37}{space 1}    2.02{col 46}{space 3}0.046{col 54}{space 4} .0014151{col 67}{space 3} .1630988
{txt}{space 8}j7k6 {c |}{col 14}{res}{space 2} .0017138{col 26}{space 2} .0374435{col 37}{space 1}    0.05{col 46}{space 3}0.964{col 54}{space 4}-.0725917{col 67}{space 3} .0760192
{txt}{space 8}j7k7 {c |}{col 14}{res}{space 2} .0650088{col 26}{space 2} .0392567{col 37}{space 1}    1.66{col 46}{space 3}0.101{col 54}{space 4}-.0128949{col 67}{space 3} .1429124
{txt}{space 8}j8k1 {c |}{col 14}{res}{space 2} -.027354{col 26}{space 2} .0224817{col 37}{space 1}   -1.22{col 46}{space 3}0.227{col 54}{space 4}-.0719683{col 67}{space 3} .0172603
{txt}{space 8}j8k2 {c |}{col 14}{res}{space 2} .0012853{col 26}{space 2} .0249704{col 37}{space 1}    0.05{col 46}{space 3}0.959{col 54}{space 4}-.0482677{col 67}{space 3} .0508383
{txt}{space 8}j8k3 {c |}{col 14}{res}{space 2}-.0173869{col 26}{space 2} .0275051{col 37}{space 1}   -0.63{col 46}{space 3}0.529{col 54}{space 4}-.0719698{col 67}{space 3} .0371961
{txt}{space 8}j8k4 {c |}{col 14}{res}{space 2}-.0128154{col 26}{space 2} .0263217{col 37}{space 1}   -0.49{col 46}{space 3}0.627{col 54}{space 4}  -.06505{col 67}{space 3} .0394193
{txt}{space 8}j8k5 {c |}{col 14}{res}{space 2} .0338635{col 26}{space 2}  .018653{col 37}{space 1}    1.82{col 46}{space 3}0.073{col 54}{space 4}-.0031528{col 67}{space 3} .0708797
{txt}{space 8}j8k6 {c |}{col 14}{res}{space 2}-.0341119{col 26}{space 2} .0210013{col 37}{space 1}   -1.62{col 46}{space 3}0.108{col 54}{space 4}-.0757882{col 67}{space 3} .0075645
{txt}{space 8}j8k7 {c |}{col 14}{res}{space 2}        0{col 26}{txt}  (omitted)
{space 7}_cons {c |}{col 14}{res}{space 2} .0877954{col 26}{space 2} .0783508{col 37}{space 1}    1.12{col 46}{space 3}0.265{col 54}{space 4}-.0676891{col 67}{space 3}   .24328
{txt}{hline 13}{c BT}{hline 11}{hline 11}{hline 9}{hline 8}{hline 13}{hline 12}
{res}======================================================================================
REGRESIÓN PANEL A - AÑO 3
Variable dependiente: t | Año escolar: 3 | Variable de interés: inc
======================================================================================
{txt}{p 0 6 2}note: {bf:d3} omitted because of collinearity.{p_end}
{p 0 6 2}note: {bf:j4k7} omitted because of collinearity.{p_end}
{p 0 6 2}note: {bf:j5k7} omitted because of collinearity.{p_end}

Linear regression                               Number of obs     = {res}    57,674
                                                {txt}F(41, 98)         =  {res}     5.63
                                                {txt}Prob > F          = {res}    0.0000
                                                {txt}R-squared         = {res}    0.0187
                                                {txt}Root MSE          =    {res} 1.0081

{txt}{ralign 78:(Std. err. adjusted for {res:99} clusters in {res:s})}
{hline 13}{c TT}{hline 11}{hline 11}{hline 9}{hline 8}{hline 13}{hline 12}
{col 14}{c |}{col 26}    Robust
{col 1}           t{col 14}{c |} Coefficient{col 26}  std. err.{col 38}      t{col 46}   P>|t|{col 54}     [95% con{col 67}f. interval]
{hline 13}{c +}{hline 11}{hline 11}{hline 9}{hline 8}{hline 13}{hline 12}
{space 9}inc {c |}{col 14}{res}{space 2} .0258681{col 26}{space 2}  .059697{col 37}{space 1}    0.43{col 46}{space 3}0.666{col 54}{space 4}-.0925987{col 67}{space 3} .1443349
{txt}{space 6}sexdum {c |}{col 14}{res}{space 2} .1218016{col 26}{space 2} .0243943{col 37}{space 1}    4.99{col 46}{space 3}0.000{col 54}{space 4} .0733919{col 67}{space 3} .1702113
{txt}{space 10}d1 {c |}{col 14}{res}{space 2}-.0223579{col 26}{space 2} .1292681{col 37}{space 1}   -0.17{col 46}{space 3}0.863{col 54}{space 4}-.2788862{col 67}{space 3} .2341704
{txt}{space 10}d2 {c |}{col 14}{res}{space 2} .1520994{col 26}{space 2} .1035034{col 37}{space 1}    1.47{col 46}{space 3}0.145{col 54}{space 4}-.0532997{col 67}{space 3} .3574986
{txt}{space 10}d3 {c |}{col 14}{res}{space 2}        0{col 26}{txt}  (omitted)
{space 10}d4 {c |}{col 14}{res}{space 2}-.1399458{col 26}{space 2} .1087593{col 37}{space 1}   -1.29{col 46}{space 3}0.201{col 54}{space 4}-.3557751{col 67}{space 3} .0758835
{txt}{space 10}d5 {c |}{col 14}{res}{space 2} .1238132{col 26}{space 2} .1112531{col 37}{space 1}    1.11{col 46}{space 3}0.268{col 54}{space 4}-.0969651{col 67}{space 3} .3445914
{txt}{space 10}d6 {c |}{col 14}{res}{space 2}-.0299769{col 26}{space 2}  .144574{col 37}{space 1}   -0.21{col 46}{space 3}0.836{col 54}{space 4}-.3168794{col 67}{space 3} .2569255
{txt}{space 10}d7 {c |}{col 14}{res}{space 2} .1712689{col 26}{space 2} .1520364{col 37}{space 1}    1.13{col 46}{space 3}0.263{col 54}{space 4}-.1304425{col 67}{space 3} .4729802
{txt}{space 8}j4k1 {c |}{col 14}{res}{space 2} .1506347{col 26}{space 2} .1453266{col 37}{space 1}    1.04{col 46}{space 3}0.303{col 54}{space 4}-.1377613{col 67}{space 3} .4390306
{txt}{space 8}j4k2 {c |}{col 14}{res}{space 2} .2033289{col 26}{space 2} .1612278{col 37}{space 1}    1.26{col 46}{space 3}0.210{col 54}{space 4}-.1166224{col 67}{space 3} .5232802
{txt}{space 8}j4k3 {c |}{col 14}{res}{space 2} .1091941{col 26}{space 2} .1418933{col 37}{space 1}    0.77{col 46}{space 3}0.443{col 54}{space 4}-.1723885{col 67}{space 3} .3907767
{txt}{space 8}j4k4 {c |}{col 14}{res}{space 2} .1346211{col 26}{space 2} .1518133{col 37}{space 1}    0.89{col 46}{space 3}0.377{col 54}{space 4}-.1666475{col 67}{space 3} .4358897
{txt}{space 8}j4k5 {c |}{col 14}{res}{space 2} .1171029{col 26}{space 2} .1259839{col 37}{space 1}    0.93{col 46}{space 3}0.355{col 54}{space 4}-.1329082{col 67}{space 3} .3671139
{txt}{space 8}j4k6 {c |}{col 14}{res}{space 2}  .109866{col 26}{space 2} .1434895{col 37}{space 1}    0.77{col 46}{space 3}0.446{col 54}{space 4}-.1748843{col 67}{space 3} .3946163
{txt}{space 8}j4k7 {c |}{col 14}{res}{space 2}        0{col 26}{txt}  (omitted)
{space 8}j5k1 {c |}{col 14}{res}{space 2}  .064727{col 26}{space 2} .1044548{col 37}{space 1}    0.62{col 46}{space 3}0.537{col 54}{space 4}-.1425602{col 67}{space 3} .2720141
{txt}{space 8}j5k2 {c |}{col 14}{res}{space 2} .0571333{col 26}{space 2} .1067408{col 37}{space 1}    0.54{col 46}{space 3}0.594{col 54}{space 4}-.1546903{col 67}{space 3} .2689569
{txt}{space 8}j5k3 {c |}{col 14}{res}{space 2}  .062703{col 26}{space 2} .0986005{col 37}{space 1}    0.64{col 46}{space 3}0.526{col 54}{space 4}-.1329665{col 67}{space 3} .2583724
{txt}{space 8}j5k4 {c |}{col 14}{res}{space 2} .0695818{col 26}{space 2} .1097102{col 37}{space 1}    0.63{col 46}{space 3}0.527{col 54}{space 4}-.1481346{col 67}{space 3} .2872982
{txt}{space 8}j5k5 {c |}{col 14}{res}{space 2} .0703919{col 26}{space 2} .1033594{col 37}{space 1}    0.68{col 46}{space 3}0.497{col 54}{space 4}-.1347216{col 67}{space 3} .2755053
{txt}{space 8}j5k6 {c |}{col 14}{res}{space 2} .0957288{col 26}{space 2} .1111347{col 37}{space 1}    0.86{col 46}{space 3}0.391{col 54}{space 4}-.1248144{col 67}{space 3} .3162721
{txt}{space 8}j5k7 {c |}{col 14}{res}{space 2}        0{col 26}{txt}  (omitted)
{space 8}j6k1 {c |}{col 14}{res}{space 2} .0216065{col 26}{space 2} .1002655{col 37}{space 1}    0.22{col 46}{space 3}0.830{col 54}{space 4}-.1773671{col 67}{space 3}   .22058
{txt}{space 8}j6k2 {c |}{col 14}{res}{space 2}-.0012241{col 26}{space 2} .0980056{col 37}{space 1}   -0.01{col 46}{space 3}0.990{col 54}{space 4} -.195713{col 67}{space 3} .1932649
{txt}{space 8}j6k3 {c |}{col 14}{res}{space 2} .0178915{col 26}{space 2} .0970711{col 37}{space 1}    0.18{col 46}{space 3}0.854{col 54}{space 4} -.174743{col 67}{space 3} .2105259
{txt}{space 8}j6k4 {c |}{col 14}{res}{space 2} .0360402{col 26}{space 2} .1000003{col 37}{space 1}    0.36{col 46}{space 3}0.719{col 54}{space 4}-.1624071{col 67}{space 3} .2344876
{txt}{space 8}j6k5 {c |}{col 14}{res}{space 2} .0305411{col 26}{space 2}  .103056{col 37}{space 1}    0.30{col 46}{space 3}0.768{col 54}{space 4}-.1739702{col 67}{space 3} .2350525
{txt}{space 8}j6k6 {c |}{col 14}{res}{space 2} .0095994{col 26}{space 2} .0963554{col 37}{space 1}    0.10{col 46}{space 3}0.921{col 54}{space 4}-.1816147{col 67}{space 3} .2008135
{txt}{space 8}j6k7 {c |}{col 14}{res}{space 2} .0216254{col 26}{space 2} .1030435{col 37}{space 1}    0.21{col 46}{space 3}0.834{col 54}{space 4}-.1828611{col 67}{space 3} .2261119
{txt}{space 8}j7k1 {c |}{col 14}{res}{space 2} .0690754{col 26}{space 2} .1021723{col 37}{space 1}    0.68{col 46}{space 3}0.501{col 54}{space 4}-.1336823{col 67}{space 3} .2718331
{txt}{space 8}j7k2 {c |}{col 14}{res}{space 2} .0530536{col 26}{space 2} .1037741{col 37}{space 1}    0.51{col 46}{space 3}0.610{col 54}{space 4}-.1528828{col 67}{space 3} .2589899
{txt}{space 8}j7k3 {c |}{col 14}{res}{space 2}  .075657{col 26}{space 2} .0998098{col 37}{space 1}    0.76{col 46}{space 3}0.450{col 54}{space 4}-.1224123{col 67}{space 3} .2737263
{txt}{space 8}j7k4 {c |}{col 14}{res}{space 2} .1204335{col 26}{space 2} .1047169{col 37}{space 1}    1.15{col 46}{space 3}0.253{col 54}{space 4}-.0873738{col 67}{space 3} .3282407
{txt}{space 8}j7k5 {c |}{col 14}{res}{space 2} .0760866{col 26}{space 2} .1008515{col 37}{space 1}    0.75{col 46}{space 3}0.452{col 54}{space 4}-.1240499{col 67}{space 3} .2762231
{txt}{space 8}j7k6 {c |}{col 14}{res}{space 2} .0815813{col 26}{space 2} .1063799{col 37}{space 1}    0.77{col 46}{space 3}0.445{col 54}{space 4}-.1295261{col 67}{space 3} .2926888
{txt}{space 8}j7k7 {c |}{col 14}{res}{space 2} .0888226{col 26}{space 2} .1031837{col 37}{space 1}    0.86{col 46}{space 3}0.391{col 54}{space 4} -.115942{col 67}{space 3} .2935872
{txt}{space 8}j8k1 {c |}{col 14}{res}{space 2} .1158823{col 26}{space 2} .1060146{col 37}{space 1}    1.09{col 46}{space 3}0.277{col 54}{space 4}-.0945002{col 67}{space 3} .3262648
{txt}{space 8}j8k2 {c |}{col 14}{res}{space 2} .1371596{col 26}{space 2} .1034715{col 37}{space 1}    1.33{col 46}{space 3}0.188{col 54}{space 4}-.0681761{col 67}{space 3} .3424954
{txt}{space 8}j8k3 {c |}{col 14}{res}{space 2} .1244266{col 26}{space 2} .1049551{col 37}{space 1}    1.19{col 46}{space 3}0.239{col 54}{space 4}-.0838533{col 67}{space 3} .3327065
{txt}{space 8}j8k4 {c |}{col 14}{res}{space 2} .1249552{col 26}{space 2} .1046411{col 37}{space 1}    1.19{col 46}{space 3}0.235{col 54}{space 4}-.0827017{col 67}{space 3} .3326121
{txt}{space 8}j8k5 {c |}{col 14}{res}{space 2}  .134052{col 26}{space 2} .1061371{col 37}{space 1}    1.26{col 46}{space 3}0.210{col 54}{space 4}-.0765735{col 67}{space 3} .3446775
{txt}{space 8}j8k6 {c |}{col 14}{res}{space 2} .0863871{col 26}{space 2} .1011928{col 37}{space 1}    0.85{col 46}{space 3}0.395{col 54}{space 4}-.1144266{col 67}{space 3} .2872009
{txt}{space 8}j8k7 {c |}{col 14}{res}{space 2} .1244463{col 26}{space 2} .1035298{col 37}{space 1}    1.20{col 46}{space 3}0.232{col 54}{space 4}-.0810053{col 67}{space 3} .3298979
{txt}{space 7}_cons {c |}{col 14}{res}{space 2}-.1405909{col 26}{space 2} .1357109{col 37}{space 1}   -1.04{col 46}{space 3}0.303{col 54}{space 4}-.4099048{col 67}{space 3}  .128723
{txt}{hline 13}{c BT}{hline 11}{hline 11}{hline 9}{hline 8}{hline 13}{hline 12}
{res}{txt}
{com}. 
. //#### PASO 4: Guardar resultados de Panel A en eststo
. *------------------------------------------------------------------------------------------*
. * Creamos 4 regresiones (una por año) y guardamos cada modelo con eststo
. * Luego exportamos la tabla resumen con coef, error estándar y obs
. *------------------------------------------------------------------------------------------*
. 
. eststo clear
{txt}
{com}. 
. foreach y in 0 1 2 3 {c -(}
{txt}  2{com}.     
.     eststo year`y': reg t inc sexdum d1-d7 ///
>         j4k1-j4k7 j5k1-j5k7 j6k1-j6k7 j7k1-j7k7 j8k1-j8k7 ///
>         if year == `y', cluster(s)
{txt}  3{com}. 
. {c )-}
{txt}{p 0 6 2}note: {bf:d6} omitted because of collinearity.{p_end}
{p 0 6 2}note: {bf:j4k1} omitted because of collinearity.{p_end}
{p 0 6 2}note: {bf:j4k2} omitted because of collinearity.{p_end}
{p 0 6 2}note: {bf:j4k3} omitted because of collinearity.{p_end}
{p 0 6 2}note: {bf:j4k4} omitted because of collinearity.{p_end}
{p 0 6 2}note: {bf:j4k5} omitted because of collinearity.{p_end}
{p 0 6 2}note: {bf:j4k6} omitted because of collinearity.{p_end}
{p 0 6 2}note: {bf:j4k7} omitted because of collinearity.{p_end}
{p 0 6 2}note: {bf:j7k6} omitted because of collinearity.{p_end}
{p 0 6 2}note: {bf:j8k1} omitted because of collinearity.{p_end}
{p 0 6 2}note: {bf:j8k2} omitted because of collinearity.{p_end}
{p 0 6 2}note: {bf:j8k3} omitted because of collinearity.{p_end}
{p 0 6 2}note: {bf:j8k4} omitted because of collinearity.{p_end}
{p 0 6 2}note: {bf:j8k5} omitted because of collinearity.{p_end}
{p 0 6 2}note: {bf:j8k6} omitted because of collinearity.{p_end}
{p 0 6 2}note: {bf:j8k7} omitted because of collinearity.{p_end}

Linear regression                               Number of obs     = {res}    63,812
                                                {txt}F(28, 99)         =  {res}     1.83
                                                {txt}Prob > F          = {res}    0.0159
                                                {txt}R-squared         = {res}    0.0185
                                                {txt}Root MSE          =    {res} 1.0058

{txt}{ralign 78:(Std. err. adjusted for {res:100} clusters in {res:s})}
{hline 13}{c TT}{hline 11}{hline 11}{hline 9}{hline 8}{hline 13}{hline 12}
{col 14}{c |}{col 26}    Robust
{col 1}           t{col 14}{c |} Coefficient{col 26}  std. err.{col 38}      t{col 46}   P>|t|{col 54}     [95% con{col 67}f. interval]
{hline 13}{c +}{hline 11}{hline 11}{hline 9}{hline 8}{hline 13}{hline 12}
{space 9}inc {c |}{col 14}{res}{space 2} .0360546{col 26}{space 2} .0827621{col 37}{space 1}    0.44{col 46}{space 3}0.664{col 54}{space 4}-.1281633{col 67}{space 3} .2002726
{txt}{space 6}sexdum {c |}{col 14}{res}{space 2} .0704608{col 26}{space 2} .0222653{col 37}{space 1}    3.16{col 46}{space 3}0.002{col 54}{space 4} .0262815{col 67}{space 3}   .11464
{txt}{space 10}d1 {c |}{col 14}{res}{space 2} .0101337{col 26}{space 2} .1431958{col 37}{space 1}    0.07{col 46}{space 3}0.944{col 54}{space 4}-.2739977{col 67}{space 3} .2942652
{txt}{space 10}d2 {c |}{col 14}{res}{space 2} .1464321{col 26}{space 2} .1537473{col 37}{space 1}    0.95{col 46}{space 3}0.343{col 54}{space 4}-.1586358{col 67}{space 3}    .4515
{txt}{space 10}d3 {c |}{col 14}{res}{space 2} .1059574{col 26}{space 2} .1438959{col 37}{space 1}    0.74{col 46}{space 3}0.463{col 54}{space 4}-.1795633{col 67}{space 3} .3914781
{txt}{space 10}d4 {c |}{col 14}{res}{space 2}-.2405046{col 26}{space 2} .1548996{col 37}{space 1}   -1.55{col 46}{space 3}0.124{col 54}{space 4} -.547859{col 67}{space 3} .0668498
{txt}{space 10}d5 {c |}{col 14}{res}{space 2}-.0677264{col 26}{space 2} .1640847{col 37}{space 1}   -0.41{col 46}{space 3}0.681{col 54}{space 4} -.393306{col 67}{space 3} .2578533
{txt}{space 10}d6 {c |}{col 14}{res}{space 2}        0{col 26}{txt}  (omitted)
{space 10}d7 {c |}{col 14}{res}{space 2} .0493165{col 26}{space 2} .1839427{col 37}{space 1}    0.27{col 46}{space 3}0.789{col 54}{space 4}-.3156658{col 67}{space 3} .4142988
{txt}{space 8}j4k1 {c |}{col 14}{res}{space 2}        0{col 26}{txt}  (omitted)
{space 8}j4k2 {c |}{col 14}{res}{space 2}        0{col 26}{txt}  (omitted)
{space 8}j4k3 {c |}{col 14}{res}{space 2}        0{col 26}{txt}  (omitted)
{space 8}j4k4 {c |}{col 14}{res}{space 2}        0{col 26}{txt}  (omitted)
{space 8}j4k5 {c |}{col 14}{res}{space 2}        0{col 26}{txt}  (omitted)
{space 8}j4k6 {c |}{col 14}{res}{space 2}        0{col 26}{txt}  (omitted)
{space 8}j4k7 {c |}{col 14}{res}{space 2}        0{col 26}{txt}  (omitted)
{space 8}j5k1 {c |}{col 14}{res}{space 2}-.0014821{col 26}{space 2} .0610825{col 37}{space 1}   -0.02{col 46}{space 3}0.981{col 54}{space 4}-.1226831{col 67}{space 3} .1197188
{txt}{space 8}j5k2 {c |}{col 14}{res}{space 2}-.0311351{col 26}{space 2}  .053984{col 37}{space 1}   -0.58{col 46}{space 3}0.565{col 54}{space 4}-.1382511{col 67}{space 3}  .075981
{txt}{space 8}j5k3 {c |}{col 14}{res}{space 2}-.0238783{col 26}{space 2} .0627271{col 37}{space 1}   -0.38{col 46}{space 3}0.704{col 54}{space 4}-.1483424{col 67}{space 3} .1005859
{txt}{space 8}j5k4 {c |}{col 14}{res}{space 2}-.0271503{col 26}{space 2} .0604383{col 37}{space 1}   -0.45{col 46}{space 3}0.654{col 54}{space 4} -.147073{col 67}{space 3} .0927725
{txt}{space 8}j5k5 {c |}{col 14}{res}{space 2}-.0255254{col 26}{space 2} .0564582{col 37}{space 1}   -0.45{col 46}{space 3}0.652{col 54}{space 4}-.1375506{col 67}{space 3} .0864999
{txt}{space 8}j5k6 {c |}{col 14}{res}{space 2} .0004741{col 26}{space 2}  .065065{col 37}{space 1}    0.01{col 46}{space 3}0.994{col 54}{space 4}-.1286289{col 67}{space 3} .1295772
{txt}{space 8}j5k7 {c |}{col 14}{res}{space 2}-.0720509{col 26}{space 2} .0636094{col 37}{space 1}   -1.13{col 46}{space 3}0.260{col 54}{space 4}-.1982657{col 67}{space 3} .0541638
{txt}{space 8}j6k1 {c |}{col 14}{res}{space 2} .0059247{col 26}{space 2} .0566168{col 37}{space 1}    0.10{col 46}{space 3}0.917{col 54}{space 4}-.1064153{col 67}{space 3} .1182646
{txt}{space 8}j6k2 {c |}{col 14}{res}{space 2} .0127891{col 26}{space 2} .0507678{col 37}{space 1}    0.25{col 46}{space 3}0.802{col 54}{space 4}-.0879451{col 67}{space 3} .1135234
{txt}{space 8}j6k3 {c |}{col 14}{res}{space 2} .0229714{col 26}{space 2} .0556465{col 37}{space 1}    0.41{col 46}{space 3}0.681{col 54}{space 4}-.0874433{col 67}{space 3} .1333862
{txt}{space 8}j6k4 {c |}{col 14}{res}{space 2}-.0316766{col 26}{space 2} .0500206{col 37}{space 1}   -0.63{col 46}{space 3}0.528{col 54}{space 4}-.1309283{col 67}{space 3} .0675751
{txt}{space 8}j6k5 {c |}{col 14}{res}{space 2} -.009531{col 26}{space 2} .0511075{col 37}{space 1}   -0.19{col 46}{space 3}0.852{col 54}{space 4}-.1109394{col 67}{space 3} .0918774
{txt}{space 8}j6k6 {c |}{col 14}{res}{space 2}-.0340087{col 26}{space 2} .0613675{col 37}{space 1}   -0.55{col 46}{space 3}0.581{col 54}{space 4}-.1557753{col 67}{space 3} .0877578
{txt}{space 8}j6k7 {c |}{col 14}{res}{space 2}-.0251993{col 26}{space 2} .0530904{col 37}{space 1}   -0.47{col 46}{space 3}0.636{col 54}{space 4}-.1305421{col 67}{space 3} .0801435
{txt}{space 8}j7k1 {c |}{col 14}{res}{space 2} .0095733{col 26}{space 2} .0329597{col 37}{space 1}    0.29{col 46}{space 3}0.772{col 54}{space 4}-.0558258{col 67}{space 3} .0749724
{txt}{space 8}j7k2 {c |}{col 14}{res}{space 2}  .004158{col 26}{space 2} .0407592{col 37}{space 1}    0.10{col 46}{space 3}0.919{col 54}{space 4}-.0767172{col 67}{space 3} .0850331
{txt}{space 8}j7k3 {c |}{col 14}{res}{space 2}-.0091975{col 26}{space 2} .0431932{col 37}{space 1}   -0.21{col 46}{space 3}0.832{col 54}{space 4}-.0949022{col 67}{space 3} .0765072
{txt}{space 8}j7k4 {c |}{col 14}{res}{space 2}-.0132541{col 26}{space 2} .0336058{col 37}{space 1}   -0.39{col 46}{space 3}0.694{col 54}{space 4}-.0799353{col 67}{space 3} .0534272
{txt}{space 8}j7k5 {c |}{col 14}{res}{space 2}-.0204771{col 26}{space 2} .0318259{col 37}{space 1}   -0.64{col 46}{space 3}0.521{col 54}{space 4}-.0836265{col 67}{space 3} .0426723
{txt}{space 8}j7k6 {c |}{col 14}{res}{space 2}        0{col 26}{txt}  (omitted)
{space 8}j7k7 {c |}{col 14}{res}{space 2} .0047963{col 26}{space 2} .0316908{col 37}{space 1}    0.15{col 46}{space 3}0.880{col 54}{space 4}-.0580852{col 67}{space 3} .0676778
{txt}{space 8}j8k1 {c |}{col 14}{res}{space 2}        0{col 26}{txt}  (omitted)
{space 8}j8k2 {c |}{col 14}{res}{space 2}        0{col 26}{txt}  (omitted)
{space 8}j8k3 {c |}{col 14}{res}{space 2}        0{col 26}{txt}  (omitted)
{space 8}j8k4 {c |}{col 14}{res}{space 2}        0{col 26}{txt}  (omitted)
{space 8}j8k5 {c |}{col 14}{res}{space 2}        0{col 26}{txt}  (omitted)
{space 8}j8k6 {c |}{col 14}{res}{space 2}        0{col 26}{txt}  (omitted)
{space 8}j8k7 {c |}{col 14}{res}{space 2}        0{col 26}{txt}  (omitted)
{space 7}_cons {c |}{col 14}{res}{space 2} .0196859{col 26}{space 2} .1289841{col 37}{space 1}    0.15{col 46}{space 3}0.879{col 54}{space 4}-.2362466{col 67}{space 3} .2756184
{txt}{hline 13}{c BT}{hline 11}{hline 11}{hline 9}{hline 8}{hline 13}{hline 12}
{res}{txt}{p 0 6 2}note: {bf:d3} omitted because of collinearity.{p_end}
{p 0 6 2}note: {bf:j4k7} omitted because of collinearity.{p_end}
{p 0 6 2}note: {bf:j6k7} omitted because of collinearity.{p_end}

Linear regression                               Number of obs     = {res}    73,367
                                                {txt}F(41, 99)         =  {res}     8.51
                                                {txt}Prob > F          = {res}    0.0000
                                                {txt}R-squared         = {res}    0.0719
                                                {txt}Root MSE          =    {res} .96168

{txt}{ralign 78:(Std. err. adjusted for {res:100} clusters in {res:s})}
{hline 13}{c TT}{hline 11}{hline 11}{hline 9}{hline 8}{hline 13}{hline 12}
{col 14}{c |}{col 26}    Robust
{col 1}           t{col 14}{c |} Coefficient{col 26}  std. err.{col 38}      t{col 46}   P>|t|{col 54}     [95% con{col 67}f. interval]
{hline 13}{c +}{hline 11}{hline 11}{hline 9}{hline 8}{hline 13}{hline 12}
{space 9}inc {c |}{col 14}{res}{space 2} .1134104{col 26}{space 2} .0788634{col 37}{space 1}    1.44{col 46}{space 3}0.154{col 54}{space 4}-.0430717{col 67}{space 3} .2698925
{txt}{space 6}sexdum {c |}{col 14}{res}{space 2}  .043254{col 26}{space 2} .0189731{col 37}{space 1}    2.28{col 46}{space 3}0.025{col 54}{space 4} .0056072{col 67}{space 3} .0809008
{txt}{space 10}d1 {c |}{col 14}{res}{space 2} .2476455{col 26}{space 2} .1272669{col 37}{space 1}    1.95{col 46}{space 3}0.055{col 54}{space 4}-.0048796{col 67}{space 3} .5001707
{txt}{space 10}d2 {c |}{col 14}{res}{space 2} .5062169{col 26}{space 2} .1204731{col 37}{space 1}    4.20{col 46}{space 3}0.000{col 54}{space 4} .2671722{col 67}{space 3} .7452617
{txt}{space 10}d3 {c |}{col 14}{res}{space 2}        0{col 26}{txt}  (omitted)
{space 10}d4 {c |}{col 14}{res}{space 2}-.1723387{col 26}{space 2} .1215093{col 37}{space 1}   -1.42{col 46}{space 3}0.159{col 54}{space 4}-.4134394{col 67}{space 3} .0687621
{txt}{space 10}d5 {c |}{col 14}{res}{space 2} -.007526{col 26}{space 2} .1181158{col 37}{space 1}   -0.06{col 46}{space 3}0.949{col 54}{space 4}-.2418934{col 67}{space 3} .2268414
{txt}{space 10}d6 {c |}{col 14}{res}{space 2} .1874947{col 26}{space 2} .1709696{col 37}{space 1}    1.10{col 46}{space 3}0.275{col 54}{space 4}-.1517461{col 67}{space 3} .5267355
{txt}{space 10}d7 {c |}{col 14}{res}{space 2} .0754018{col 26}{space 2} .1746738{col 37}{space 1}    0.43{col 46}{space 3}0.667{col 54}{space 4} -.271189{col 67}{space 3} .4219926
{txt}{space 8}j4k1 {c |}{col 14}{res}{space 2}-.0177132{col 26}{space 2}    .0718{col 37}{space 1}   -0.25{col 46}{space 3}0.806{col 54}{space 4}-.1601799{col 67}{space 3} .1247536
{txt}{space 8}j4k2 {c |}{col 14}{res}{space 2} .0033792{col 26}{space 2} .0677125{col 37}{space 1}    0.05{col 46}{space 3}0.960{col 54}{space 4}-.1309771{col 67}{space 3} .1377354
{txt}{space 8}j4k3 {c |}{col 14}{res}{space 2} -.011906{col 26}{space 2} .0718247{col 37}{space 1}   -0.17{col 46}{space 3}0.869{col 54}{space 4}-.1544217{col 67}{space 3} .1306097
{txt}{space 8}j4k4 {c |}{col 14}{res}{space 2}-.0348675{col 26}{space 2} .0665982{col 37}{space 1}   -0.52{col 46}{space 3}0.602{col 54}{space 4}-.1670129{col 67}{space 3} .0972778
{txt}{space 8}j4k5 {c |}{col 14}{res}{space 2}-.0701172{col 26}{space 2} .0703495{col 37}{space 1}   -1.00{col 46}{space 3}0.321{col 54}{space 4}-.2097058{col 67}{space 3} .0694714
{txt}{space 8}j4k6 {c |}{col 14}{res}{space 2}-.0159538{col 26}{space 2} .0717066{col 37}{space 1}   -0.22{col 46}{space 3}0.824{col 54}{space 4}-.1582352{col 67}{space 3} .1263277
{txt}{space 8}j4k7 {c |}{col 14}{res}{space 2}        0{col 26}{txt}  (omitted)
{space 8}j5k1 {c |}{col 14}{res}{space 2} .0190354{col 26}{space 2} .0483091{col 37}{space 1}    0.39{col 46}{space 3}0.694{col 54}{space 4}-.0768204{col 67}{space 3} .1148911
{txt}{space 8}j5k2 {c |}{col 14}{res}{space 2} .0139627{col 26}{space 2}  .046583{col 37}{space 1}    0.30{col 46}{space 3}0.765{col 54}{space 4}-.0784681{col 67}{space 3} .1063935
{txt}{space 8}j5k3 {c |}{col 14}{res}{space 2} .0177565{col 26}{space 2} .0516351{col 37}{space 1}    0.34{col 46}{space 3}0.732{col 54}{space 4}-.0846987{col 67}{space 3} .1202118
{txt}{space 8}j5k4 {c |}{col 14}{res}{space 2}-.0042129{col 26}{space 2}  .051825{col 37}{space 1}   -0.08{col 46}{space 3}0.935{col 54}{space 4} -.107045{col 67}{space 3} .0986192
{txt}{space 8}j5k5 {c |}{col 14}{res}{space 2} .0046186{col 26}{space 2} .0482951{col 37}{space 1}    0.10{col 46}{space 3}0.924{col 54}{space 4}-.0912094{col 67}{space 3} .1004465
{txt}{space 8}j5k6 {c |}{col 14}{res}{space 2} .0177754{col 26}{space 2} .0479717{col 37}{space 1}    0.37{col 46}{space 3}0.712{col 54}{space 4}-.0774108{col 67}{space 3} .1129616
{txt}{space 8}j5k7 {c |}{col 14}{res}{space 2}-.0729821{col 26}{space 2} .0684336{col 37}{space 1}   -1.07{col 46}{space 3}0.289{col 54}{space 4}-.2087692{col 67}{space 3}  .062805
{txt}{space 8}j6k1 {c |}{col 14}{res}{space 2}-.0055906{col 26}{space 2} .0338855{col 37}{space 1}   -0.16{col 46}{space 3}0.869{col 54}{space 4}-.0728268{col 67}{space 3} .0616455
{txt}{space 8}j6k2 {c |}{col 14}{res}{space 2} .0454124{col 26}{space 2} .0372891{col 37}{space 1}    1.22{col 46}{space 3}0.226{col 54}{space 4}-.0285774{col 67}{space 3} .1194021
{txt}{space 8}j6k3 {c |}{col 14}{res}{space 2}-.0460294{col 26}{space 2} .0320975{col 37}{space 1}   -1.43{col 46}{space 3}0.155{col 54}{space 4}-.1097177{col 67}{space 3}  .017659
{txt}{space 8}j6k4 {c |}{col 14}{res}{space 2}-.0181879{col 26}{space 2} .0247332{col 37}{space 1}   -0.74{col 46}{space 3}0.464{col 54}{space 4}-.0672638{col 67}{space 3} .0308881
{txt}{space 8}j6k5 {c |}{col 14}{res}{space 2}-.0018351{col 26}{space 2} .0283079{col 37}{space 1}   -0.06{col 46}{space 3}0.948{col 54}{space 4}-.0580042{col 67}{space 3} .0543339
{txt}{space 8}j6k6 {c |}{col 14}{res}{space 2} -.010052{col 26}{space 2} .0318349{col 37}{space 1}   -0.32{col 46}{space 3}0.753{col 54}{space 4}-.0732193{col 67}{space 3} .0531154
{txt}{space 8}j6k7 {c |}{col 14}{res}{space 2}        0{col 26}{txt}  (omitted)
{space 8}j7k1 {c |}{col 14}{res}{space 2}-.1995512{col 26}{space 2} .1092759{col 37}{space 1}   -1.83{col 46}{space 3}0.071{col 54}{space 4}-.4163784{col 67}{space 3} .0172759
{txt}{space 8}j7k2 {c |}{col 14}{res}{space 2}-.2351418{col 26}{space 2} .1064398{col 37}{space 1}   -2.21{col 46}{space 3}0.029{col 54}{space 4}-.4463414{col 67}{space 3}-.0239422
{txt}{space 8}j7k3 {c |}{col 14}{res}{space 2} -.236477{col 26}{space 2} .1065193{col 37}{space 1}   -2.22{col 46}{space 3}0.029{col 54}{space 4}-.4478345{col 67}{space 3}-.0251196
{txt}{space 8}j7k4 {c |}{col 14}{res}{space 2}  -.22241{col 26}{space 2} .1062051{col 37}{space 1}   -2.09{col 46}{space 3}0.039{col 54}{space 4} -.433144{col 67}{space 3} -.011676
{txt}{space 8}j7k5 {c |}{col 14}{res}{space 2}-.2106508{col 26}{space 2} .1078929{col 37}{space 1}   -1.95{col 46}{space 3}0.054{col 54}{space 4}-.4247337{col 67}{space 3} .0034321
{txt}{space 8}j7k6 {c |}{col 14}{res}{space 2}-.2427561{col 26}{space 2} .1043352{col 37}{space 1}   -2.33{col 46}{space 3}0.022{col 54}{space 4}-.4497798{col 67}{space 3}-.0357324
{txt}{space 8}j7k7 {c |}{col 14}{res}{space 2}-.2300286{col 26}{space 2} .1067232{col 37}{space 1}   -2.16{col 46}{space 3}0.034{col 54}{space 4}-.4417907{col 67}{space 3}-.0182666
{txt}{space 8}j8k1 {c |}{col 14}{res}{space 2} .2856272{col 26}{space 2} .2263442{col 37}{space 1}    1.26{col 46}{space 3}0.210{col 54}{space 4}-.1634889{col 67}{space 3} .7347432
{txt}{space 8}j8k2 {c |}{col 14}{res}{space 2} .0087057{col 26}{space 2} .0817404{col 37}{space 1}    0.11{col 46}{space 3}0.915{col 54}{space 4} -.153485{col 67}{space 3} .1708965
{txt}{space 8}j8k3 {c |}{col 14}{res}{space 2} .1819289{col 26}{space 2} .1713892{col 37}{space 1}    1.06{col 46}{space 3}0.291{col 54}{space 4}-.1581445{col 67}{space 3} .5220022
{txt}{space 8}j8k4 {c |}{col 14}{res}{space 2} .1863881{col 26}{space 2} .1806137{col 37}{space 1}    1.03{col 46}{space 3}0.305{col 54}{space 4}-.1719887{col 67}{space 3}  .544765
{txt}{space 8}j8k5 {c |}{col 14}{res}{space 2}  .123256{col 26}{space 2} .1419568{col 37}{space 1}    0.87{col 46}{space 3}0.387{col 54}{space 4} -.158417{col 67}{space 3} .4049291
{txt}{space 8}j8k6 {c |}{col 14}{res}{space 2} .2137528{col 26}{space 2} .2003772{col 37}{space 1}    1.07{col 46}{space 3}0.289{col 54}{space 4}-.1838391{col 67}{space 3} .6113446
{txt}{space 8}j8k7 {c |}{col 14}{res}{space 2} .0739373{col 26}{space 2} .1021609{col 37}{space 1}    0.72{col 46}{space 3}0.471{col 54}{space 4} -.128772{col 67}{space 3} .2766467
{txt}{space 7}_cons {c |}{col 14}{res}{space 2}-.0075351{col 26}{space 2} .1192935{col 37}{space 1}   -0.06{col 46}{space 3}0.950{col 54}{space 4}-.2442393{col 67}{space 3} .2291692
{txt}{hline 13}{c BT}{hline 11}{hline 11}{hline 9}{hline 8}{hline 13}{hline 12}
{res}{txt}{p 0 6 2}note: {bf:d3} omitted because of collinearity.{p_end}
{p 0 6 2}note: {bf:j4k1} omitted because of collinearity.{p_end}
{p 0 6 2}note: {bf:j4k2} omitted because of collinearity.{p_end}
{p 0 6 2}note: {bf:j4k3} omitted because of collinearity.{p_end}
{p 0 6 2}note: {bf:j4k4} omitted because of collinearity.{p_end}
{p 0 6 2}note: {bf:j4k5} omitted because of collinearity.{p_end}
{p 0 6 2}note: {bf:j4k6} omitted because of collinearity.{p_end}
{p 0 6 2}note: {bf:j4k7} omitted because of collinearity.{p_end}
{p 0 6 2}note: {bf:j5k7} omitted because of collinearity.{p_end}
{p 0 6 2}note: {bf:j8k7} omitted because of collinearity.{p_end}

Linear regression                               Number of obs     = {res}    73,789
                                                {txt}F(34, 98)         =  {res}     3.73
                                                {txt}Prob > F          = {res}    0.0000
                                                {txt}R-squared         = {res}    0.0286
                                                {txt}Root MSE          =    {res} 1.0691

{txt}{ralign 78:(Std. err. adjusted for {res:99} clusters in {res:s})}
{hline 13}{c TT}{hline 11}{hline 11}{hline 9}{hline 8}{hline 13}{hline 12}
{col 14}{c |}{col 26}    Robust
{col 1}           t{col 14}{c |} Coefficient{col 26}  std. err.{col 38}      t{col 46}   P>|t|{col 54}     [95% con{col 67}f. interval]
{hline 13}{c +}{hline 11}{hline 11}{hline 9}{hline 8}{hline 13}{hline 12}
{space 9}inc {c |}{col 14}{res}{space 2} .2154564{col 26}{space 2} .0746865{col 37}{space 1}    2.88{col 46}{space 3}0.005{col 54}{space 4} .0672435{col 67}{space 3} .3636692
{txt}{space 6}sexdum {c |}{col 14}{res}{space 2} .1429793{col 26}{space 2} .0248584{col 37}{space 1}    5.75{col 46}{space 3}0.000{col 54}{space 4} .0936486{col 67}{space 3}   .19231
{txt}{space 10}d1 {c |}{col 14}{res}{space 2}-.1668296{col 26}{space 2} .1042424{col 37}{space 1}   -1.60{col 46}{space 3}0.113{col 54}{space 4}-.3736953{col 67}{space 3} .0400361
{txt}{space 10}d2 {c |}{col 14}{res}{space 2}-.1658533{col 26}{space 2} .0877117{col 37}{space 1}   -1.89{col 46}{space 3}0.062{col 54}{space 4}-.3399142{col 67}{space 3} .0082077
{txt}{space 10}d3 {c |}{col 14}{res}{space 2}        0{col 26}{txt}  (omitted)
{space 10}d4 {c |}{col 14}{res}{space 2}-.4046227{col 26}{space 2} .0998894{col 37}{space 1}   -4.05{col 46}{space 3}0.000{col 54}{space 4}-.6028499{col 67}{space 3}-.2063955
{txt}{space 10}d5 {c |}{col 14}{res}{space 2}-.1859092{col 26}{space 2} .1218097{col 37}{space 1}   -1.53{col 46}{space 3}0.130{col 54}{space 4}-.4276365{col 67}{space 3} .0558182
{txt}{space 10}d6 {c |}{col 14}{res}{space 2}-.1654174{col 26}{space 2} .1510443{col 37}{space 1}   -1.10{col 46}{space 3}0.276{col 54}{space 4}-.4651599{col 67}{space 3} .1343252
{txt}{space 10}d7 {c |}{col 14}{res}{space 2}-.1168895{col 26}{space 2} .1476999{col 37}{space 1}   -0.79{col 46}{space 3}0.431{col 54}{space 4}-.4099952{col 67}{space 3} .1762161
{txt}{space 8}j4k1 {c |}{col 14}{res}{space 2}        0{col 26}{txt}  (omitted)
{space 8}j4k2 {c |}{col 14}{res}{space 2}        0{col 26}{txt}  (omitted)
{space 8}j4k3 {c |}{col 14}{res}{space 2}        0{col 26}{txt}  (omitted)
{space 8}j4k4 {c |}{col 14}{res}{space 2}        0{col 26}{txt}  (omitted)
{space 8}j4k5 {c |}{col 14}{res}{space 2}        0{col 26}{txt}  (omitted)
{space 8}j4k6 {c |}{col 14}{res}{space 2}        0{col 26}{txt}  (omitted)
{space 8}j4k7 {c |}{col 14}{res}{space 2}        0{col 26}{txt}  (omitted)
{space 8}j5k1 {c |}{col 14}{res}{space 2} .0399693{col 26}{space 2} .0474323{col 37}{space 1}    0.84{col 46}{space 3}0.401{col 54}{space 4}-.0541586{col 67}{space 3} .1340972
{txt}{space 8}j5k2 {c |}{col 14}{res}{space 2} .0969914{col 26}{space 2} .0498525{col 37}{space 1}    1.95{col 46}{space 3}0.055{col 54}{space 4}-.0019392{col 67}{space 3} .1959221
{txt}{space 8}j5k3 {c |}{col 14}{res}{space 2} .0693063{col 26}{space 2} .0515431{col 37}{space 1}    1.34{col 46}{space 3}0.182{col 54}{space 4}-.0329793{col 67}{space 3} .1715919
{txt}{space 8}j5k4 {c |}{col 14}{res}{space 2} .0889266{col 26}{space 2} .0479836{col 37}{space 1}    1.85{col 46}{space 3}0.067{col 54}{space 4}-.0062952{col 67}{space 3} .1841484
{txt}{space 8}j5k5 {c |}{col 14}{res}{space 2} .0948369{col 26}{space 2} .0522136{col 37}{space 1}    1.82{col 46}{space 3}0.072{col 54}{space 4}-.0087793{col 67}{space 3} .1984532
{txt}{space 8}j5k6 {c |}{col 14}{res}{space 2} .0717052{col 26}{space 2}  .048944{col 37}{space 1}    1.47{col 46}{space 3}0.146{col 54}{space 4}-.0254225{col 67}{space 3}  .168833
{txt}{space 8}j5k7 {c |}{col 14}{res}{space 2}        0{col 26}{txt}  (omitted)
{space 8}j6k1 {c |}{col 14}{res}{space 2} .0368072{col 26}{space 2} .0429562{col 37}{space 1}    0.86{col 46}{space 3}0.394{col 54}{space 4} -.048438{col 67}{space 3} .1220524
{txt}{space 8}j6k2 {c |}{col 14}{res}{space 2} .0683785{col 26}{space 2}  .045164{col 37}{space 1}    1.51{col 46}{space 3}0.133{col 54}{space 4}-.0212479{col 67}{space 3} .1580048
{txt}{space 8}j6k3 {c |}{col 14}{res}{space 2} .0691378{col 26}{space 2} .0467458{col 37}{space 1}    1.48{col 46}{space 3}0.142{col 54}{space 4}-.0236277{col 67}{space 3} .1619033
{txt}{space 8}j6k4 {c |}{col 14}{res}{space 2} .0695689{col 26}{space 2} .0477593{col 37}{space 1}    1.46{col 46}{space 3}0.148{col 54}{space 4}-.0252078{col 67}{space 3} .1643456
{txt}{space 8}j6k5 {c |}{col 14}{res}{space 2} .0797587{col 26}{space 2} .0466769{col 37}{space 1}    1.71{col 46}{space 3}0.091{col 54}{space 4}-.0128701{col 67}{space 3} .1723876
{txt}{space 8}j6k6 {c |}{col 14}{res}{space 2} .0355671{col 26}{space 2} .0442318{col 37}{space 1}    0.80{col 46}{space 3}0.423{col 54}{space 4}-.0522094{col 67}{space 3} .1233436
{txt}{space 8}j6k7 {c |}{col 14}{res}{space 2} .0745851{col 26}{space 2}  .047428{col 37}{space 1}    1.57{col 46}{space 3}0.119{col 54}{space 4}-.0195342{col 67}{space 3} .1687044
{txt}{space 8}j7k1 {c |}{col 14}{res}{space 2} .0169025{col 26}{space 2} .0371506{col 37}{space 1}    0.45{col 46}{space 3}0.650{col 54}{space 4}-.0568216{col 67}{space 3} .0906266
{txt}{space 8}j7k2 {c |}{col 14}{res}{space 2} .0498878{col 26}{space 2} .0385488{col 37}{space 1}    1.29{col 46}{space 3}0.199{col 54}{space 4} -.026611{col 67}{space 3} .1263865
{txt}{space 8}j7k3 {c |}{col 14}{res}{space 2}  .036578{col 26}{space 2} .0408246{col 37}{space 1}    0.90{col 46}{space 3}0.372{col 54}{space 4}-.0444372{col 67}{space 3} .1175931
{txt}{space 8}j7k4 {c |}{col 14}{res}{space 2} .0430607{col 26}{space 2} .0457954{col 37}{space 1}    0.94{col 46}{space 3}0.349{col 54}{space 4}-.0478189{col 67}{space 3} .1339402
{txt}{space 8}j7k5 {c |}{col 14}{res}{space 2} .0822569{col 26}{space 2} .0407373{col 37}{space 1}    2.02{col 46}{space 3}0.046{col 54}{space 4} .0014151{col 67}{space 3} .1630988
{txt}{space 8}j7k6 {c |}{col 14}{res}{space 2} .0017138{col 26}{space 2} .0374435{col 37}{space 1}    0.05{col 46}{space 3}0.964{col 54}{space 4}-.0725917{col 67}{space 3} .0760192
{txt}{space 8}j7k7 {c |}{col 14}{res}{space 2} .0650088{col 26}{space 2} .0392567{col 37}{space 1}    1.66{col 46}{space 3}0.101{col 54}{space 4}-.0128949{col 67}{space 3} .1429124
{txt}{space 8}j8k1 {c |}{col 14}{res}{space 2} -.027354{col 26}{space 2} .0224817{col 37}{space 1}   -1.22{col 46}{space 3}0.227{col 54}{space 4}-.0719683{col 67}{space 3} .0172603
{txt}{space 8}j8k2 {c |}{col 14}{res}{space 2} .0012853{col 26}{space 2} .0249704{col 37}{space 1}    0.05{col 46}{space 3}0.959{col 54}{space 4}-.0482677{col 67}{space 3} .0508383
{txt}{space 8}j8k3 {c |}{col 14}{res}{space 2}-.0173869{col 26}{space 2} .0275051{col 37}{space 1}   -0.63{col 46}{space 3}0.529{col 54}{space 4}-.0719698{col 67}{space 3} .0371961
{txt}{space 8}j8k4 {c |}{col 14}{res}{space 2}-.0128154{col 26}{space 2} .0263217{col 37}{space 1}   -0.49{col 46}{space 3}0.627{col 54}{space 4}  -.06505{col 67}{space 3} .0394193
{txt}{space 8}j8k5 {c |}{col 14}{res}{space 2} .0338635{col 26}{space 2}  .018653{col 37}{space 1}    1.82{col 46}{space 3}0.073{col 54}{space 4}-.0031528{col 67}{space 3} .0708797
{txt}{space 8}j8k6 {c |}{col 14}{res}{space 2}-.0341119{col 26}{space 2} .0210013{col 37}{space 1}   -1.62{col 46}{space 3}0.108{col 54}{space 4}-.0757882{col 67}{space 3} .0075645
{txt}{space 8}j8k7 {c |}{col 14}{res}{space 2}        0{col 26}{txt}  (omitted)
{space 7}_cons {c |}{col 14}{res}{space 2} .0877954{col 26}{space 2} .0783508{col 37}{space 1}    1.12{col 46}{space 3}0.265{col 54}{space 4}-.0676891{col 67}{space 3}   .24328
{txt}{hline 13}{c BT}{hline 11}{hline 11}{hline 9}{hline 8}{hline 13}{hline 12}
{res}{txt}{p 0 6 2}note: {bf:d3} omitted because of collinearity.{p_end}
{p 0 6 2}note: {bf:j4k7} omitted because of collinearity.{p_end}
{p 0 6 2}note: {bf:j5k7} omitted because of collinearity.{p_end}

Linear regression                               Number of obs     = {res}    57,674
                                                {txt}F(41, 98)         =  {res}     5.63
                                                {txt}Prob > F          = {res}    0.0000
                                                {txt}R-squared         = {res}    0.0187
                                                {txt}Root MSE          =    {res} 1.0081

{txt}{ralign 78:(Std. err. adjusted for {res:99} clusters in {res:s})}
{hline 13}{c TT}{hline 11}{hline 11}{hline 9}{hline 8}{hline 13}{hline 12}
{col 14}{c |}{col 26}    Robust
{col 1}           t{col 14}{c |} Coefficient{col 26}  std. err.{col 38}      t{col 46}   P>|t|{col 54}     [95% con{col 67}f. interval]
{hline 13}{c +}{hline 11}{hline 11}{hline 9}{hline 8}{hline 13}{hline 12}
{space 9}inc {c |}{col 14}{res}{space 2} .0258681{col 26}{space 2}  .059697{col 37}{space 1}    0.43{col 46}{space 3}0.666{col 54}{space 4}-.0925987{col 67}{space 3} .1443349
{txt}{space 6}sexdum {c |}{col 14}{res}{space 2} .1218016{col 26}{space 2} .0243943{col 37}{space 1}    4.99{col 46}{space 3}0.000{col 54}{space 4} .0733919{col 67}{space 3} .1702113
{txt}{space 10}d1 {c |}{col 14}{res}{space 2}-.0223579{col 26}{space 2} .1292681{col 37}{space 1}   -0.17{col 46}{space 3}0.863{col 54}{space 4}-.2788862{col 67}{space 3} .2341704
{txt}{space 10}d2 {c |}{col 14}{res}{space 2} .1520994{col 26}{space 2} .1035034{col 37}{space 1}    1.47{col 46}{space 3}0.145{col 54}{space 4}-.0532997{col 67}{space 3} .3574986
{txt}{space 10}d3 {c |}{col 14}{res}{space 2}        0{col 26}{txt}  (omitted)
{space 10}d4 {c |}{col 14}{res}{space 2}-.1399458{col 26}{space 2} .1087593{col 37}{space 1}   -1.29{col 46}{space 3}0.201{col 54}{space 4}-.3557751{col 67}{space 3} .0758835
{txt}{space 10}d5 {c |}{col 14}{res}{space 2} .1238132{col 26}{space 2} .1112531{col 37}{space 1}    1.11{col 46}{space 3}0.268{col 54}{space 4}-.0969651{col 67}{space 3} .3445914
{txt}{space 10}d6 {c |}{col 14}{res}{space 2}-.0299769{col 26}{space 2}  .144574{col 37}{space 1}   -0.21{col 46}{space 3}0.836{col 54}{space 4}-.3168794{col 67}{space 3} .2569255
{txt}{space 10}d7 {c |}{col 14}{res}{space 2} .1712689{col 26}{space 2} .1520364{col 37}{space 1}    1.13{col 46}{space 3}0.263{col 54}{space 4}-.1304425{col 67}{space 3} .4729802
{txt}{space 8}j4k1 {c |}{col 14}{res}{space 2} .1506347{col 26}{space 2} .1453266{col 37}{space 1}    1.04{col 46}{space 3}0.303{col 54}{space 4}-.1377613{col 67}{space 3} .4390306
{txt}{space 8}j4k2 {c |}{col 14}{res}{space 2} .2033289{col 26}{space 2} .1612278{col 37}{space 1}    1.26{col 46}{space 3}0.210{col 54}{space 4}-.1166224{col 67}{space 3} .5232802
{txt}{space 8}j4k3 {c |}{col 14}{res}{space 2} .1091941{col 26}{space 2} .1418933{col 37}{space 1}    0.77{col 46}{space 3}0.443{col 54}{space 4}-.1723885{col 67}{space 3} .3907767
{txt}{space 8}j4k4 {c |}{col 14}{res}{space 2} .1346211{col 26}{space 2} .1518133{col 37}{space 1}    0.89{col 46}{space 3}0.377{col 54}{space 4}-.1666475{col 67}{space 3} .4358897
{txt}{space 8}j4k5 {c |}{col 14}{res}{space 2} .1171029{col 26}{space 2} .1259839{col 37}{space 1}    0.93{col 46}{space 3}0.355{col 54}{space 4}-.1329082{col 67}{space 3} .3671139
{txt}{space 8}j4k6 {c |}{col 14}{res}{space 2}  .109866{col 26}{space 2} .1434895{col 37}{space 1}    0.77{col 46}{space 3}0.446{col 54}{space 4}-.1748843{col 67}{space 3} .3946163
{txt}{space 8}j4k7 {c |}{col 14}{res}{space 2}        0{col 26}{txt}  (omitted)
{space 8}j5k1 {c |}{col 14}{res}{space 2}  .064727{col 26}{space 2} .1044548{col 37}{space 1}    0.62{col 46}{space 3}0.537{col 54}{space 4}-.1425602{col 67}{space 3} .2720141
{txt}{space 8}j5k2 {c |}{col 14}{res}{space 2} .0571333{col 26}{space 2} .1067408{col 37}{space 1}    0.54{col 46}{space 3}0.594{col 54}{space 4}-.1546903{col 67}{space 3} .2689569
{txt}{space 8}j5k3 {c |}{col 14}{res}{space 2}  .062703{col 26}{space 2} .0986005{col 37}{space 1}    0.64{col 46}{space 3}0.526{col 54}{space 4}-.1329665{col 67}{space 3} .2583724
{txt}{space 8}j5k4 {c |}{col 14}{res}{space 2} .0695818{col 26}{space 2} .1097102{col 37}{space 1}    0.63{col 46}{space 3}0.527{col 54}{space 4}-.1481346{col 67}{space 3} .2872982
{txt}{space 8}j5k5 {c |}{col 14}{res}{space 2} .0703919{col 26}{space 2} .1033594{col 37}{space 1}    0.68{col 46}{space 3}0.497{col 54}{space 4}-.1347216{col 67}{space 3} .2755053
{txt}{space 8}j5k6 {c |}{col 14}{res}{space 2} .0957288{col 26}{space 2} .1111347{col 37}{space 1}    0.86{col 46}{space 3}0.391{col 54}{space 4}-.1248144{col 67}{space 3} .3162721
{txt}{space 8}j5k7 {c |}{col 14}{res}{space 2}        0{col 26}{txt}  (omitted)
{space 8}j6k1 {c |}{col 14}{res}{space 2} .0216065{col 26}{space 2} .1002655{col 37}{space 1}    0.22{col 46}{space 3}0.830{col 54}{space 4}-.1773671{col 67}{space 3}   .22058
{txt}{space 8}j6k2 {c |}{col 14}{res}{space 2}-.0012241{col 26}{space 2} .0980056{col 37}{space 1}   -0.01{col 46}{space 3}0.990{col 54}{space 4} -.195713{col 67}{space 3} .1932649
{txt}{space 8}j6k3 {c |}{col 14}{res}{space 2} .0178915{col 26}{space 2} .0970711{col 37}{space 1}    0.18{col 46}{space 3}0.854{col 54}{space 4} -.174743{col 67}{space 3} .2105259
{txt}{space 8}j6k4 {c |}{col 14}{res}{space 2} .0360402{col 26}{space 2} .1000003{col 37}{space 1}    0.36{col 46}{space 3}0.719{col 54}{space 4}-.1624071{col 67}{space 3} .2344876
{txt}{space 8}j6k5 {c |}{col 14}{res}{space 2} .0305411{col 26}{space 2}  .103056{col 37}{space 1}    0.30{col 46}{space 3}0.768{col 54}{space 4}-.1739702{col 67}{space 3} .2350525
{txt}{space 8}j6k6 {c |}{col 14}{res}{space 2} .0095994{col 26}{space 2} .0963554{col 37}{space 1}    0.10{col 46}{space 3}0.921{col 54}{space 4}-.1816147{col 67}{space 3} .2008135
{txt}{space 8}j6k7 {c |}{col 14}{res}{space 2} .0216254{col 26}{space 2} .1030435{col 37}{space 1}    0.21{col 46}{space 3}0.834{col 54}{space 4}-.1828611{col 67}{space 3} .2261119
{txt}{space 8}j7k1 {c |}{col 14}{res}{space 2} .0690754{col 26}{space 2} .1021723{col 37}{space 1}    0.68{col 46}{space 3}0.501{col 54}{space 4}-.1336823{col 67}{space 3} .2718331
{txt}{space 8}j7k2 {c |}{col 14}{res}{space 2} .0530536{col 26}{space 2} .1037741{col 37}{space 1}    0.51{col 46}{space 3}0.610{col 54}{space 4}-.1528828{col 67}{space 3} .2589899
{txt}{space 8}j7k3 {c |}{col 14}{res}{space 2}  .075657{col 26}{space 2} .0998098{col 37}{space 1}    0.76{col 46}{space 3}0.450{col 54}{space 4}-.1224123{col 67}{space 3} .2737263
{txt}{space 8}j7k4 {c |}{col 14}{res}{space 2} .1204335{col 26}{space 2} .1047169{col 37}{space 1}    1.15{col 46}{space 3}0.253{col 54}{space 4}-.0873738{col 67}{space 3} .3282407
{txt}{space 8}j7k5 {c |}{col 14}{res}{space 2} .0760866{col 26}{space 2} .1008515{col 37}{space 1}    0.75{col 46}{space 3}0.452{col 54}{space 4}-.1240499{col 67}{space 3} .2762231
{txt}{space 8}j7k6 {c |}{col 14}{res}{space 2} .0815813{col 26}{space 2} .1063799{col 37}{space 1}    0.77{col 46}{space 3}0.445{col 54}{space 4}-.1295261{col 67}{space 3} .2926888
{txt}{space 8}j7k7 {c |}{col 14}{res}{space 2} .0888226{col 26}{space 2} .1031837{col 37}{space 1}    0.86{col 46}{space 3}0.391{col 54}{space 4} -.115942{col 67}{space 3} .2935872
{txt}{space 8}j8k1 {c |}{col 14}{res}{space 2} .1158823{col 26}{space 2} .1060146{col 37}{space 1}    1.09{col 46}{space 3}0.277{col 54}{space 4}-.0945002{col 67}{space 3} .3262648
{txt}{space 8}j8k2 {c |}{col 14}{res}{space 2} .1371596{col 26}{space 2} .1034715{col 37}{space 1}    1.33{col 46}{space 3}0.188{col 54}{space 4}-.0681761{col 67}{space 3} .3424954
{txt}{space 8}j8k3 {c |}{col 14}{res}{space 2} .1244266{col 26}{space 2} .1049551{col 37}{space 1}    1.19{col 46}{space 3}0.239{col 54}{space 4}-.0838533{col 67}{space 3} .3327065
{txt}{space 8}j8k4 {c |}{col 14}{res}{space 2} .1249552{col 26}{space 2} .1046411{col 37}{space 1}    1.19{col 46}{space 3}0.235{col 54}{space 4}-.0827017{col 67}{space 3} .3326121
{txt}{space 8}j8k5 {c |}{col 14}{res}{space 2}  .134052{col 26}{space 2} .1061371{col 37}{space 1}    1.26{col 46}{space 3}0.210{col 54}{space 4}-.0765735{col 67}{space 3} .3446775
{txt}{space 8}j8k6 {c |}{col 14}{res}{space 2} .0863871{col 26}{space 2} .1011928{col 37}{space 1}    0.85{col 46}{space 3}0.395{col 54}{space 4}-.1144266{col 67}{space 3} .2872009
{txt}{space 8}j8k7 {c |}{col 14}{res}{space 2} .1244463{col 26}{space 2} .1035298{col 37}{space 1}    1.20{col 46}{space 3}0.232{col 54}{space 4}-.0810053{col 67}{space 3} .3298979
{txt}{space 7}_cons {c |}{col 14}{res}{space 2}-.1405909{col 26}{space 2} .1357109{col 37}{space 1}   -1.04{col 46}{space 3}0.303{col 54}{space 4}-.4099048{col 67}{space 3}  .128723
{txt}{hline 13}{c BT}{hline 11}{hline 11}{hline 9}{hline 8}{hline 13}{hline 12}
{res}{txt}
{com}. 
. * Exportamos tabla tipo Panel A con solo variable inc
. esttab year0 year1 year2 year3 using "panel_a.tex", ///
>     keep(inc) ///
>     se star(* 0.10 ** 0.05 *** 0.01) ///
>     label b(3) se(3) ///
>     compress nomtitle nonotes ///
>     title("Panel A. Dependent variable: score on formula used to reward teachers") ///
>     replace
{res}{txt}{p 0 4 2}
(file {bf}
panel_a.tex{rm}
not found)
{p_end}
(output written to {browse  `"panel_a.tex"'})

{com}.         
. 
. //### PANEL B: Participación en examen gubernamental
. /******************************************************************************************
> * PANEL B - tmock como variable dependiente
> * Controles: sexdum y std
> * Filtro: table2 == "B C E" (un solo string)
> * Para year == 0: limitar a grados 4 a 8
> ******************************************************************************************/
. 
. //#### PASO 1: Cargar base
. use "$basedir\Glewwe_Ilias_Kremer_2010.dta", clear
{txt}
{com}. 
. //#### PASO 2: Filtrar Panel B (según instrucciones)
. keep if table2 == "B C E"
{txt}(411,085 observations deleted)

{com}. 
. //#### PASO 3: Limitar grados 4–8 solo en año 0
. gen keep_obs = 1
{txt}
{com}. replace keep_obs = 0 if year == 0 & (std < 4 | std > 8)
{txt}(9,542 real changes made)

{com}. keep if keep_obs == 1
{txt}(9,542 observations deleted)

{com}. 
. //#### PASO 4: Estimar regresiones por año
. eststo clear
{txt}
{com}. 
. foreach y in 0 1 2 3 {c -(}
{txt}  2{com}.     
.     count if year == `y'
{txt}  3{com}.     if r(N) > 0 {c -(}
{txt}  4{com}.         eststo year`y': reg tmock inc sexdum std ///
>             if year == `y', cluster(s)
{txt}  5{com}.     {c )-}
{txt}  6{com}.     else {c -(}
{txt}  7{com}.         display "No hay observaciones para year == `y'"
{txt}  8{com}.     {c )-}
{txt}  9{com}. 
. {c )-}
  {res}30,942

{txt}Linear regression                               Number of obs     = {res}    14,945
                                                {txt}F(3, 99)          =  {res}     0.44
                                                {txt}Prob > F          = {res}    0.7265
                                                {txt}R-squared         = {res}    0.0002
                                                {txt}Root MSE          =    {res} .39604

{txt}{ralign 78:(Std. err. adjusted for {res:100} clusters in {res:s})}
{hline 13}{c TT}{hline 11}{hline 11}{hline 9}{hline 8}{hline 13}{hline 12}
{col 14}{c |}{col 26}    Robust
{col 1}       tmock{col 14}{c |} Coefficient{col 26}  std. err.{col 38}      t{col 46}   P>|t|{col 54}     [95% con{col 67}f. interval]
{hline 13}{c +}{hline 11}{hline 11}{hline 9}{hline 8}{hline 13}{hline 12}
{space 9}inc {c |}{col 14}{res}{space 2} .0024668{col 26}{space 2}  .028657{col 37}{space 1}    0.09{col 46}{space 3}0.932{col 54}{space 4} -.054395{col 67}{space 3} .0593286
{txt}{space 6}sexdum {c |}{col 14}{res}{space 2}-.0022088{col 26}{space 2} .0089271{col 37}{space 1}   -0.25{col 46}{space 3}0.805{col 54}{space 4}-.0199221{col 67}{space 3} .0155045
{txt}{space 9}std {c |}{col 14}{res}{space 2} .0041564{col 26}{space 2} .0037317{col 37}{space 1}    1.11{col 46}{space 3}0.268{col 54}{space 4}-.0032482{col 67}{space 3}  .011561
{txt}{space 7}_cons {c |}{col 14}{res}{space 2}  .781731{col 26}{space 2} .0255736{col 37}{space 1}   30.57{col 46}{space 3}0.000{col 54}{space 4} .7309874{col 67}{space 3} .8324745
{txt}{hline 13}{c BT}{hline 11}{hline 11}{hline 9}{hline 8}{hline 13}{hline 12}
{res}  14,982

{txt}Linear regression                               Number of obs     = {res}     9,731
                                                {txt}F(3, 67)          =  {res}    12.37
                                                {txt}Prob > F          = {res}    0.0000
                                                {txt}R-squared         = {res}    0.0305
                                                {txt}Root MSE          =    {res} .49068

{txt}{ralign 78:(Std. err. adjusted for {res:68} clusters in {res:s})}
{hline 13}{c TT}{hline 11}{hline 11}{hline 9}{hline 8}{hline 13}{hline 12}
{col 14}{c |}{col 26}    Robust
{col 1}       tmock{col 14}{c |} Coefficient{col 26}  std. err.{col 38}      t{col 46}   P>|t|{col 54}     [95% con{col 67}f. interval]
{hline 13}{c +}{hline 11}{hline 11}{hline 9}{hline 8}{hline 13}{hline 12}
{space 9}inc {c |}{col 14}{res}{space 2} .1292732{col 26}{space 2} .0902619{col 37}{space 1}    1.43{col 46}{space 3}0.157{col 54}{space 4}-.0508902{col 67}{space 3} .3094367
{txt}{space 6}sexdum {c |}{col 14}{res}{space 2}-.0121905{col 26}{space 2} .0104204{col 37}{space 1}   -1.17{col 46}{space 3}0.246{col 54}{space 4}-.0329897{col 67}{space 3} .0086087
{txt}{space 9}std {c |}{col 14}{res}{space 2} .0426135{col 26}{space 2} .0072843{col 37}{space 1}    5.85{col 46}{space 3}0.000{col 54}{space 4} .0280741{col 67}{space 3}  .057153
{txt}{space 7}_cons {c |}{col 14}{res}{space 2} .2466946{col 26}{space 2} .0757844{col 37}{space 1}    3.26{col 46}{space 3}0.002{col 54}{space 4} .0954283{col 67}{space 3} .3979609
{txt}{hline 13}{c BT}{hline 11}{hline 11}{hline 9}{hline 8}{hline 13}{hline 12}
{res}  14,982

{txt}Linear regression                               Number of obs     = {res}    11,651
                                                {txt}F(3, 265)         =  {res}    97.11
                                                {txt}Prob > F          = {res}    0.0000
                                                {txt}R-squared         = {res}    0.2290
                                                {txt}Root MSE          =    {res} .42531

{txt}{ralign 78:(Std. err. adjusted for {res:266} clusters in {res:s})}
{hline 13}{c TT}{hline 11}{hline 11}{hline 9}{hline 8}{hline 13}{hline 12}
{col 14}{c |}{col 26}    Robust
{col 1}       tmock{col 14}{c |} Coefficient{col 26}  std. err.{col 38}      t{col 46}   P>|t|{col 54}     [95% con{col 67}f. interval]
{hline 13}{c +}{hline 11}{hline 11}{hline 9}{hline 8}{hline 13}{hline 12}
{space 9}inc {c |}{col 14}{res}{space 2} .0700518{col 26}{space 2} .0294845{col 37}{space 1}    2.38{col 46}{space 3}0.018{col 54}{space 4} .0119981{col 67}{space 3} .1281056
{txt}{space 6}sexdum {c |}{col 14}{res}{space 2} .0155778{col 26}{space 2} .0091381{col 37}{space 1}    1.70{col 46}{space 3}0.089{col 54}{space 4}-.0024148{col 67}{space 3} .0335704
{txt}{space 9}std {c |}{col 14}{res}{space 2}-.0125405{col 26}{space 2} .0008207{col 37}{space 1}  -15.28{col 46}{space 3}0.000{col 54}{space 4}-.0141564{col 67}{space 3}-.0109246
{txt}{space 7}_cons {c |}{col 14}{res}{space 2} .7459748{col 26}{space 2} .0296867{col 37}{space 1}   25.13{col 46}{space 3}0.000{col 54}{space 4}  .687523{col 67}{space 3} .8044265
{txt}{hline 13}{c BT}{hline 11}{hline 11}{hline 9}{hline 8}{hline 13}{hline 12}
{res}  11,940

{txt}Linear regression                               Number of obs     = {res}     8,964
                                                {txt}F(3, 258)         =  {res}   100.26
                                                {txt}Prob > F          = {res}    0.0000
                                                {txt}R-squared         = {res}    0.1564
                                                {txt}Root MSE          =    {res} .45889

{txt}{ralign 78:(Std. err. adjusted for {res:259} clusters in {res:s})}
{hline 13}{c TT}{hline 11}{hline 11}{hline 9}{hline 8}{hline 13}{hline 12}
{col 14}{c |}{col 26}    Robust
{col 1}       tmock{col 14}{c |} Coefficient{col 26}  std. err.{col 38}      t{col 46}   P>|t|{col 54}     [95% con{col 67}f. interval]
{hline 13}{c +}{hline 11}{hline 11}{hline 9}{hline 8}{hline 13}{hline 12}
{space 9}inc {c |}{col 14}{res}{space 2}-.0053662{col 26}{space 2}  .027543{col 37}{space 1}   -0.19{col 46}{space 3}0.846{col 54}{space 4}-.0596039{col 67}{space 3} .0488715
{txt}{space 6}sexdum {c |}{col 14}{res}{space 2} .0027247{col 26}{space 2} .0088016{col 37}{space 1}    0.31{col 46}{space 3}0.757{col 54}{space 4}-.0146074{col 67}{space 3} .0200568
{txt}{space 9}std {c |}{col 14}{res}{space 2}-.0102086{col 26}{space 2} .0005916{col 37}{space 1}  -17.26{col 46}{space 3}0.000{col 54}{space 4}-.0113735{col 67}{space 3}-.0090436
{txt}{space 7}_cons {c |}{col 14}{res}{space 2} .6272262{col 26}{space 2}  .022602{col 37}{space 1}   27.75{col 46}{space 3}0.000{col 54}{space 4} .5827183{col 67}{space 3} .6717341
{txt}{hline 13}{c BT}{hline 11}{hline 11}{hline 9}{hline 8}{hline 13}{hline 12}
{res}{txt}
{com}. 
. //#### PASO 5: Exportar Panel B en .tex
. esttab year0 year1 year2 year3 using "$basedir\panel_b.tex", ///
>     keep(inc) ///
>     se star(* 0.10 ** 0.05 *** 0.01) ///
>     label b(3) se(3) ///
>     compress nomtitle nonotes ///
>     title("Panel B. Dependent variable: take government exam") ///
>     replace
{res}{txt}{p 0 4 2}
(file {bf}
C:\Users\danif\Colmex maestria\TERCER SEMESTRE\MICROECONOMETRIA EPS\TAREAS\TAREA 2\panel_b.tex{rm}
not found)
{p_end}
(output written to {browse  `"C:\Users\danif\Colmex maestria\TERCER SEMESTRE\MICROECONOMETRIA EPS\TAREAS\TAREA 2\panel_b.tex"'})

{com}.         
. //### PANEL C: International Child Support (ICS)
. /******************************************************************************************
> * PANEL C - tics como variable dependiente
> * Controles: sexdum y std
> * Filtro: table2 == "B C E" (un solo string)
> * Para year == 0: limitar a grados 4 a 8
> ******************************************************************************************/
. 
. //#### PASO 1: Cargar base
. use "$basedir\Glewwe_Ilias_Kremer_2010.dta", clear
{txt}
{com}. 
. //#### PASO 2: Filtrar Panel B (según instrucciones)
. keep if table2 == "B C E"
{txt}(411,085 observations deleted)

{com}. 
. //#### PASO 3: Limitar grados 4–8 solo en año 0
. gen keep_obs = 1
{txt}
{com}. replace keep_obs = 0 if year == 0 & (std < 4 | std > 8)
{txt}(9,542 real changes made)

{com}. keep if keep_obs == 1
{txt}(9,542 observations deleted)

{com}. 
. //#### PASO 4: Estimar regresiones por año
. eststo clear
{txt}
{com}. 
. foreach y in 0 1 2 3 {c -(}
{txt}  2{com}.     
.     count if year == `y'
{txt}  3{com}.     if r(N) > 0 {c -(}
{txt}  4{com}.         eststo year`y': reg tics inc sexdum std ///
>             if year == `y', cluster(s)
{txt}  5{com}.     {c )-}
{txt}  6{com}.     else {c -(}
{txt}  7{com}.         display "No hay observaciones para year == `y'"
{txt}  8{com}.     {c )-}
{txt}  9{com}. 
. {c )-}
  {res}30,942

{txt}Linear regression                               Number of obs     = {res}    14,921
                                                {txt}F(3, 99)          =  {res}     8.96
                                                {txt}Prob > F          = {res}    0.0000
                                                {txt}R-squared         = {res}    0.0043
                                                {txt}Root MSE          =    {res} .33305

{txt}{ralign 78:(Std. err. adjusted for {res:100} clusters in {res:s})}
{hline 13}{c TT}{hline 11}{hline 11}{hline 9}{hline 8}{hline 13}{hline 12}
{col 14}{c |}{col 26}    Robust
{col 1}        tics{col 14}{c |} Coefficient{col 26}  std. err.{col 38}      t{col 46}   P>|t|{col 54}     [95% con{col 67}f. interval]
{hline 13}{c +}{hline 11}{hline 11}{hline 9}{hline 8}{hline 13}{hline 12}
{space 9}inc {c |}{col 14}{res}{space 2} .0099481{col 26}{space 2}  .011787{col 37}{space 1}    0.84{col 46}{space 3}0.401{col 54}{space 4}  -.01344{col 67}{space 3} .0333361
{txt}{space 6}sexdum {c |}{col 14}{res}{space 2} .0008192{col 26}{space 2} .0061826{col 37}{space 1}    0.13{col 46}{space 3}0.895{col 54}{space 4}-.0114484{col 67}{space 3} .0130869
{txt}{space 9}std {c |}{col 14}{res}{space 2}-.0155348{col 26}{space 2} .0030178{col 37}{space 1}   -5.15{col 46}{space 3}0.000{col 54}{space 4}-.0215229{col 67}{space 3}-.0095468
{txt}{space 7}_cons {c |}{col 14}{res}{space 2} .9550864{col 26}{space 2}  .015981{col 37}{space 1}   59.76{col 46}{space 3}0.000{col 54}{space 4} .9233767{col 67}{space 3} .9867961
{txt}{hline 13}{c BT}{hline 11}{hline 11}{hline 9}{hline 8}{hline 13}{hline 12}
{res}  14,982

{txt}Linear regression                               Number of obs     = {res}    13,085
                                                {txt}F(3, 98)          =  {res}     0.88
                                                {txt}Prob > F          = {res}    0.4549
                                                {txt}R-squared         = {res}    0.0159
                                                {txt}Root MSE          =    {res} .44758

{txt}{ralign 78:(Std. err. adjusted for {res:99} clusters in {res:s})}
{hline 13}{c TT}{hline 11}{hline 11}{hline 9}{hline 8}{hline 13}{hline 12}
{col 14}{c |}{col 26}    Robust
{col 1}        tics{col 14}{c |} Coefficient{col 26}  std. err.{col 38}      t{col 46}   P>|t|{col 54}     [95% con{col 67}f. interval]
{hline 13}{c +}{hline 11}{hline 11}{hline 9}{hline 8}{hline 13}{hline 12}
{space 9}inc {c |}{col 14}{res}{space 2} .1133358{col 26}{space 2} .0859936{col 37}{space 1}    1.32{col 46}{space 3}0.191{col 54}{space 4}-.0573157{col 67}{space 3} .2839872
{txt}{space 6}sexdum {c |}{col 14}{res}{space 2}-.0051919{col 26}{space 2} .0084796{col 37}{space 1}   -0.61{col 46}{space 3}0.542{col 54}{space 4}-.0220194{col 67}{space 3} .0116356
{txt}{space 9}std {c |}{col 14}{res}{space 2} .0040582{col 26}{space 2} .0048282{col 37}{space 1}    0.84{col 46}{space 3}0.403{col 54}{space 4}-.0055233{col 67}{space 3} .0136396
{txt}{space 7}_cons {c |}{col 14}{res}{space 2} .6411418{col 26}{space 2} .0787735{col 37}{space 1}    8.14{col 46}{space 3}0.000{col 54}{space 4} .4848184{col 67}{space 3} .7974652
{txt}{hline 13}{c BT}{hline 11}{hline 11}{hline 9}{hline 8}{hline 13}{hline 12}
{res}  14,982

{txt}Linear regression                               Number of obs     = {res}    12,982
                                                {txt}F(3, 270)         =  {res}    75.73
                                                {txt}Prob > F          = {res}    0.0000
                                                {txt}R-squared         = {res}    0.2148
                                                {txt}Root MSE          =    {res} .42308

{txt}{ralign 78:(Std. err. adjusted for {res:271} clusters in {res:s})}
{hline 13}{c TT}{hline 11}{hline 11}{hline 9}{hline 8}{hline 13}{hline 12}
{col 14}{c |}{col 26}    Robust
{col 1}        tics{col 14}{c |} Coefficient{col 26}  std. err.{col 38}      t{col 46}   P>|t|{col 54}     [95% con{col 67}f. interval]
{hline 13}{c +}{hline 11}{hline 11}{hline 9}{hline 8}{hline 13}{hline 12}
{space 9}inc {c |}{col 14}{res}{space 2} .0096028{col 26}{space 2}  .027782{col 37}{space 1}    0.35{col 46}{space 3}0.730{col 54}{space 4}-.0450941{col 67}{space 3} .0642998
{txt}{space 6}sexdum {c |}{col 14}{res}{space 2}-.0025761{col 26}{space 2} .0076374{col 37}{space 1}   -0.34{col 46}{space 3}0.736{col 54}{space 4}-.0176125{col 67}{space 3} .0124603
{txt}{space 9}std {c |}{col 14}{res}{space 2} -.012705{col 26}{space 2}  .000896{col 37}{space 1}  -14.18{col 46}{space 3}0.000{col 54}{space 4}-.0144689{col 67}{space 3} -.010941
{txt}{space 7}_cons {c |}{col 14}{res}{space 2} .8074689{col 26}{space 2} .0292239{col 37}{space 1}   27.63{col 46}{space 3}0.000{col 54}{space 4} .7499331{col 67}{space 3} .8650046
{txt}{hline 13}{c BT}{hline 11}{hline 11}{hline 9}{hline 8}{hline 13}{hline 12}
{res}  11,940

{txt}Linear regression                               Number of obs     = {res}     2,277
                                                {txt}F(3, 26)          =  {res}   550.96
                                                {txt}Prob > F          = {res}    0.0000
                                                {txt}R-squared         = {res}    0.2613
                                                {txt}Root MSE          =    {res} .41559

{txt}{ralign 78:(Std. err. adjusted for {res:27} clusters in {res:s})}
{hline 13}{c TT}{hline 11}{hline 11}{hline 9}{hline 8}{hline 13}{hline 12}
{col 14}{c |}{col 26}    Robust
{col 1}        tics{col 14}{c |} Coefficient{col 26}  std. err.{col 38}      t{col 46}   P>|t|{col 54}     [95% con{col 67}f. interval]
{hline 13}{c +}{hline 11}{hline 11}{hline 9}{hline 8}{hline 13}{hline 12}
{space 9}inc {c |}{col 14}{res}{space 2} .0315416{col 26}{space 2} .0357718{col 37}{space 1}    0.88{col 46}{space 3}0.386{col 54}{space 4}-.0419884{col 67}{space 3} .1050715
{txt}{space 6}sexdum {c |}{col 14}{res}{space 2}-.0205459{col 26}{space 2} .0197425{col 37}{space 1}   -1.04{col 46}{space 3}0.308{col 54}{space 4}-.0611273{col 67}{space 3} .0200355
{txt}{space 9}std {c |}{col 14}{res}{space 2}-.0145785{col 26}{space 2} .0004057{col 37}{space 1}  -35.94{col 46}{space 3}0.000{col 54}{space 4}-.0154124{col 67}{space 3}-.0137447
{txt}{space 7}_cons {c |}{col 14}{res}{space 2} .8179926{col 26}{space 2} .0309443{col 37}{space 1}   26.43{col 46}{space 3}0.000{col 54}{space 4} .7543857{col 67}{space 3} .8815995
{txt}{hline 13}{c BT}{hline 11}{hline 11}{hline 9}{hline 8}{hline 13}{hline 12}
{res}{txt}
{com}. 
. //#### PASO 5: Exportar Panel B en .tex
. esttab year0 year1 year2 year3 using "$basedir\panel_c.tex", ///
>     keep(inc) ///
>     se star(* 0.10 ** 0.05 *** 0.01) ///
>     label b(3) se(3) ///
>     compress nomtitle nonotes ///
>     title("Panel C. Dependent variable: International Child Support") ///
>     replace
{res}{txt}{p 0 4 2}
(file {bf}
C:\Users\danif\Colmex maestria\TERCER SEMESTRE\MICROECONOMETRIA EPS\TAREAS\TAREA 2\panel_c.tex{rm}
not found)
{p_end}
(output written to {browse  `"C:\Users\danif\Colmex maestria\TERCER SEMESTRE\MICROECONOMETRIA EPS\TAREAS\TAREA 2\panel_c.tex"'})

{com}.         
.         
. //### PANEL D: Abandono escolar
. /******************************************************************************************
> * PANEL D - dropout como variable dependiente
> * Controles: solo sexdum
> * Filtro: table2 == "D"
> * Sin restricciones por grado
> ******************************************************************************************/
. 
. //#### PASO 1: Cargar base
. use "$basedir\Glewwe_Ilias_Kremer_2010.dta", clear
{txt}
{com}. 
. //#### PASO 2: Filtrar para Panel D
. keep if table2 == "D"
{txt}(427,600 observations deleted)

{com}. 
. //#### PASO 3: Estimar regresiones por año
. eststo clear
{txt}
{com}. local models ""
{txt}
{com}. 
. foreach y in 0 1 2 3 {c -(}
{txt}  2{com}.     count if year == `y'
{txt}  3{com}.     if r(N) > 0 {c -(}
{txt}  4{com}.         eststo year`y': reg dropout inc sexdum if year == `y', cluster(s)
{txt}  5{com}.         local models `models' year`y'
{txt}  6{com}.     {c )-}
{txt}  7{com}.     else {c -(}
{txt}  8{com}.         display "No hay observaciones para year == `y'"
{txt}  9{com}.     {c )-}
{txt} 10{com}. {c )-}
  {res}17,809

{txt}Linear regression                               Number of obs     = {res}    13,841
                                                {txt}F(2, 99)          =  {res}     4.03
                                                {txt}Prob > F          = {res}    0.0208
                                                {txt}R-squared         = {res}    0.0006
                                                {txt}Root MSE          =    {res} .33983

{txt}{ralign 78:(Std. err. adjusted for {res:100} clusters in {res:s})}
{hline 13}{c TT}{hline 11}{hline 11}{hline 9}{hline 8}{hline 13}{hline 12}
{col 14}{c |}{col 26}    Robust
{col 1}     dropout{col 14}{c |} Coefficient{col 26}  std. err.{col 38}      t{col 46}   P>|t|{col 54}     [95% con{col 67}f. interval]
{hline 13}{c +}{hline 11}{hline 11}{hline 9}{hline 8}{hline 13}{hline 12}
{space 9}inc {c |}{col 14}{res}{space 2} .0042144{col 26}{space 2}  .016702{col 37}{space 1}    0.25{col 46}{space 3}0.801{col 54}{space 4} -.028926{col 67}{space 3} .0373549
{txt}{space 6}sexdum {c |}{col 14}{res}{space 2}-.0162973{col 26}{space 2} .0057432{col 37}{space 1}   -2.84{col 46}{space 3}0.006{col 54}{space 4}-.0276931{col 67}{space 3}-.0049015
{txt}{space 7}_cons {c |}{col 14}{res}{space 2} .1401288{col 26}{space 2} .0115253{col 37}{space 1}   12.16{col 46}{space 3}0.000{col 54}{space 4} .1172601{col 67}{space 3} .1629975
{txt}{hline 13}{c BT}{hline 11}{hline 11}{hline 9}{hline 8}{hline 13}{hline 12}
{res}  17,225

{txt}Linear regression                               Number of obs     = {res}    13,347
                                                {txt}F(2, 99)          =  {res}    13.88
                                                {txt}Prob > F          = {res}    0.0000
                                                {txt}R-squared         = {res}    0.0023
                                                {txt}Root MSE          =    {res} .33026

{txt}{ralign 78:(Std. err. adjusted for {res:100} clusters in {res:s})}
{hline 13}{c TT}{hline 11}{hline 11}{hline 9}{hline 8}{hline 13}{hline 12}
{col 14}{c |}{col 26}    Robust
{col 1}     dropout{col 14}{c |} Coefficient{col 26}  std. err.{col 38}      t{col 46}   P>|t|{col 54}     [95% con{col 67}f. interval]
{hline 13}{c +}{hline 11}{hline 11}{hline 9}{hline 8}{hline 13}{hline 12}
{space 9}inc {c |}{col 14}{res}{space 2}-.0078616{col 26}{space 2} .0121705{col 37}{space 1}   -0.65{col 46}{space 3}0.520{col 54}{space 4}-.0320106{col 67}{space 3} .0162875
{txt}{space 6}sexdum {c |}{col 14}{res}{space 2}-.0306835{col 26}{space 2} .0060353{col 37}{space 1}   -5.08{col 46}{space 3}0.000{col 54}{space 4}-.0426589{col 67}{space 3} -.018708
{txt}{space 7}_cons {c |}{col 14}{res}{space 2}  .145129{col 26}{space 2} .0084041{col 37}{space 1}   17.27{col 46}{space 3}0.000{col 54}{space 4} .1284534{col 67}{space 3} .1618046
{txt}{hline 13}{c BT}{hline 11}{hline 11}{hline 9}{hline 8}{hline 13}{hline 12}
{res}  17,268

{txt}Linear regression                               Number of obs     = {res}    12,007
                                                {txt}F(2, 98)          =  {res}     8.38
                                                {txt}Prob > F          = {res}    0.0004
                                                {txt}R-squared         = {res}    0.0021
                                                {txt}Root MSE          =    {res} .32232

{txt}{ralign 78:(Std. err. adjusted for {res:99} clusters in {res:s})}
{hline 13}{c TT}{hline 11}{hline 11}{hline 9}{hline 8}{hline 13}{hline 12}
{col 14}{c |}{col 26}    Robust
{col 1}     dropout{col 14}{c |} Coefficient{col 26}  std. err.{col 38}      t{col 46}   P>|t|{col 54}     [95% con{col 67}f. interval]
{hline 13}{c +}{hline 11}{hline 11}{hline 9}{hline 8}{hline 13}{hline 12}
{space 9}inc {c |}{col 14}{res}{space 2}-.0080292{col 26}{space 2} .0107388{col 37}{space 1}   -0.75{col 46}{space 3}0.456{col 54}{space 4}  -.02934{col 67}{space 3} .0132815
{txt}{space 6}sexdum {c |}{col 14}{res}{space 2}-.0285594{col 26}{space 2} .0072549{col 37}{space 1}   -3.94{col 46}{space 3}0.000{col 54}{space 4}-.0429564{col 67}{space 3}-.0141624
{txt}{space 7}_cons {c |}{col 14}{res}{space 2} .1373953{col 26}{space 2} .0097766{col 37}{space 1}   14.05{col 46}{space 3}0.000{col 54}{space 4} .1179939{col 67}{space 3} .1567967
{txt}{hline 13}{c BT}{hline 11}{hline 11}{hline 9}{hline 8}{hline 13}{hline 12}
{res}  13,571

{txt}Linear regression                               Number of obs     = {res}     9,479
                                                {txt}F(2, 98)          =  {res}     4.69
                                                {txt}Prob > F          = {res}    0.0113
                                                {txt}R-squared         = {res}    0.0014
                                                {txt}Root MSE          =    {res} .23406

{txt}{ralign 78:(Std. err. adjusted for {res:99} clusters in {res:s})}
{hline 13}{c TT}{hline 11}{hline 11}{hline 9}{hline 8}{hline 13}{hline 12}
{col 14}{c |}{col 26}    Robust
{col 1}     dropout{col 14}{c |} Coefficient{col 26}  std. err.{col 38}      t{col 46}   P>|t|{col 54}     [95% con{col 67}f. interval]
{hline 13}{c +}{hline 11}{hline 11}{hline 9}{hline 8}{hline 13}{hline 12}
{space 9}inc {c |}{col 14}{res}{space 2} .0022092{col 26}{space 2} .0085011{col 37}{space 1}    0.26{col 46}{space 3}0.796{col 54}{space 4} -.014661{col 67}{space 3} .0190794
{txt}{space 6}sexdum {c |}{col 14}{res}{space 2}-.0175177{col 26}{space 2} .0057664{col 37}{space 1}   -3.04{col 46}{space 3}0.003{col 54}{space 4} -.028961{col 67}{space 3}-.0060745
{txt}{space 7}_cons {c |}{col 14}{res}{space 2} .0667855{col 26}{space 2} .0067594{col 37}{space 1}    9.88{col 46}{space 3}0.000{col 54}{space 4} .0533716{col 67}{space 3} .0801993
{txt}{hline 13}{c BT}{hline 11}{hline 11}{hline 9}{hline 8}{hline 13}{hline 12}
{res}{txt}
{com}. 
. //#### PASO 4: Exportar Panel D a archivo .tex
. if "`models'" != "" {c -(}
.     esttab `models' using "$basedir\panel_d.tex", ///
>         keep(inc) ///
>         se star(* 0.10 ** 0.05 *** 0.01) ///
>         label b(3) se(3) ///
>         compress nomtitle nonotes ///
>         title("Panel D. Dependent variable: dropping out (linear probability model)") ///
>         replace
{res}{txt}{p 0 4 2}
(file {bf}
C:\Users\danif\Colmex maestria\TERCER SEMESTRE\MICROECONOMETRIA EPS\TAREAS\TAREA 2\panel_d.tex{rm}
not found)
{p_end}
(output written to {browse  `"C:\Users\danif\Colmex maestria\TERCER SEMESTRE\MICROECONOMETRIA EPS\TAREAS\TAREA 2\panel_d.tex"'})
{com}. {c )-}
{txt}
{com}. else {c -(}
.     display "No se estimó ningún modelo — no se genera archivo .tex"
. {c )-}
{txt}
{com}. 
. 
. 
. //### PANEL E: Presentó examen si estaba inscrito
. /******************************************************************************************
> * PANEL E - tmock como variable dependiente
> * Controles: sexdum y std
> * Filtro: table2 == "B C E"
> * Restricción 1: std entre 4 y 8 para todos los años
> * Restricción 2: excluir alumnos que dejaron la escuela en año 1 (sstdd98v4) y año 2 (sstdd99v3)
> ******************************************************************************************/
. 
. //#### PASO 1: Cargar base
. use "$basedir\Glewwe_Ilias_Kremer_2010.dta", clear
{txt}
{com}. 
. //#### PASO 2: Filtrar muestra B C E (como en Panel B/C)
. keep if table2 == "B C E"
{txt}(411,085 observations deleted)

{com}. 
. //#### PASO 3: Limitar a grados 4 a 8 para todos los años
. keep if std >= 4 & std <= 8
{txt}(16,234 observations deleted)

{com}. 
. //#### PASO 4: Excluir alumnos que abandonaron en año 1 y 2
. gen keep_enrolled = 1
{txt}
{com}. replace keep_enrolled = 0 if (year == 1 & inlist(sstd98v4, 55, 66, 77))
{txt}(189 real changes made)

{com}. replace keep_enrolled = 0 if (year == 2 & inlist(sstd99v3, 55, 66, 77))
{txt}(0 real changes made)

{com}. keep if keep_enrolled == 1
{txt}(189 observations deleted)

{com}. 
. //#### PASO 5: Estimar regresiones por año
. eststo clear
{txt}
{com}. local models ""
{txt}
{com}. 
. foreach y in 0 1 2 3 {c -(}
{txt}  2{com}.     count if year == `y'
{txt}  3{com}.     if r(N) > 0 {c -(}
{txt}  4{com}.         eststo year`y': reg tmock inc sexdum std if year == `y', cluster(s)
{txt}  5{com}.         local models `models' year`y'
{txt}  6{com}.     {c )-}
{txt}  7{com}.     else {c -(}
{txt}  8{com}.         display "No hay observaciones para year == `y'"
{txt}  9{com}.     {c )-}
{txt} 10{com}. {c )-}
  {res}30,942

{txt}Linear regression                               Number of obs     = {res}    14,945
                                                {txt}F(3, 99)          =  {res}     0.44
                                                {txt}Prob > F          = {res}    0.7265
                                                {txt}R-squared         = {res}    0.0002
                                                {txt}Root MSE          =    {res} .39604

{txt}{ralign 78:(Std. err. adjusted for {res:100} clusters in {res:s})}
{hline 13}{c TT}{hline 11}{hline 11}{hline 9}{hline 8}{hline 13}{hline 12}
{col 14}{c |}{col 26}    Robust
{col 1}       tmock{col 14}{c |} Coefficient{col 26}  std. err.{col 38}      t{col 46}   P>|t|{col 54}     [95% con{col 67}f. interval]
{hline 13}{c +}{hline 11}{hline 11}{hline 9}{hline 8}{hline 13}{hline 12}
{space 9}inc {c |}{col 14}{res}{space 2} .0024668{col 26}{space 2}  .028657{col 37}{space 1}    0.09{col 46}{space 3}0.932{col 54}{space 4} -.054395{col 67}{space 3} .0593286
{txt}{space 6}sexdum {c |}{col 14}{res}{space 2}-.0022088{col 26}{space 2} .0089271{col 37}{space 1}   -0.25{col 46}{space 3}0.805{col 54}{space 4}-.0199221{col 67}{space 3} .0155045
{txt}{space 9}std {c |}{col 14}{res}{space 2} .0041564{col 26}{space 2} .0037317{col 37}{space 1}    1.11{col 46}{space 3}0.268{col 54}{space 4}-.0032482{col 67}{space 3}  .011561
{txt}{space 7}_cons {c |}{col 14}{res}{space 2}  .781731{col 26}{space 2} .0255736{col 37}{space 1}   30.57{col 46}{space 3}0.000{col 54}{space 4} .7309874{col 67}{space 3} .8324745
{txt}{hline 13}{c BT}{hline 11}{hline 11}{hline 9}{hline 8}{hline 13}{hline 12}
{res}  14,793

{txt}Linear regression                               Number of obs     = {res}     9,627
                                                {txt}F(3, 67)          =  {res}    11.07
                                                {txt}Prob > F          = {res}    0.0000
                                                {txt}R-squared         = {res}    0.0294
                                                {txt}Root MSE          =    {res} .49063

{txt}{ralign 78:(Std. err. adjusted for {res:68} clusters in {res:s})}
{hline 13}{c TT}{hline 11}{hline 11}{hline 9}{hline 8}{hline 13}{hline 12}
{col 14}{c |}{col 26}    Robust
{col 1}       tmock{col 14}{c |} Coefficient{col 26}  std. err.{col 38}      t{col 46}   P>|t|{col 54}     [95% con{col 67}f. interval]
{hline 13}{c +}{hline 11}{hline 11}{hline 9}{hline 8}{hline 13}{hline 12}
{space 9}inc {c |}{col 14}{res}{space 2}  .128947{col 26}{space 2} .0910699{col 37}{space 1}    1.42{col 46}{space 3}0.161{col 54}{space 4}-.0528294{col 67}{space 3} .3107233
{txt}{space 6}sexdum {c |}{col 14}{res}{space 2}-.0139992{col 26}{space 2} .0103441{col 37}{space 1}   -1.35{col 46}{space 3}0.180{col 54}{space 4} -.034646{col 67}{space 3} .0066476
{txt}{space 9}std {c |}{col 14}{res}{space 2} .0408248{col 26}{space 2} .0074625{col 37}{space 1}    5.47{col 46}{space 3}0.000{col 54}{space 4} .0259295{col 67}{space 3}   .05572
{txt}{space 7}_cons {c |}{col 14}{res}{space 2} .2615087{col 26}{space 2} .0763049{col 37}{space 1}    3.43{col 46}{space 3}0.001{col 54}{space 4} .1092035{col 67}{space 3} .4138139
{txt}{hline 13}{c BT}{hline 11}{hline 11}{hline 9}{hline 8}{hline 13}{hline 12}
{res}  11,607

{txt}Linear regression                               Number of obs     = {res}    10,032
                                                {txt}F(3, 261)         =  {res}    11.09
                                                {txt}Prob > F          = {res}    0.0000
                                                {txt}R-squared         = {res}    0.0191
                                                {txt}Root MSE          =    {res} .44401

{txt}{ralign 78:(Std. err. adjusted for {res:262} clusters in {res:s})}
{hline 13}{c TT}{hline 11}{hline 11}{hline 9}{hline 8}{hline 13}{hline 12}
{col 14}{c |}{col 26}    Robust
{col 1}       tmock{col 14}{c |} Coefficient{col 26}  std. err.{col 38}      t{col 46}   P>|t|{col 54}     [95% con{col 67}f. interval]
{hline 13}{c +}{hline 11}{hline 11}{hline 9}{hline 8}{hline 13}{hline 12}
{space 9}inc {c |}{col 14}{res}{space 2} .0763787{col 26}{space 2} .0338341{col 37}{space 1}    2.26{col 46}{space 3}0.025{col 54}{space 4} .0097562{col 67}{space 3} .1430012
{txt}{space 6}sexdum {c |}{col 14}{res}{space 2} .0121435{col 26}{space 2} .0102075{col 37}{space 1}    1.19{col 46}{space 3}0.235{col 54}{space 4}-.0079561{col 67}{space 3} .0322431
{txt}{space 9}std {c |}{col 14}{res}{space 2} .0404892{col 26}{space 2} .0075674{col 37}{space 1}    5.35{col 46}{space 3}0.000{col 54}{space 4} .0255883{col 67}{space 3}   .05539
{txt}{space 7}_cons {c |}{col 14}{res}{space 2} .4324522{col 26}{space 2}  .057771{col 37}{space 1}    7.49{col 46}{space 3}0.000{col 54}{space 4} .3186957{col 67}{space 3} .5462088
{txt}{hline 13}{c BT}{hline 11}{hline 11}{hline 9}{hline 8}{hline 13}{hline 12}
{res}  8,623

{txt}Linear regression                               Number of obs     = {res}     7,529
                                                {txt}F(3, 251)         =  {res}     0.47
                                                {txt}Prob > F          = {res}    0.7039
                                                {txt}R-squared         = {res}    0.0009
                                                {txt}Root MSE          =    {res} .49521

{txt}{ralign 78:(Std. err. adjusted for {res:252} clusters in {res:s})}
{hline 13}{c TT}{hline 11}{hline 11}{hline 9}{hline 8}{hline 13}{hline 12}
{col 14}{c |}{col 26}    Robust
{col 1}       tmock{col 14}{c |} Coefficient{col 26}  std. err.{col 38}      t{col 46}   P>|t|{col 54}     [95% con{col 67}f. interval]
{hline 13}{c +}{hline 11}{hline 11}{hline 9}{hline 8}{hline 13}{hline 12}
{space 9}inc {c |}{col 14}{res}{space 2}-.0041361{col 26}{space 2} .0323945{col 37}{space 1}   -0.13{col 46}{space 3}0.899{col 54}{space 4}-.0679357{col 67}{space 3} .0596636
{txt}{space 6}sexdum {c |}{col 14}{res}{space 2} .0027637{col 26}{space 2} .0104522{col 37}{space 1}    0.26{col 46}{space 3}0.792{col 54}{space 4}-.0178215{col 67}{space 3}  .023349
{txt}{space 9}std {c |}{col 14}{res}{space 2} .0138931{col 26}{space 2} .0121469{col 37}{space 1}    1.14{col 46}{space 3}0.254{col 54}{space 4}-.0100297{col 67}{space 3} .0378159
{txt}{space 7}_cons {c |}{col 14}{res}{space 2} .4790965{col 26}{space 2} .0760028{col 37}{space 1}    6.30{col 46}{space 3}0.000{col 54}{space 4} .3294119{col 67}{space 3} .6287811
{txt}{hline 13}{c BT}{hline 11}{hline 11}{hline 9}{hline 8}{hline 13}{hline 12}
{res}{txt}
{com}. 
. //#### PASO 6: Exportar tabla .tex para Panel E
. if "`models'" != "" {c -(}
.     esttab `models' using "$basedir\panel_e.tex", ///
>         keep(inc) ///
>         se star(* 0.10 ** 0.05 *** 0.01) ///
>         label b(3) se(3) ///
>         compress nomtitle nonotes ///
>         title("Panel E. Dependent variable: take government exam if enrolled") ///
>         replace
{res}{txt}{p 0 4 2}
(file {bf}
C:\Users\danif\Colmex maestria\TERCER SEMESTRE\MICROECONOMETRIA EPS\TAREAS\TAREA 2\panel_e.tex{rm}
not found)
{p_end}
(output written to {browse  `"C:\Users\danif\Colmex maestria\TERCER SEMESTRE\MICROECONOMETRIA EPS\TAREAS\TAREA 2\panel_e.tex"'})
{com}. {c )-}
{txt}
{com}. else {c -(}
.     display "No se estimó ningún modelo — no se genera archivo .tex"
. {c )-}
{txt}
{com}. 
. 
. //## b) Replicación de Tabla 2 - Glewwe, Ilias y Kremer (2010) SIN CONTROLES 
. 
. //### PANEL A - REGRESIONES CORTAS SIN CONTROLES
. 
. use "$basedir\Glewwe_Ilias_Kremer_2010.dta", clear
{txt}
{com}. keep if table2 == "A"
{txt}(148,261 observations deleted)

{com}. 
. eststo clear
{txt}
{com}. foreach y in 0 1 2 3 {c -(}
{txt}  2{com}.     eststo year`y': reg t inc if year == `y', cluster(s)
{txt}  3{com}. {c )-}

{txt}Linear regression                               Number of obs     = {res}    63,812
                                                {txt}F(1, 99)          =  {res}     0.36
                                                {txt}Prob > F          = {res}    0.5505
                                                {txt}R-squared         = {res}    0.0007
                                                {txt}Root MSE          =    {res} 1.0147

{txt}{ralign 78:(Std. err. adjusted for {res:100} clusters in {res:s})}
{hline 13}{c TT}{hline 11}{hline 11}{hline 9}{hline 8}{hline 13}{hline 12}
{col 14}{c |}{col 26}    Robust
{col 1}           t{col 14}{c |} Coefficient{col 26}  std. err.{col 38}      t{col 46}   P>|t|{col 54}     [95% con{col 67}f. interval]
{hline 13}{c +}{hline 11}{hline 11}{hline 9}{hline 8}{hline 13}{hline 12}
{space 9}inc {c |}{col 14}{res}{space 2} .0541673{col 26}{space 2} .0904234{col 37}{space 1}    0.60{col 46}{space 3}0.551{col 54}{space 4}-.1252524{col 67}{space 3}  .233587
{txt}{space 7}_cons {c |}{col 14}{res}{space 2} 1.54e-08{col 26}{space 2} .0590341{col 37}{space 1}    0.00{col 46}{space 3}1.000{col 54}{space 4}-.1171364{col 67}{space 3} .1171364
{txt}{hline 13}{c BT}{hline 11}{hline 11}{hline 9}{hline 8}{hline 13}{hline 12}
{res}
{txt}Linear regression                               Number of obs     = {res}    73,367
                                                {txt}F(1, 99)          =  {res}     3.02
                                                {txt}Prob > F          = {res}    0.0855
                                                {txt}R-squared         = {res}    0.0107
                                                {txt}Root MSE          =    {res} .99265

{txt}{ralign 78:(Std. err. adjusted for {res:100} clusters in {res:s})}
{hline 13}{c TT}{hline 11}{hline 11}{hline 9}{hline 8}{hline 13}{hline 12}
{col 14}{c |}{col 26}    Robust
{col 1}           t{col 14}{c |} Coefficient{col 26}  std. err.{col 38}      t{col 46}   P>|t|{col 54}     [95% con{col 67}f. interval]
{hline 13}{c +}{hline 11}{hline 11}{hline 9}{hline 8}{hline 13}{hline 12}
{space 9}inc {c |}{col 14}{res}{space 2} .2064414{col 26}{space 2} .1188448{col 37}{space 1}    1.74{col 46}{space 3}0.085{col 54}{space 4}-.0293725{col 67}{space 3} .4422552
{txt}{space 7}_cons {c |}{col 14}{res}{space 2} 1.22e-10{col 26}{space 2} .0681231{col 37}{space 1}    0.00{col 46}{space 3}1.000{col 54}{space 4}-.1351709{col 67}{space 3} .1351709
{txt}{hline 13}{c BT}{hline 11}{hline 11}{hline 9}{hline 8}{hline 13}{hline 12}
{res}
{txt}Linear regression                               Number of obs     = {res}    73,789
                                                {txt}F(1, 98)          =  {res}     7.78
                                                {txt}Prob > F          = {res}    0.0063
                                                {txt}R-squared         = {res}    0.0107
                                                {txt}Root MSE          =    {res} 1.0787

{txt}{ralign 78:(Std. err. adjusted for {res:99} clusters in {res:s})}
{hline 13}{c TT}{hline 11}{hline 11}{hline 9}{hline 8}{hline 13}{hline 12}
{col 14}{c |}{col 26}    Robust
{col 1}           t{col 14}{c |} Coefficient{col 26}  std. err.{col 38}      t{col 46}   P>|t|{col 54}     [95% con{col 67}f. interval]
{hline 13}{c +}{hline 11}{hline 11}{hline 9}{hline 8}{hline 13}{hline 12}
{space 9}inc {c |}{col 14}{res}{space 2} .2244667{col 26}{space 2} .0804645{col 37}{space 1}    2.79{col 46}{space 3}0.006{col 54}{space 4} .0647876{col 67}{space 3} .3841459
{txt}{space 7}_cons {c |}{col 14}{res}{space 2} 1.04e-08{col 26}{space 2} .0605713{col 37}{space 1}    0.00{col 46}{space 3}1.000{col 54}{space 4}-.1202017{col 67}{space 3} .1202017
{txt}{hline 13}{c BT}{hline 11}{hline 11}{hline 9}{hline 8}{hline 13}{hline 12}
{res}
{txt}Linear regression                               Number of obs     = {res}    57,674
                                                {txt}F(1, 98)          =  {res}     0.66
                                                {txt}Prob > F          = {res}    0.4197
                                                {txt}R-squared         = {res}    0.0006
                                                {txt}Root MSE          =    {res}  1.017

{txt}{ralign 78:(Std. err. adjusted for {res:99} clusters in {res:s})}
{hline 13}{c TT}{hline 11}{hline 11}{hline 9}{hline 8}{hline 13}{hline 12}
{col 14}{c |}{col 26}    Robust
{col 1}           t{col 14}{c |} Coefficient{col 26}  std. err.{col 38}      t{col 46}   P>|t|{col 54}     [95% con{col 67}f. interval]
{hline 13}{c +}{hline 11}{hline 11}{hline 9}{hline 8}{hline 13}{hline 12}
{space 9}inc {c |}{col 14}{res}{space 2} .0511329{col 26}{space 2} .0630969{col 37}{space 1}    0.81{col 46}{space 3}0.420{col 54}{space 4}-.0740809{col 67}{space 3} .1763467
{txt}{space 7}_cons {c |}{col 14}{res}{space 2}-2.08e-09{col 26}{space 2}  .045225{col 37}{space 1}   -0.00{col 46}{space 3}1.000{col 54}{space 4}-.0897475{col 67}{space 3} .0897475
{txt}{hline 13}{c BT}{hline 11}{hline 11}{hline 9}{hline 8}{hline 13}{hline 12}
{res}{txt}
{com}. 
. esttab year0 year1 year2 year3 using "$basedir\panel_a_short.tex", ///
>     keep(inc) ///
>     se star(* 0.10 ** 0.05 *** 0.01) ///
>     label b(3) se(3) ///
>     compress nomtitle nonotes ///
>     title("Panel A. Dependent variable: test scores (no controls)") ///
>     replace
{res}{txt}{p 0 4 2}
(file {bf}
C:\Users\danif\Colmex maestria\TERCER SEMESTRE\MICROECONOMETRIA EPS\TAREAS\TAREA 2\panel_a_short.tex{rm}
not found)
{p_end}
(output written to {browse  `"C:\Users\danif\Colmex maestria\TERCER SEMESTRE\MICROECONOMETRIA EPS\TAREAS\TAREA 2\panel_a_short.tex"'})

{com}. 
. 
. //### PANEL B (CORTO): Participación en examen gubernamental — sin controles
. /******************************************************************************************
> * PANEL B (corto) - tmock como variable dependiente
> * Sin controles (solo variable de tratamiento inc)
> * Filtro: table2 == "B C E"
> * Restricción para year == 0: limitar a grados 4 a 8
> ******************************************************************************************/
. 
. //#### PASO 1: Cargar base
. use "$basedir\Glewwe_Ilias_Kremer_2010.dta", clear
{txt}
{com}. 
. //#### PASO 2: Filtrar muestra según instrucciones
. keep if table2 == "B C E"
{txt}(411,085 observations deleted)

{com}. 
. //#### PASO 3: Limitar grados 4–8 solo en año 0
. gen keep_obs = 1
{txt}
{com}. replace keep_obs = 0 if year == 0 & (std < 4 | std > 8)
{txt}(9,542 real changes made)

{com}. keep if keep_obs == 1
{txt}(9,542 observations deleted)

{com}. 
. //#### PASO 4: Estimar regresiones por año (solo variable inc)
. eststo clear
{txt}
{com}. 
. foreach y in 0 1 2 3 {c -(}
{txt}  2{com}.     eststo year`y': reg tmock inc if year == `y', cluster(s)
{txt}  3{com}. {c )-}

{txt}Linear regression                               Number of obs     = {res}    15,224
                                                {txt}F(1, 99)          =  {res}     0.00
                                                {txt}Prob > F          = {res}    0.9831
                                                {txt}R-squared         = {res}    0.0000
                                                {txt}Root MSE          =    {res} .40691

{txt}{ralign 78:(Std. err. adjusted for {res:100} clusters in {res:s})}
{hline 13}{c TT}{hline 11}{hline 11}{hline 9}{hline 8}{hline 13}{hline 12}
{col 14}{c |}{col 26}    Robust
{col 1}       tmock{col 14}{c |} Coefficient{col 26}  std. err.{col 38}      t{col 46}   P>|t|{col 54}     [95% con{col 67}f. interval]
{hline 13}{c +}{hline 11}{hline 11}{hline 9}{hline 8}{hline 13}{hline 12}
{space 9}inc {c |}{col 14}{res}{space 2} .0006019{col 26}{space 2} .0284043{col 37}{space 1}    0.02{col 46}{space 3}0.983{col 54}{space 4}-.0557584{col 67}{space 3} .0569621
{txt}{space 7}_cons {c |}{col 14}{res}{space 2} .7903085{col 26}{space 2} .0195831{col 37}{space 1}   40.36{col 46}{space 3}0.000{col 54}{space 4} .7514513{col 67}{space 3} .8291657
{txt}{hline 13}{c BT}{hline 11}{hline 11}{hline 9}{hline 8}{hline 13}{hline 12}
{res}
{txt}Linear regression                               Number of obs     = {res}    11,122
                                                {txt}F(1, 68)          =  {res}     1.75
                                                {txt}Prob > F          = {res}    0.1907
                                                {txt}R-squared         = {res}    0.0135
                                                {txt}Root MSE          =    {res} .49645

{txt}{ralign 78:(Std. err. adjusted for {res:69} clusters in {res:s})}
{hline 13}{c TT}{hline 11}{hline 11}{hline 9}{hline 8}{hline 13}{hline 12}
{col 14}{c |}{col 26}    Robust
{col 1}       tmock{col 14}{c |} Coefficient{col 26}  std. err.{col 38}      t{col 46}   P>|t|{col 54}     [95% con{col 67}f. interval]
{hline 13}{c +}{hline 11}{hline 11}{hline 9}{hline 8}{hline 13}{hline 12}
{space 9}inc {c |}{col 14}{res}{space 2} .1164777{col 26}{space 2} .0881288{col 37}{space 1}    1.32{col 46}{space 3}0.191{col 54}{space 4}-.0593806{col 67}{space 3}  .292336
{txt}{space 7}_cons {c |}{col 14}{res}{space 2} .4605351{col 26}{space 2} .0679391{col 37}{space 1}    6.78{col 46}{space 3}0.000{col 54}{space 4} .3249647{col 67}{space 3} .5961055
{txt}{hline 13}{c BT}{hline 11}{hline 11}{hline 9}{hline 8}{hline 13}{hline 12}
{res}
{txt}Linear regression                               Number of obs     = {res}    13,519
                                                {txt}F(1, 286)         =  {res}     3.84
                                                {txt}Prob > F          = {res}    0.0511
                                                {txt}R-squared         = {res}    0.0042
                                                {txt}Root MSE          =    {res} .48741

{txt}{ralign 78:(Std. err. adjusted for {res:287} clusters in {res:s})}
{hline 13}{c TT}{hline 11}{hline 11}{hline 9}{hline 8}{hline 13}{hline 12}
{col 14}{c |}{col 26}    Robust
{col 1}       tmock{col 14}{c |} Coefficient{col 26}  std. err.{col 38}      t{col 46}   P>|t|{col 54}     [95% con{col 67}f. interval]
{hline 13}{c +}{hline 11}{hline 11}{hline 9}{hline 8}{hline 13}{hline 12}
{space 9}inc {c |}{col 14}{res}{space 2} .0634547{col 26}{space 2} .0323937{col 37}{space 1}    1.96{col 46}{space 3}0.051{col 54}{space 4}-.0003056{col 67}{space 3} .1272149
{txt}{space 7}_cons {c |}{col 14}{res}{space 2} .5764167{col 26}{space 2} .0246637{col 37}{space 1}   23.37{col 46}{space 3}0.000{col 54}{space 4} .5278714{col 67}{space 3} .6249621
{txt}{hline 13}{c BT}{hline 11}{hline 11}{hline 9}{hline 8}{hline 13}{hline 12}
{res}
{txt}Linear regression                               Number of obs     = {res}    10,374
                                                {txt}F(1, 272)         =  {res}     0.04
                                                {txt}Prob > F          = {res}    0.8409
                                                {txt}R-squared         = {res}    0.0000
                                                {txt}Root MSE          =    {res} .49916

{txt}{ralign 78:(Std. err. adjusted for {res:273} clusters in {res:s})}
{hline 13}{c TT}{hline 11}{hline 11}{hline 9}{hline 8}{hline 13}{hline 12}
{col 14}{c |}{col 26}    Robust
{col 1}       tmock{col 14}{c |} Coefficient{col 26}  std. err.{col 38}      t{col 46}   P>|t|{col 54}     [95% con{col 67}f. interval]
{hline 13}{c +}{hline 11}{hline 11}{hline 9}{hline 8}{hline 13}{hline 12}
{space 9}inc {c |}{col 14}{res}{space 2}-.0060467{col 26}{space 2} .0300917{col 37}{space 1}   -0.20{col 46}{space 3}0.841{col 54}{space 4}-.0652889{col 67}{space 3} .0531954
{txt}{space 7}_cons {c |}{col 14}{res}{space 2} .4732699{col 26}{space 2}  .020346{col 37}{space 1}   23.26{col 46}{space 3}0.000{col 54}{space 4} .4332141{col 67}{space 3} .5133256
{txt}{hline 13}{c BT}{hline 11}{hline 11}{hline 9}{hline 8}{hline 13}{hline 12}
{res}{txt}
{com}. 
. //#### PASO 5: Exportar resultados a archivo .tex
. esttab year0 year1 year2 year3 using "$basedir\panel_b_short.tex", ///
>     keep(inc) ///
>     se star(* 0.10 ** 0.05 *** 0.01) ///
>     label b(3) se(3) ///
>     compress nomtitle nonotes ///
>     title("Panel B. Dependent variable: take government exam (no controls)") ///
>     replace
{res}{txt}{p 0 4 2}
(file {bf}
C:\Users\danif\Colmex maestria\TERCER SEMESTRE\MICROECONOMETRIA EPS\TAREAS\TAREA 2\panel_b_short.tex{rm}
not found)
{p_end}
(output written to {browse  `"C:\Users\danif\Colmex maestria\TERCER SEMESTRE\MICROECONOMETRIA EPS\TAREAS\TAREA 2\panel_b_short.tex"'})

{com}. 
.         
. //### PANEL C (CORTO): Participación en examen de ONG — sin controles
. /******************************************************************************************
> * PANEL C (corto) - tics como variable dependiente
> * Sin controles (solo variable de tratamiento inc)
> * Filtro: table2 == "B C E"
> * Restricción para year == 0: limitar a grados 4 a 8
> ******************************************************************************************/
. 
. //#### PASO 1: Cargar base
. use "$basedir\Glewwe_Ilias_Kremer_2010.dta", clear
{txt}
{com}. 
. //#### PASO 2: Filtrar muestra según instrucciones
. keep if table2 == "B C E"
{txt}(411,085 observations deleted)

{com}. 
. //#### PASO 3: Limitar grados 4–8 solo en año 0
. gen keep_obs = 1
{txt}
{com}. replace keep_obs = 0 if year == 0 & (std < 4 | std > 8)
{txt}(9,542 real changes made)

{com}. keep if keep_obs == 1
{txt}(9,542 observations deleted)

{com}. 
. //#### PASO 4: Estimar regresiones por año (solo variable inc)
. eststo clear
{txt}
{com}. 
. foreach y in 0 1 2 3 {c -(}
{txt}  2{com}.     eststo year`y': reg tics inc if year == `y', cluster(s)
{txt}  3{com}. {c )-}

{txt}Linear regression                               Number of obs     = {res}    15,718
                                                {txt}F(1, 99)          =  {res}     0.77
                                                {txt}Prob > F          = {res}    0.3823
                                                {txt}R-squared         = {res}    0.0002
                                                {txt}Root MSE          =    {res} .37617

{txt}{ralign 78:(Std. err. adjusted for {res:100} clusters in {res:s})}
{hline 13}{c TT}{hline 11}{hline 11}{hline 9}{hline 8}{hline 13}{hline 12}
{col 14}{c |}{col 26}    Robust
{col 1}        tics{col 14}{c |} Coefficient{col 26}  std. err.{col 38}      t{col 46}   P>|t|{col 54}     [95% con{col 67}f. interval]
{hline 13}{c +}{hline 11}{hline 11}{hline 9}{hline 8}{hline 13}{hline 12}
{space 9}inc {c |}{col 14}{res}{space 2} .0117086{col 26}{space 2} .0133417{col 37}{space 1}    0.88{col 46}{space 3}0.382{col 54}{space 4}-.0147642{col 67}{space 3} .0381815
{txt}{space 7}_cons {c |}{col 14}{res}{space 2}   .82378{col 26}{space 2} .0091729{col 37}{space 1}   89.81{col 46}{space 3}0.000{col 54}{space 4}  .805579{col 67}{space 3} .8419809
{txt}{hline 13}{c BT}{hline 11}{hline 11}{hline 9}{hline 8}{hline 13}{hline 12}
{res}
{txt}Linear regression                               Number of obs     = {res}    14,982
                                                {txt}F(1, 99)          =  {res}     1.48
                                                {txt}Prob > F          = {res}    0.2263
                                                {txt}R-squared         = {res}    0.0123
                                                {txt}Root MSE          =    {res} .45939

{txt}{ralign 78:(Std. err. adjusted for {res:100} clusters in {res:s})}
{hline 13}{c TT}{hline 11}{hline 11}{hline 9}{hline 8}{hline 13}{hline 12}
{col 14}{c |}{col 26}    Robust
{col 1}        tics{col 14}{c |} Coefficient{col 26}  std. err.{col 38}      t{col 46}   P>|t|{col 54}     [95% con{col 67}f. interval]
{hline 13}{c +}{hline 11}{hline 11}{hline 9}{hline 8}{hline 13}{hline 12}
{space 9}inc {c |}{col 14}{res}{space 2} .1025972{col 26}{space 2} .0842678{col 37}{space 1}    1.22{col 46}{space 3}0.226{col 54}{space 4}-.0646084{col 67}{space 3} .2698029
{txt}{space 7}_cons {c |}{col 14}{res}{space 2}  .641958{col 26}{space 2} .0670112{col 37}{space 1}    9.58{col 46}{space 3}0.000{col 54}{space 4} .5089932{col 67}{space 3} .7749229
{txt}{hline 13}{c BT}{hline 11}{hline 11}{hline 9}{hline 8}{hline 13}{hline 12}
{res}
{txt}Linear regression                               Number of obs     = {res}    14,850
                                                {txt}F(1, 289)         =  {res}     0.11
                                                {txt}Prob > F          = {res}    0.7403
                                                {txt}R-squared         = {res}    0.0001
                                                {txt}Root MSE          =    {res} .47842

{txt}{ralign 78:(Std. err. adjusted for {res:290} clusters in {res:s})}
{hline 13}{c TT}{hline 11}{hline 11}{hline 9}{hline 8}{hline 13}{hline 12}
{col 14}{c |}{col 26}    Robust
{col 1}        tics{col 14}{c |} Coefficient{col 26}  std. err.{col 38}      t{col 46}   P>|t|{col 54}     [95% con{col 67}f. interval]
{hline 13}{c +}{hline 11}{hline 11}{hline 9}{hline 8}{hline 13}{hline 12}
{space 9}inc {c |}{col 14}{res}{space 2} .0100679{col 26}{space 2} .0303437{col 37}{space 1}    0.33{col 46}{space 3}0.740{col 54}{space 4}-.0496549{col 67}{space 3} .0697906
{txt}{space 7}_cons {c |}{col 14}{res}{space 2} .6404392{col 26}{space 2} .0245903{col 37}{space 1}   26.04{col 46}{space 3}0.000{col 54}{space 4} .5920403{col 67}{space 3}  .688838
{txt}{hline 13}{c BT}{hline 11}{hline 11}{hline 9}{hline 8}{hline 13}{hline 12}
{res}
{txt}Linear regression                               Number of obs     = {res}     2,578
                                                {txt}F(1, 26)          =  {res}     0.01
                                                {txt}Prob > F          = {res}    0.9190
                                                {txt}R-squared         = {res}    0.0000
                                                {txt}Root MSE          =    {res} .48403

{txt}{ralign 78:(Std. err. adjusted for {res:27} clusters in {res:s})}
{hline 13}{c TT}{hline 11}{hline 11}{hline 9}{hline 8}{hline 13}{hline 12}
{col 14}{c |}{col 26}    Robust
{col 1}        tics{col 14}{c |} Coefficient{col 26}  std. err.{col 38}      t{col 46}   P>|t|{col 54}     [95% con{col 67}f. interval]
{hline 13}{c +}{hline 11}{hline 11}{hline 9}{hline 8}{hline 13}{hline 12}
{space 9}inc {c |}{col 14}{res}{space 2} .0042576{col 26}{space 2} .0414821{col 37}{space 1}    0.10{col 46}{space 3}0.919{col 54}{space 4}-.0810101{col 67}{space 3} .0895253
{txt}{space 7}_cons {c |}{col 14}{res}{space 2} .6240981{col 26}{space 2} .0338063{col 37}{space 1}   18.46{col 46}{space 3}0.000{col 54}{space 4} .5546082{col 67}{space 3}  .693588
{txt}{hline 13}{c BT}{hline 11}{hline 11}{hline 9}{hline 8}{hline 13}{hline 12}
{res}{txt}
{com}. 
. //#### PASO 5: Exportar resultados a archivo .tex
. esttab year0 year1 year2 year3 using "$basedir\panel_c_short.tex", ///
>     keep(inc) ///
>     se star(* 0.10 ** 0.05 *** 0.01) ///
>     label b(3) se(3) ///
>     compress nomtitle nonotes ///
>     title("Panel C. Dependent variable: take NGO exam (no controls)") ///
>     replace
{res}{txt}{p 0 4 2}
(file {bf}
C:\Users\danif\Colmex maestria\TERCER SEMESTRE\MICROECONOMETRIA EPS\TAREAS\TAREA 2\panel_c_short.tex{rm}
not found)
{p_end}
(output written to {browse  `"C:\Users\danif\Colmex maestria\TERCER SEMESTRE\MICROECONOMETRIA EPS\TAREAS\TAREA 2\panel_c_short.tex"'})

{com}.         
.         
. //### PANEL D (CORTO): Abandono escolar — sin controles
. /******************************************************************************************
> * PANEL D (corto) - dropout como variable dependiente
> * Sin controles (solo variable de tratamiento inc)
> * Filtro: table2 == "D"
> * Sin restricciones por grado
> ******************************************************************************************/
. 
. //#### PASO 1: Cargar base
. use "$basedir\Glewwe_Ilias_Kremer_2010.dta", clear
{txt}
{com}. 
. //#### PASO 2: Filtrar muestra para Panel D
. keep if table2 == "D"
{txt}(427,600 observations deleted)

{com}. 
. //#### PASO 3: Estimar regresiones por año (solo variable inc)
. eststo clear
{txt}
{com}. 
. foreach y in 0 1 2 3 {c -(}
{txt}  2{com}.     eststo year`y': reg dropout inc if year == `y', cluster(s)
{txt}  3{com}. {c )-}

{txt}Linear regression                               Number of obs     = {res}    14,093
                                                {txt}F(1, 99)          =  {res}     0.05
                                                {txt}Prob > F          = {res}    0.8279
                                                {txt}R-squared         = {res}    0.0000
                                                {txt}Root MSE          =    {res} .33779

{txt}{ralign 78:(Std. err. adjusted for {res:100} clusters in {res:s})}
{hline 13}{c TT}{hline 11}{hline 11}{hline 9}{hline 8}{hline 13}{hline 12}
{col 14}{c |}{col 26}    Robust
{col 1}     dropout{col 14}{c |} Coefficient{col 26}  std. err.{col 38}      t{col 46}   P>|t|{col 54}     [95% con{col 67}f. interval]
{hline 13}{c +}{hline 11}{hline 11}{hline 9}{hline 8}{hline 13}{hline 12}
{space 9}inc {c |}{col 14}{res}{space 2} .0035745{col 26}{space 2} .0163994{col 37}{space 1}    0.22{col 46}{space 3}0.828{col 54}{space 4}-.0289654{col 67}{space 3} .0361144
{txt}{space 7}_cons {c |}{col 14}{res}{space 2} .1296397{col 26}{space 2} .0107348{col 37}{space 1}   12.08{col 46}{space 3}0.000{col 54}{space 4} .1083395{col 67}{space 3} .1509399
{txt}{hline 13}{c BT}{hline 11}{hline 11}{hline 9}{hline 8}{hline 13}{hline 12}
{res}
{txt}Linear regression                               Number of obs     = {res}    14,014
                                                {txt}F(1, 99)          =  {res}     0.34
                                                {txt}Prob > F          = {res}    0.5587
                                                {txt}R-squared         = {res}    0.0001
                                                {txt}Root MSE          =    {res} .32715

{txt}{ralign 78:(Std. err. adjusted for {res:100} clusters in {res:s})}
{hline 13}{c TT}{hline 11}{hline 11}{hline 9}{hline 8}{hline 13}{hline 12}
{col 14}{c |}{col 26}    Robust
{col 1}     dropout{col 14}{c |} Coefficient{col 26}  std. err.{col 38}      t{col 46}   P>|t|{col 54}     [95% con{col 67}f. interval]
{hline 13}{c +}{hline 11}{hline 11}{hline 9}{hline 8}{hline 13}{hline 12}
{space 9}inc {c |}{col 14}{res}{space 2}-.0068503{col 26}{space 2} .0116745{col 37}{space 1}   -0.59{col 46}{space 3}0.559{col 54}{space 4} -.030015{col 67}{space 3} .0163145
{txt}{space 7}_cons {c |}{col 14}{res}{space 2} .1251185{col 26}{space 2} .0081237{col 37}{space 1}   15.40{col 46}{space 3}0.000{col 54}{space 4} .1089993{col 67}{space 3} .1412377
{txt}{hline 13}{c BT}{hline 11}{hline 11}{hline 9}{hline 8}{hline 13}{hline 12}
{res}
{txt}Linear regression                               Number of obs     = {res}    13,622
                                                {txt}F(1, 98)          =  {res}     0.64
                                                {txt}Prob > F          = {res}    0.4254
                                                {txt}R-squared         = {res}    0.0002
                                                {txt}Root MSE          =    {res} .32864

{txt}{ralign 78:(Std. err. adjusted for {res:99} clusters in {res:s})}
{hline 13}{c TT}{hline 11}{hline 11}{hline 9}{hline 8}{hline 13}{hline 12}
{col 14}{c |}{col 26}    Robust
{col 1}     dropout{col 14}{c |} Coefficient{col 26}  std. err.{col 38}      t{col 46}   P>|t|{col 54}     [95% con{col 67}f. interval]
{hline 13}{c +}{hline 11}{hline 11}{hline 9}{hline 8}{hline 13}{hline 12}
{space 9}inc {c |}{col 14}{res}{space 2}-.0086386{col 26}{space 2} .0107914{col 37}{space 1}   -0.80{col 46}{space 3}0.425{col 54}{space 4}-.0300538{col 67}{space 3} .0127767
{txt}{space 7}_cons {c |}{col 14}{res}{space 2} .1272931{col 26}{space 2}  .008808{col 37}{space 1}   14.45{col 46}{space 3}0.000{col 54}{space 4} .1098138{col 67}{space 3} .1447724
{txt}{hline 13}{c BT}{hline 11}{hline 11}{hline 9}{hline 8}{hline 13}{hline 12}
{res}
{txt}Linear regression                               Number of obs     = {res}    13,571
                                                {txt}F(1, 98)          =  {res}     0.23
                                                {txt}Prob > F          = {res}    0.6313
                                                {txt}R-squared         = {res}    0.0001
                                                {txt}Root MSE          =    {res} .23896

{txt}{ralign 78:(Std. err. adjusted for {res:99} clusters in {res:s})}
{hline 13}{c TT}{hline 11}{hline 11}{hline 9}{hline 8}{hline 13}{hline 12}
{col 14}{c |}{col 26}    Robust
{col 1}     dropout{col 14}{c |} Coefficient{col 26}  std. err.{col 38}      t{col 46}   P>|t|{col 54}     [95% con{col 67}f. interval]
{hline 13}{c +}{hline 11}{hline 11}{hline 9}{hline 8}{hline 13}{hline 12}
{space 9}inc {c |}{col 14}{res}{space 2}  .003468{col 26}{space 2} .0072046{col 37}{space 1}    0.48{col 46}{space 3}0.631{col 54}{space 4}-.0108293{col 67}{space 3} .0177652
{txt}{space 7}_cons {c |}{col 14}{res}{space 2} .0591592{col 26}{space 2} .0048299{col 37}{space 1}   12.25{col 46}{space 3}0.000{col 54}{space 4} .0495744{col 67}{space 3} .0687441
{txt}{hline 13}{c BT}{hline 11}{hline 11}{hline 9}{hline 8}{hline 13}{hline 12}
{res}{txt}
{com}. 
. //#### PASO 4: Exportar resultados a archivo .tex
. esttab year0 year1 year2 year3 using "$basedir\panel_d_short.tex", ///
>     keep(inc) ///
>     se star(* 0.10 ** 0.05 *** 0.01) ///
>     label b(3) se(3) ///
>     compress nomtitle nonotes ///
>     title("Panel D. Dependent variable: dropping out (no controls)") ///
>     replace
{res}{txt}{p 0 4 2}
(file {bf}
C:\Users\danif\Colmex maestria\TERCER SEMESTRE\MICROECONOMETRIA EPS\TAREAS\TAREA 2\panel_d_short.tex{rm}
not found)
{p_end}
(output written to {browse  `"C:\Users\danif\Colmex maestria\TERCER SEMESTRE\MICROECONOMETRIA EPS\TAREAS\TAREA 2\panel_d_short.tex"'})

{com}. 
. 
. //### PANEL E (CORTO): Presentó examen si estaba inscrito — sin controles
. /******************************************************************************************
> * PANEL E (corto) - tmock como variable dependiente
> * Sin controles (solo variable de tratamiento inc)
> * Filtro: table2 == "B C E"
> * Restricción 1: std entre 4 y 8 para todos los años
> * Restricción 2: excluir alumnos que abandonaron en año 1 (sstd98v4) y año 2 (sstd99v3)
> ******************************************************************************************/
. 
. //#### PASO 1: Cargar base
. use "$basedir\Glewwe_Ilias_Kremer_2010.dta", clear
{txt}
{com}. 
. //#### PASO 2: Filtrar muestra según Panel B/C
. keep if table2 == "B C E"
{txt}(411,085 observations deleted)

{com}. 
. //#### PASO 3: Limitar a grados 4–8 para todos los años
. keep if std >= 4 & std <= 8
{txt}(16,234 observations deleted)

{com}. 
. //#### PASO 4: Excluir alumnos que abandonaron en año 1 y 2
. gen keep_enrolled = 1
{txt}
{com}. replace keep_enrolled = 0 if (year == 1 & inlist(sstd98v4, 55, 66, 77))
{txt}(189 real changes made)

{com}. replace keep_enrolled = 0 if (year == 2 & inlist(sstd99v3, 55, 66, 77))
{txt}(0 real changes made)

{com}. keep if keep_enrolled == 1
{txt}(189 observations deleted)

{com}. 
. //#### PASO 5: Estimar regresiones por año (solo variable inc)
. eststo clear
{txt}
{com}. 
. foreach y in 0 1 2 3 {c -(}
{txt}  2{com}.     eststo year`y': reg tmock inc if year == `y', cluster(s)
{txt}  3{com}. {c )-}

{txt}Linear regression                               Number of obs     = {res}    15,224
                                                {txt}F(1, 99)          =  {res}     0.00
                                                {txt}Prob > F          = {res}    0.9831
                                                {txt}R-squared         = {res}    0.0000
                                                {txt}Root MSE          =    {res} .40691

{txt}{ralign 78:(Std. err. adjusted for {res:100} clusters in {res:s})}
{hline 13}{c TT}{hline 11}{hline 11}{hline 9}{hline 8}{hline 13}{hline 12}
{col 14}{c |}{col 26}    Robust
{col 1}       tmock{col 14}{c |} Coefficient{col 26}  std. err.{col 38}      t{col 46}   P>|t|{col 54}     [95% con{col 67}f. interval]
{hline 13}{c +}{hline 11}{hline 11}{hline 9}{hline 8}{hline 13}{hline 12}
{space 9}inc {c |}{col 14}{res}{space 2} .0006019{col 26}{space 2} .0284043{col 37}{space 1}    0.02{col 46}{space 3}0.983{col 54}{space 4}-.0557584{col 67}{space 3} .0569621
{txt}{space 7}_cons {c |}{col 14}{res}{space 2} .7903085{col 26}{space 2} .0195831{col 37}{space 1}   40.36{col 46}{space 3}0.000{col 54}{space 4} .7514513{col 67}{space 3} .8291657
{txt}{hline 13}{c BT}{hline 11}{hline 11}{hline 9}{hline 8}{hline 13}{hline 12}
{res}
{txt}Linear regression                               Number of obs     = {res}    11,000
                                                {txt}F(1, 68)          =  {res}     1.71
                                                {txt}Prob > F          = {res}    0.1953
                                                {txt}R-squared         = {res}    0.0135
                                                {txt}Root MSE          =    {res} .49634

{txt}{ralign 78:(Std. err. adjusted for {res:69} clusters in {res:s})}
{hline 13}{c TT}{hline 11}{hline 11}{hline 9}{hline 8}{hline 13}{hline 12}
{col 14}{c |}{col 26}    Robust
{col 1}       tmock{col 14}{c |} Coefficient{col 26}  std. err.{col 38}      t{col 46}   P>|t|{col 54}     [95% con{col 67}f. interval]
{hline 13}{c +}{hline 11}{hline 11}{hline 9}{hline 8}{hline 13}{hline 12}
{space 9}inc {c |}{col 14}{res}{space 2} .1162733{col 26}{space 2} .0889012{col 37}{space 1}    1.31{col 46}{space 3}0.195{col 54}{space 4}-.0611263{col 67}{space 3} .2936729
{txt}{space 7}_cons {c |}{col 14}{res}{space 2} .4641887{col 26}{space 2} .0686066{col 37}{space 1}    6.77{col 46}{space 3}0.000{col 54}{space 4} .3272863{col 67}{space 3} .6010911
{txt}{hline 13}{c BT}{hline 11}{hline 11}{hline 9}{hline 8}{hline 13}{hline 12}
{res}
{txt}Linear regression                               Number of obs     = {res}    11,566
                                                {txt}F(1, 283)         =  {res}     4.69
                                                {txt}Prob > F          = {res}    0.0311
                                                {txt}R-squared         = {res}    0.0064
                                                {txt}Root MSE          =    {res} .45428

{txt}{ralign 78:(Std. err. adjusted for {res:284} clusters in {res:s})}
{hline 13}{c TT}{hline 11}{hline 11}{hline 9}{hline 8}{hline 13}{hline 12}
{col 14}{c |}{col 26}    Robust
{col 1}       tmock{col 14}{c |} Coefficient{col 26}  std. err.{col 38}      t{col 46}   P>|t|{col 54}     [95% con{col 67}f. interval]
{hline 13}{c +}{hline 11}{hline 11}{hline 9}{hline 8}{hline 13}{hline 12}
{space 9}inc {c |}{col 14}{res}{space 2} .0728251{col 26}{space 2} .0336208{col 37}{space 1}    2.17{col 46}{space 3}0.031{col 54}{space 4} .0066465{col 67}{space 3} .1390037
{txt}{space 7}_cons {c |}{col 14}{res}{space 2} .6706727{col 26}{space 2} .0258412{col 37}{space 1}   25.95{col 46}{space 3}0.000{col 54}{space 4} .6198073{col 67}{space 3}  .721538
{txt}{hline 13}{c BT}{hline 11}{hline 11}{hline 9}{hline 8}{hline 13}{hline 12}
{res}
{txt}Linear regression                               Number of obs     = {res}     8,623
                                                {txt}F(1, 268)         =  {res}     0.05
                                                {txt}Prob > F          = {res}    0.8275
                                                {txt}R-squared         = {res}    0.0000
                                                {txt}Root MSE          =    {res} .49573

{txt}{ralign 78:(Std. err. adjusted for {res:269} clusters in {res:s})}
{hline 13}{c TT}{hline 11}{hline 11}{hline 9}{hline 8}{hline 13}{hline 12}
{col 14}{c |}{col 26}    Robust
{col 1}       tmock{col 14}{c |} Coefficient{col 26}  std. err.{col 38}      t{col 46}   P>|t|{col 54}     [95% con{col 67}f. interval]
{hline 13}{c +}{hline 11}{hline 11}{hline 9}{hline 8}{hline 13}{hline 12}
{space 9}inc {c |}{col 14}{res}{space 2}-.0069796{col 26}{space 2} .0320058{col 37}{space 1}   -0.22{col 46}{space 3}0.828{col 54}{space 4}-.0699944{col 67}{space 3} .0560352
{txt}{space 7}_cons {c |}{col 14}{res}{space 2}  .568882{col 26}{space 2} .0207189{col 37}{space 1}   27.46{col 46}{space 3}0.000{col 54}{space 4} .5280895{col 67}{space 3} .6096746
{txt}{hline 13}{c BT}{hline 11}{hline 11}{hline 9}{hline 8}{hline 13}{hline 12}
{res}{txt}
{com}. 
. //#### PASO 6: Exportar resultados a archivo .tex
. esttab year0 year1 year2 year3 using "$basedir\panel_e_short.tex", ///
>     keep(inc) ///
>     se star(* 0.10 ** 0.05 *** 0.01) ///
>     label b(3) se(3) ///
>     compress nomtitle nonotes ///
>     title("Panel E. Dependent variable: take government exam if enrolled (no controls)") ///
>     replace
{res}{txt}{p 0 4 2}
(file {bf}
C:\Users\danif\Colmex maestria\TERCER SEMESTRE\MICROECONOMETRIA EPS\TAREAS\TAREA 2\panel_e_short.tex{rm}
not found)
{p_end}
(output written to {browse  `"C:\Users\danif\Colmex maestria\TERCER SEMESTRE\MICROECONOMETRIA EPS\TAREAS\TAREA 2\panel_e_short.tex"'})

{com}. 
. //##e) Estadísticas descriptivas en línea basal (Año 0)
. 
. // Cargar base una vez
. use "$basedir\Glewwe_Ilias_Kremer_2010.dta", clear
{txt}
{com}. 
. //======================
. //#### PASO 1: Calificaciones (t) — Panel A
. //======================
. preserve
{txt}
{com}. keep if table2 == "A" & year == 0 & !missing(t)
{txt}(429,661 observations deleted)

{com}. gen grupo = cond(inc == 1, "Tratamiento", "Control")
{txt}
{com}. estpost tabstat t, by(grupo) stats(mean sd count) columns(statistics)

{txt}Summary statistics: mean sd count
     for variables: t
  by categories of: grupo

{space 0}{space 0}{ralign 12:grupo}{space 1}{c |}{space 1}{ralign 9:e(mean)}{space 1}{space 1}{ralign 9:e(sd)}{space 1}{space 1}{ralign 9:e(count)}{space 1}
{space 0}{hline 13}{c   +}{hline 11}{hline 11}{hline 11}
{space 0}{space 0}{ralign 12:Control}{space 1}{c |}{space 1}{ralign 9:{res:{sf: 1.54e-08}}}{space 1}{space 1}{ralign 9:{res:{sf: .9993899}}}{space 1}{space 1}{ralign 9:{res:{sf:    33614}}}{space 1}
{space 0}{space 0}{ralign 12:Tratamiento}{space 1}{c |}{space 1}{ralign 9:{res:{sf: .0541674}}}{space 1}{space 1}{ralign 9:{res:{sf: 1.031459}}}{space 1}{space 1}{ralign 9:{res:{sf:    30198}}}{space 1}
{space 0}{hline 13}{c   +}{hline 11}{hline 11}{hline 11}
{space 0}{space 0}{ralign 12:Total}{space 1}{c |}{space 1}{ralign 9:{res:{sf: .0256338}}}{space 1}{space 1}{ralign 9:{res:{sf: 1.015045}}}{space 1}{space 1}{ralign 9:{res:{sf:    63812}}}{space 1}

{com}. eststo row1
{txt}
{com}. estadd local rowname "Calificaciones (t)"

{txt}added macro:
            e(rowname) : "{res:Calificaciones (t)}"

{com}. restore
{txt}
{com}. 
. //======================
. //#### PASO 2: Examen gobierno (tmock) — Panel B/C/E
. //======================
. preserve
{txt}
{com}. keep if table2 == "B C E" & year == 0 & !missing(tmock)
{txt}(473,494 observations deleted)

{com}. gen grupo = cond(inc == 1, "Tratamiento", "Control")
{txt}
{com}. estpost tabstat tmock, by(grupo) stats(mean sd count) columns(statistics)

{txt}Summary statistics: mean sd count
     for variables: tmock
  by categories of: grupo

{space 0}{space 0}{ralign 12:grupo}{space 1}{c |}{space 1}{ralign 9:e(mean)}{space 1}{space 1}{ralign 9:e(sd)}{space 1}{space 1}{ralign 9:e(count)}{space 1}
{space 0}{hline 13}{c   +}{hline 11}{hline 11}{hline 11}
{space 0}{space 0}{ralign 12:Control}{space 1}{c |}{space 1}{ralign 9:{res:{sf: .7953591}}}{space 1}{space 1}{ralign 9:{res:{sf: .4034583}}}{space 1}{space 1}{ralign 9:{res:{sf:    10472}}}{space 1}
{space 0}{space 0}{ralign 12:Tratamiento}{space 1}{c |}{space 1}{ralign 9:{res:{sf: .7986747}}}{space 1}{space 1}{ralign 9:{res:{sf: .4010117}}}{space 1}{space 1}{ralign 9:{res:{sf:     9507}}}{space 1}
{space 0}{hline 13}{c   +}{hline 11}{hline 11}{hline 11}
{space 0}{space 0}{ralign 12:Total}{space 1}{c |}{space 1}{ralign 9:{res:{sf: .7969368}}}{space 1}{space 1}{ralign 9:{res:{sf: .4022893}}}{space 1}{space 1}{ralign 9:{res:{sf:    19979}}}{space 1}

{com}. eststo row2
{txt}
{com}. estadd local rowname "Examen gobierno (tmock)"

{txt}added macro:
            e(rowname) : "{res:Examen gobierno (tmock)}"

{com}. restore
{txt}
{com}. 
. //======================
. //#### PASO 3: Examen ONG (tics) — Panel B/C/E
. //======================
. preserve
{txt}
{com}. keep if table2 == "B C E" & year == 0 & !missing(tics)
{txt}(472,968 observations deleted)

{com}. gen grupo = cond(inc == 1, "Tratamiento", "Control")
{txt}
{com}. estpost tabstat tics, by(grupo) stats(mean sd count) columns(statistics)

{txt}Summary statistics: mean sd count
     for variables: tics
  by categories of: grupo

{space 0}{space 0}{ralign 12:grupo}{space 1}{c |}{space 1}{ralign 9:e(mean)}{space 1}{space 1}{ralign 9:e(sd)}{space 1}{space 1}{ralign 9:e(count)}{space 1}
{space 0}{hline 13}{c   +}{hline 11}{hline 11}{hline 11}
{space 0}{space 0}{ralign 12:Control}{space 1}{c |}{space 1}{ralign 9:{res:{sf: .8119586}}}{space 1}{space 1}{ralign 9:{res:{sf: .3907634}}}{space 1}{space 1}{ralign 9:{res:{sf:    10737}}}{space 1}
{space 0}{space 0}{ralign 12:Tratamiento}{space 1}{c |}{space 1}{ralign 9:{res:{sf: .8292383}}}{space 1}{space 1}{ralign 9:{res:{sf: .3763198}}}{space 1}{space 1}{ralign 9:{res:{sf:     9768}}}{space 1}
{space 0}{hline 13}{c   +}{hline 11}{hline 11}{hline 11}
{space 0}{space 0}{ralign 12:Total}{space 1}{c |}{space 1}{ralign 9:{res:{sf: .8201902}}}{space 1}{space 1}{ralign 9:{res:{sf: .3840383}}}{space 1}{space 1}{ralign 9:{res:{sf:    20505}}}{space 1}

{com}. eststo row3
{txt}
{com}. estadd local rowname "Examen ONG (tics)"

{txt}added macro:
            e(rowname) : "{res:Examen ONG (tics)}"

{com}. restore
{txt}
{com}. 
. //======================
. //#### PASO 4: Abandono escolar (dropout) — Panel D
. //======================
. preserve
{txt}
{com}. keep if table2 == "D" & year == 0 & !missing(dropout)
{txt}(479,380 observations deleted)

{com}. gen grupo = cond(inc == 1, "Tratamiento", "Control")
{txt}
{com}. estpost tabstat dropout, by(grupo) stats(mean sd count) columns(statistics)

{txt}Summary statistics: mean sd count
     for variables: dropout
  by categories of: grupo

{space 0}{space 0}{ralign 12:grupo}{space 1}{c |}{space 1}{ralign 9:e(mean)}{space 1}{space 1}{ralign 9:e(sd)}{space 1}{space 1}{ralign 9:e(count)}{space 1}
{space 0}{hline 13}{c   +}{hline 11}{hline 11}{hline 11}
{space 0}{space 0}{ralign 12:Control}{space 1}{c |}{space 1}{ralign 9:{res:{sf: .1296397}}}{space 1}{space 1}{ralign 9:{res:{sf: .3359293}}}{space 1}{space 1}{ralign 9:{res:{sf:     7382}}}{space 1}
{space 0}{space 0}{ralign 12:Tratamiento}{space 1}{c |}{space 1}{ralign 9:{res:{sf: .1332141}}}{space 1}{space 1}{ralign 9:{res:{sf: .3398313}}}{space 1}{space 1}{ralign 9:{res:{sf:     6711}}}{space 1}
{space 0}{hline 13}{c   +}{hline 11}{hline 11}{hline 11}
{space 0}{space 0}{ralign 12:Total}{space 1}{c |}{space 1}{ralign 9:{res:{sf: .1313418}}}{space 1}{space 1}{ralign 9:{res:{sf: .3377858}}}{space 1}{space 1}{ralign 9:{res:{sf:    14093}}}{space 1}

{com}. eststo row4
{txt}
{com}. estadd local rowname "Abandono escolar (dropout)"

{txt}added macro:
            e(rowname) : "{res:Abandono escolar (dropout)}"

{com}. restore
{txt}
{com}. 
. //======================
. //#### PASO 5: Exportar tabla .tex minimalista
. //======================
. esttab row1 row2 row3 row4 ///
>     using "$basedir\summary_statistics.tex", ///
>     cells("mean(fmt(2)) sd(fmt(2)) count") ///
>     unstack ///
>     label nonumber noobs ///
>     fragment booktabs ///
>     collabels(" " "Media" "SD" "N" "Media" "SD" "N") ///
>     replace
{res}{txt}(output written to {browse  `"C:\Users\danif\Colmex maestria\TERCER SEMESTRE\MICROECONOMETRIA EPS\TAREAS\TAREA 2\summary_statistics.tex"'})

{com}.         
.         
. //## f) PODER ESTADISTICO
. 
. //==============================
. // Poder estadístico — Inciso (f)
. //==============================
. 
. // Cargar base una vez
. use "$basedir\Glewwe_Ilias_Kremer_2010.dta", clear
{txt}
{com}. //==============================
. // Poder estadístico — Inciso (f) con alpha ajustado
. //==============================
. 
. //=======================================================================
. //#### PASO 1: Calcular PE donde:
. 
. *** mu1 = 0 ; mu2 = beta año 2) : sd , n1 y n2 corresponden al inciso e)
. //=======================================================================
. 
. * Panel A: Calificaciones (t)
. sampsi 0 0.224, n1(33614) n2(30198) sd1(1.00) sd2(1.03) alpha(0.05) onesided

{txt}Estimated power for two-sample comparison of means

Test H0: m1 = m2, where m1 is the mean in population 1
                    and m2 is the mean in population 2
Assumptions:

         alpha = {res}  0.0500{txt}  (one-sided)
            m1 = {res}       0
            {txt}m2 = {res}    .224
           {txt}sd1 = {res}       1
           {txt}sd2 = {res}    1.03
{txt}sample size n1 = {res}   33614
            {txt}n2 = {res}   30198
         {txt}n2/n1 = {res}    0.90

{txt}Estimated power:

         power = {res}  1.0000
{txt}
{com}. 
. * Panel B: Examen gobierno (tmock)
. sampsi 0 0.063, n1(10472) n2(9507) sd1(0.40) sd2(0.40) alpha(0.05) onesided

{txt}Estimated power for two-sample comparison of means

Test H0: m1 = m2, where m1 is the mean in population 1
                    and m2 is the mean in population 2
Assumptions:

         alpha = {res}  0.0500{txt}  (one-sided)
            m1 = {res}       0
            {txt}m2 = {res}    .063
           {txt}sd1 = {res}      .4
           {txt}sd2 = {res}      .4
{txt}sample size n1 = {res}   10472
            {txt}n2 = {res}    9507
         {txt}n2/n1 = {res}    0.91

{txt}Estimated power:

         power = {res}  1.0000
{txt}
{com}. 
. * Panel C: Examen ONG (tics)
. sampsi 0 0.010, n1(10737) n2(9768) sd1(0.39) sd2(0.38) alpha(0.05) onesided

{txt}Estimated power for two-sample comparison of means

Test H0: m1 = m2, where m1 is the mean in population 1
                    and m2 is the mean in population 2
Assumptions:

         alpha = {res}  0.0500{txt}  (one-sided)
            m1 = {res}       0
            {txt}m2 = {res}     .01
           {txt}sd1 = {res}     .39
           {txt}sd2 = {res}     .38
{txt}sample size n1 = {res}   10737
            {txt}n2 = {res}    9768
         {txt}n2/n1 = {res}    0.91

{txt}Estimated power:

         power = {res}  0.5846
{txt}
{com}. 
. * Panel D: Abandono escolar (dropout)
. sampsi 0 -0.009, n1(7382) n2(6711) sd1(0.34) sd2(0.34) alpha(0.05) onesided

{txt}Estimated power for two-sample comparison of means

Test H0: m1 = m2, where m1 is the mean in population 1
                    and m2 is the mean in population 2
Assumptions:

         alpha = {res}  0.0500{txt}  (one-sided)
            m1 = {res}       0
            {txt}m2 = {res}   -.009
           {txt}sd1 = {res}     .34
           {txt}sd2 = {res}     .34
{txt}sample size n1 = {res}    7382
            {txt}n2 = {res}    6711
         {txt}n2/n1 = {res}    0.91

{txt}Estimated power:

         power = {res}  0.4699
{txt}
{com}. 
. //=======================================================================
. //#### PASO 2 Exportar Manualmente a .tex los valroes de PE
. //=======================================================================
. 
. //## g)Poder ajustado por clustering — Inciso (g)
. //==============================
. use "$basedir\Glewwe_Ilias_Kremer_2010.dta", clear
{txt}
{com}. 
. //### PASO 1 (solo una vez): instalar comandos necesarios
. net describe sxd4, from(http://www.stata.com/stb/stb60)   // revisa paquete con sampclus

{txt}{.-}
{s6hlp}
package ^sxd4^ from http://www.stata.com/stb/stb60
{smcl}
{.-}
{s6hlp}

{smcl}
{hilite:TITLE}{p 6 8}STB-60 sxd4.  Sample size estimation for cluster designed samples{p_end}
{s6hlp}

^DESCRIPTION/AUTHOR(S)^
      STB insert by Joanne M. Garrett, University of North Carolina
      Support:  joanne_garrett@@med.unc.edu
      After installation, see help ^sampclus^

^INSTALLATION FILES^                                 (type ^net install^ ^sxd4^)
      sxd4/sampclus.ado
      sxd4/sampclus.hlp
{smcl}
{.-}

{com}. net install sxd4                                           // instala sampclus
checking {hilite:sxd4} consistency and verifying not already installed...
all files already exist and are up to date.
{txt}
{com}. ssc install egenmore                                       // utilidades extra para egen
{txt}checking {hilite:egenmore} consistency and verifying not already installed...
all files already exist and are up to date.

{com}. 
. 
. //### PASO 2: calcular intercorrelación intraclase (ICC) con loneway
. // (ya sólo para ver resultados, luego usaremos valores manuales)
. loneway t s if year==0

                      {txt}One-way analysis of variance for t: 

                                             Number of obs = {res}      63,812
                                                 {txt}R-squared = {res}      0.1469

{txt}{col 5}Source{col 27}SS{col 38}df{col 46}MS{col 60}F{col 66}Prob > F
{hline 73}
Between s{res}{col 23} 9660.3313{col 34}    99{col 43} 97.579104{col 54}   110.85{col 68}0.0000
{txt}Within s{res}{col 23} 56085.191{col 34}63,712{col 43} .88029243
{txt}{hline 73}
Total{res}{col 23} 65745.522{col 34}63,811{col 43} 1.0303164

{txt}{col 10}Intraclass{col 27}Asy.{col 39}
{col 10}correlation{col 27}S.E.{col 38}[95% conf. interval]
         {hline 48}
          {res}  0.14728{txt}   {res}  0.02071       0.10670     0.18787

{txt}{col 10}Estimated SD of s effect{res}{col 49}  .389932
{txt}{col 10}Estimated SD within s{res}{col 49}  .938239
{txt}{col 10}Est. reliability of a s mean{res}{col 49}  0.99098{txt}
{col 15}(evaluated at n={res}635.98{txt})

{com}. loneway tmock s if year==0

                    {txt}One-way analysis of variance for tmock: 

                                             Number of obs = {res}      19,979
                                                 {txt}R-squared = {res}      0.0710

{txt}{col 5}Source{col 27}SS{col 38}df{col 46}MS{col 60}F{col 66}Prob > F
{hline 73}
Between s{res}{col 23} 229.44924{col 34}    99{col 43} 2.3176691{col 54}    15.34{col 68}0.0000
{txt}Within s{res}{col 23} 3003.7233{col 34}19,879{col 43} .15110032
{txt}{hline 73}
Total{res}{col 23} 3233.1725{col 34}19,978{col 43} .16183665

{txt}{col 10}Intraclass{col 27}Asy.{col 39}
{col 10}correlation{col 27}S.E.{col 38}[95% conf. interval]
         {hline 48}
          {res}  0.06714{txt}   {res}  0.01065       0.04626     0.08803

{txt}{col 10}Estimated SD of s effect{res}{col 49} .1042869
{txt}{col 10}Estimated SD within s{res}{col 49} .3887162
{txt}{col 10}Est. reliability of a s mean{res}{col 49}  0.93481{txt}
{col 15}(evaluated at n={res}199.21{txt})

{com}. loneway tics s if year==0

                    {txt}One-way analysis of variance for tics: 

                                             Number of obs = {res}      20,505
                                                 {txt}R-squared = {res}      0.0245

{txt}{col 5}Source{col 27}SS{col 38}df{col 46}MS{col 60}F{col 66}Prob > F
{hline 73}
Between s{res}{col 23} 74.222829{col 34}    99{col 43} .74972555{col 54}     5.19{col 68}0.0000
{txt}Within s{res}{col 23} 2949.8184{col 34}20,405{col 43} .14456351
{txt}{hline 73}
Total{res}{col 23} 3024.0413{col 34}20,504{col 43} .14748543

{txt}{col 10}Intraclass{col 27}Asy.{col 39}
{col 10}correlation{col 27}S.E.{col 38}[95% conf. interval]
         {hline 48}
          {res}  0.02007{txt}   {res}  0.00379       0.01265     0.02748

{txt}{col 10}Estimated SD of s effect{res}{col 49} .0544075
{txt}{col 10}Estimated SD within s{res}{col 49} .3802151
{txt}{col 10}Est. reliability of a s mean{res}{col 49}  0.80718{txt}
{col 15}(evaluated at n={res}204.43{txt})

{com}. loneway dropout s if year==0

                   {txt}One-way analysis of variance for dropout: 

                                             Number of obs = {res}      14,093
                                                 {txt}R-squared = {res}      0.0437

{txt}{col 5}Source{col 27}SS{col 38}df{col 46}MS{col 60}F{col 66}Prob > F
{hline 73}
Between s{res}{col 23} 70.331769{col 34}    99{col 43} .71042191{col 54}     6.47{col 68}0.0000
{txt}Within s{res}{col 23} 1537.5546{col 34}13,993{col 43} .10988027
{txt}{hline 73}
Total{res}{col 23} 1607.8863{col 34}14,092{col 43} .11409923

{txt}{col 10}Intraclass{col 27}Asy.{col 39}
{col 10}correlation{col 27}S.E.{col 38}[95% conf. interval]
         {hline 48}
          {res}  0.03745{txt}   {res}  0.00671       0.02429     0.05060

{txt}{col 10}Estimated SD of s effect{res}{col 49} .0653821
{txt}{col 10}Estimated SD within s{res}{col 49} .3314819
{txt}{col 10}Est. reliability of a s mean{res}{col 49}  0.84533{txt}
{col 15}(evaluated at n={res}140.48{txt})

{com}. 
. 
. //### PASO 3: guardar manualmente los ICC de cada outcome
. local rho_t   = 0.147   // ICC para t
{txt}
{com}. local rho_g   = 0.067   // ICC para tmock
{txt}
{com}. local rho_o   = 0.020   // ICC para tics
{txt}
{com}. local rho_d   = 0.037   // ICC para dropout
{txt}
{com}. 
. 
. //### PASO 4: calcular número de escuelas y promedio de alumnos por escuela
. tab s if year==0                                           // cuenta número de escuelas

          {txt}s {c |}      Freq.     Percent        Cum.
{hline 12}{c +}{hline 35}
        100 {c |}{res}      1,307        1.07        1.07
{txt}        101 {c |}{res}      1,394        1.14        2.21
{txt}        102 {c |}{res}        803        0.66        2.87
{txt}        103 {c |}{res}        792        0.65        3.52
{txt}        104 {c |}{res}        493        0.40        3.92
{txt}        105 {c |}{res}      1,033        0.85        4.77
{txt}        106 {c |}{res}      1,641        1.34        6.11
{txt}        107 {c |}{res}      1,452        1.19        7.30
{txt}        108 {c |}{res}      1,148        0.94        8.24
{txt}        109 {c |}{res}      1,987        1.63        9.87
{txt}        110 {c |}{res}        626        0.51       10.38
{txt}        111 {c |}{res}        839        0.69       11.07
{txt}        112 {c |}{res}      1,119        0.92       11.98
{txt}        113 {c |}{res}        772        0.63       12.62
{txt}        114 {c |}{res}      3,810        3.12       15.74
{txt}        115 {c |}{res}      1,880        1.54       17.28
{txt}        116 {c |}{res}      1,276        1.05       18.32
{txt}        117 {c |}{res}        701        0.57       18.90
{txt}        118 {c |}{res}      2,180        1.79       20.68
{txt}        119 {c |}{res}      2,089        1.71       22.39
{txt}        120 {c |}{res}        840        0.69       23.08
{txt}        121 {c |}{res}      1,524        1.25       24.33
{txt}        122 {c |}{res}      1,281        1.05       25.38
{txt}        123 {c |}{res}      2,625        2.15       27.53
{txt}        124 {c |}{res}        768        0.63       28.16
{txt}        125 {c |}{res}      1,024        0.84       28.99
{txt}        126 {c |}{res}      1,829        1.50       30.49
{txt}        127 {c |}{res}        964        0.79       31.28
{txt}        128 {c |}{res}      1,027        0.84       32.12
{txt}        129 {c |}{res}      2,060        1.69       33.81
{txt}        130 {c |}{res}      1,241        1.02       34.83
{txt}        131 {c |}{res}        851        0.70       35.52
{txt}        132 {c |}{res}      1,121        0.92       36.44
{txt}        133 {c |}{res}        687        0.56       37.00
{txt}        134 {c |}{res}      1,007        0.82       37.83
{txt}        135 {c |}{res}      1,187        0.97       38.80
{txt}        136 {c |}{res}        525        0.43       39.23
{txt}        137 {c |}{res}      1,499        1.23       40.46
{txt}        138 {c |}{res}        872        0.71       41.17
{txt}        139 {c |}{res}        647        0.53       41.70
{txt}        140 {c |}{res}      1,397        1.14       42.85
{txt}        141 {c |}{res}      1,201        0.98       43.83
{txt}        142 {c |}{res}        765        0.63       44.46
{txt}        143 {c |}{res}        914        0.75       45.21
{txt}        144 {c |}{res}        549        0.45       45.65
{txt}        145 {c |}{res}      1,159        0.95       46.60
{txt}        146 {c |}{res}      1,517        1.24       47.85
{txt}        147 {c |}{res}        930        0.76       48.61
{txt}        148 {c |}{res}        982        0.80       49.41
{txt}        149 {c |}{res}        628        0.51       49.93
{txt}        150 {c |}{res}      1,019        0.83       50.76
{txt}        151 {c |}{res}        539        0.44       51.20
{txt}        152 {c |}{res}        544        0.45       51.65
{txt}        153 {c |}{res}        882        0.72       52.37
{txt}        154 {c |}{res}        332        0.27       52.64
{txt}        155 {c |}{res}        876        0.72       53.36
{txt}        156 {c |}{res}        688        0.56       53.92
{txt}        157 {c |}{res}        459        0.38       54.30
{txt}        158 {c |}{res}        465        0.38       54.68
{txt}        159 {c |}{res}      2,116        1.73       56.41
{txt}        160 {c |}{res}      1,010        0.83       57.24
{txt}        161 {c |}{res}        746        0.61       57.85
{txt}        162 {c |}{res}      2,802        2.29       60.15
{txt}        163 {c |}{res}        978        0.80       60.95
{txt}        164 {c |}{res}      1,524        1.25       62.19
{txt}        165 {c |}{res}        719        0.59       62.78
{txt}        166 {c |}{res}      1,356        1.11       63.89
{txt}        167 {c |}{res}      2,061        1.69       65.58
{txt}        168 {c |}{res}        657        0.54       66.12
{txt}        169 {c |}{res}      1,173        0.96       67.08
{txt}        170 {c |}{res}      2,014        1.65       68.73
{txt}        171 {c |}{res}        283        0.23       68.96
{txt}        172 {c |}{res}        979        0.80       69.76
{txt}        173 {c |}{res}      3,175        2.60       72.36
{txt}        174 {c |}{res}        953        0.78       73.14
{txt}        175 {c |}{res}      1,336        1.09       74.24
{txt}        176 {c |}{res}      1,601        1.31       75.55
{txt}        177 {c |}{res}        710        0.58       76.13
{txt}        178 {c |}{res}        962        0.79       76.92
{txt}        179 {c |}{res}        619        0.51       77.43
{txt}        180 {c |}{res}        746        0.61       78.04
{txt}        181 {c |}{res}        700        0.57       78.61
{txt}        182 {c |}{res}      3,651        2.99       81.60
{txt}        183 {c |}{res}      1,194        0.98       82.58
{txt}        184 {c |}{res}      1,199        0.98       83.56
{txt}        185 {c |}{res}      2,379        1.95       85.51
{txt}        186 {c |}{res}      1,876        1.54       87.04
{txt}        187 {c |}{res}        468        0.38       87.43
{txt}        188 {c |}{res}      2,006        1.64       89.07
{txt}        189 {c |}{res}      1,389        1.14       90.21
{txt}        190 {c |}{res}        838        0.69       90.89
{txt}        191 {c |}{res}      1,185        0.97       91.87
{txt}        192 {c |}{res}      1,022        0.84       92.70
{txt}        193 {c |}{res}        765        0.63       93.33
{txt}        194 {c |}{res}      1,885        1.54       94.87
{txt}        195 {c |}{res}        486        0.40       95.27
{txt}        196 {c |}{res}      2,719        2.23       97.50
{txt}        197 {c |}{res}      1,039        0.85       98.35
{txt}        198 {c |}{res}      1,115        0.91       99.26
{txt}        199 {c |}{res}        902        0.74      100.00
{txt}{hline 12}{c +}{hline 35}
      Total {c |}{res}    122,105      100.00
{txt}
{com}. local num_escuelas = r(r)
{txt}
{com}. 
. preserve
{txt}
{com}. keep if year==0
{txt}(371,368 observations deleted)

{com}. duplicates drop pupid s, force                             // quitar duplicados alumno-escuela

{p 0 4}{txt}Duplicates in terms of {res} pupid s{p_end}

{txt}(95,911 observations deleted)

{com}. bysort s: gen alumnos_por_escuela = _N                     // contar alumnos en cada escuela
{txt}
{com}. bysort s (alumnos_por_escuela): keep if _n==1              // 1 fila por escuela
{txt}(26,094 observations deleted)

{com}. summarize alumnos_por_escuela

{txt}    Variable {c |}        Obs        Mean    Std. dev.       Min        Max
{hline 13}{c +}{hline 57}
alumnos_po~a {c |}{res}        100      261.94    138.0707         86        775
{txt}
{com}. local obsclus = r(mean)                                    // promedio alumnos por escuela
{txt}
{com}. restore
{txt}
{com}. 
. // redondear obsclus para usar en sampclus (no acepta decimales)
. local obsclus_int = round(`obsclus')
{txt}
{com}. 
. display "Número de escuelas: `num_escuelas'"
{res}Número de escuelas: 100
{txt}
{com}. display "Promedio alumnos/escuela: `obsclus' (redondeado a `obsclus_int')"
{res}Promedio alumnos/escuela: 261.94 (redondeado a 262)
{txt}
{com}. 
. 
. //=========================================================
. //#### Outcome: t  (Año 2)
. //=========================================================
. sampsi 0 0.224, sd(1) alpha(0.006) power(0.8) onesided   // cálculo sin cluster

{txt}Estimated sample size for two-sample comparison of means

Test H0: m1 = m2, where m1 is the mean in population 1
                    and m2 is the mean in population 2
Assumptions:

         alpha = {res}  0.0060{txt}  (one-sided)
         power = {res}  0.8000
            {txt}m1 = {res}       0
            {txt}m2 = {res}    .224
           {txt}sd1 = {res}       1
           {txt}sd2 = {res}       1
         {txt}n2/n1 = {res}    1.00

{txt}Estimated required sample sizes:

            n1 = {res}     449
            {txt}n2 = {res}     449
{txt}
{com}. sampclus, obsclus(`obsclus_int') rho(`rho_t')                   // ajuste por clustering

{txt}Sample Size Adjusted for Cluster Design

   n1 (uncorrected) = {res}449
{txt}   n2 (uncorrected) = {res}449

{txt}   Intraclass correlation     = {res}.147

{txt}   Average obs. per cluster   = {res}262
{txt}   Minimum number of clusters = {res}135


{txt}   Estimated sample size per group:

      n1 (corrected) = {res}17676
{txt}      n2 (corrected) = {res}17676
{txt}
{com}. 
. 
. //=========================================================
. //#### Outcome: tmock
. //=========================================================
. sampsi 0 0.063, sd(0.40) alpha(0.05) power(0.8) onesided

{txt}Estimated sample size for two-sample comparison of means

Test H0: m1 = m2, where m1 is the mean in population 1
                    and m2 is the mean in population 2
Assumptions:

         alpha = {res}  0.0500{txt}  (one-sided)
         power = {res}  0.8000
            {txt}m1 = {res}       0
            {txt}m2 = {res}    .063
           {txt}sd1 = {res}      .4
           {txt}sd2 = {res}      .4
         {txt}n2/n1 = {res}    1.00

{txt}Estimated required sample sizes:

            n1 = {res}     499
            {txt}n2 = {res}     499
{txt}
{com}. sampclus, obsclus(`obsclus_int') rho(`rho_g')

{txt}Sample Size Adjusted for Cluster Design

   n1 (uncorrected) = {res}499
{txt}   n2 (uncorrected) = {res}499

{txt}   Intraclass correlation     = {res}.067

{txt}   Average obs. per cluster   = {res}262
{txt}   Minimum number of clusters = {res}71


{txt}   Estimated sample size per group:

      n1 (corrected) = {res}9226
{txt}      n2 (corrected) = {res}9226
{txt}
{com}. 
. 
. //=========================================================
. //#### Outcome: tics
. //=========================================================
. sampsi 0 0.010, sd(0.39) alpha(0.05) power(0.8) onesided

{txt}Estimated sample size for two-sample comparison of means

Test H0: m1 = m2, where m1 is the mean in population 1
                    and m2 is the mean in population 2
Assumptions:

         alpha = {res}  0.0500{txt}  (one-sided)
         power = {res}  0.8000
            {txt}m1 = {res}       0
            {txt}m2 = {res}     .01
           {txt}sd1 = {res}     .39
           {txt}sd2 = {res}     .39
         {txt}n2/n1 = {res}    1.00

{txt}Estimated required sample sizes:

            n1 = {res}   18808
            {txt}n2 = {res}   18808
{txt}
{com}. sampclus, obsclus(`obsclus_int') rho(`rho_o')

{txt}Sample Size Adjusted for Cluster Design

   n1 (uncorrected) = {res}18808
{txt}   n2 (uncorrected) = {res}18808

{txt}   Intraclass correlation     = {res}.02

{txt}   Average obs. per cluster   = {res}262
{txt}   Minimum number of clusters = {res}894


{txt}   Estimated sample size per group:

      n1 (corrected) = {res}116986
{txt}      n2 (corrected) = {res}116986
{txt}
{com}. 
. 
. //=========================================================
. //#### Outcome: dropout
. //=========================================================
. sampsi 0 -0.008, sd(0.34) alpha(0.031) power(0.8) onesided

{txt}Estimated sample size for two-sample comparison of means

Test H0: m1 = m2, where m1 is the mean in population 1
                    and m2 is the mean in population 2
Assumptions:

         alpha = {res}  0.0310{txt}  (one-sided)
         power = {res}  0.8000
            {txt}m1 = {res}       0
            {txt}m2 = {res}   -.008
           {txt}sd1 = {res}     .34
           {txt}sd2 = {res}     .34
         {txt}n2/n1 = {res}    1.00

{txt}Estimated required sample sizes:

            n1 = {res}   26490
            {txt}n2 = {res}   26490
{txt}
{com}. sampclus, obsclus(`obsclus_int') rho(`rho_d')

{txt}Sample Size Adjusted for Cluster Design

   n1 (uncorrected) = {res}26490
{txt}   n2 (uncorrected) = {res}26490

{txt}   Intraclass correlation     = {res}.037

{txt}   Average obs. per cluster   = {res}262
{txt}   Minimum number of clusters = {res}2155


{txt}   Estimated sample size per group:

      n1 (corrected) = {res}282304
{txt}      n2 (corrected) = {res}282304
{txt}
{com}. 
. 
. 
. 
. 
. 
. 
. 
. 
. 
. 
{txt}end of do-file

{com}. log close
      {txt}name:  {res}<unnamed>
       {txt}log:  {res}C:\Users\danif\Colmex maestria\TERCER SEMESTRE\MICROECONOMETRIA EPS\TAREAS\TAREA 2\Tarea2_FuentesGarcia.smcl
  {txt}log type:  {res}smcl
 {txt}closed on:  {res}11 Sep 2025, 16:59:58
{txt}{.-}
{smcl}
{txt}{sf}{ul off}